Archive member included to satisfy reference by file (symbol)

C:/ST/STM32CubeIDE_1.18.0/STM32CubeIDE/plugins/com.st.stm32cube.ide.mcu.externaltools.gnu-tools-for-stm32.13.3.rel1.win32_1.0.0.202411081344/tools/bin/../lib/gcc/arm-none-eabi/13.3.1/../../../../arm-none-eabi/lib/thumb/v7-m/nofp\libc_nano.a(libc_a-exit.o)
                              C:/ST/STM32CubeIDE_1.18.0/STM32CubeIDE/plugins/com.st.stm32cube.ide.mcu.externaltools.gnu-tools-for-stm32.13.3.rel1.win32_1.0.0.202411081344/tools/bin/../lib/gcc/arm-none-eabi/13.3.1/../../../../arm-none-eabi/lib/thumb/v7-m/nofp/crt0.o (exit)
C:/ST/STM32CubeIDE_1.18.0/STM32CubeIDE/plugins/com.st.stm32cube.ide.mcu.externaltools.gnu-tools-for-stm32.13.3.rel1.win32_1.0.0.202411081344/tools/bin/../lib/gcc/arm-none-eabi/13.3.1/../../../../arm-none-eabi/lib/thumb/v7-m/nofp\libc_nano.a(libc_a-findfp.o)
                              C:/ST/STM32CubeIDE_1.18.0/STM32CubeIDE/plugins/com.st.stm32cube.ide.mcu.externaltools.gnu-tools-for-stm32.13.3.rel1.win32_1.0.0.202411081344/tools/bin/../lib/gcc/arm-none-eabi/13.3.1/../../../../arm-none-eabi/lib/thumb/v7-m/nofp\libc_nano.a(libc_a-exit.o) (__stdio_exit_handler)
C:/ST/STM32CubeIDE_1.18.0/STM32CubeIDE/plugins/com.st.stm32cube.ide.mcu.externaltools.gnu-tools-for-stm32.13.3.rel1.win32_1.0.0.202411081344/tools/bin/../lib/gcc/arm-none-eabi/13.3.1/../../../../arm-none-eabi/lib/thumb/v7-m/nofp\libc_nano.a(libc_a-fwalk.o)
                              C:/ST/STM32CubeIDE_1.18.0/STM32CubeIDE/plugins/com.st.stm32cube.ide.mcu.externaltools.gnu-tools-for-stm32.13.3.rel1.win32_1.0.0.202411081344/tools/bin/../lib/gcc/arm-none-eabi/13.3.1/../../../../arm-none-eabi/lib/thumb/v7-m/nofp\libc_nano.a(libc_a-findfp.o) (_fwalk_sglue)
C:/ST/STM32CubeIDE_1.18.0/STM32CubeIDE/plugins/com.st.stm32cube.ide.mcu.externaltools.gnu-tools-for-stm32.13.3.rel1.win32_1.0.0.202411081344/tools/bin/../lib/gcc/arm-none-eabi/13.3.1/../../../../arm-none-eabi/lib/thumb/v7-m/nofp\libc_nano.a(libc_a-snprintf.o)
                              ./Core/Src/command.o (snprintf)
C:/ST/STM32CubeIDE_1.18.0/STM32CubeIDE/plugins/com.st.stm32cube.ide.mcu.externaltools.gnu-tools-for-stm32.13.3.rel1.win32_1.0.0.202411081344/tools/bin/../lib/gcc/arm-none-eabi/13.3.1/../../../../arm-none-eabi/lib/thumb/v7-m/nofp\libc_nano.a(libc_a-sprintf.o)
                              ./Core/Src/command.o (sprintf)
C:/ST/STM32CubeIDE_1.18.0/STM32CubeIDE/plugins/com.st.stm32cube.ide.mcu.externaltools.gnu-tools-for-stm32.13.3.rel1.win32_1.0.0.202411081344/tools/bin/../lib/gcc/arm-none-eabi/13.3.1/../../../../arm-none-eabi/lib/thumb/v7-m/nofp\libc_nano.a(libc_a-stdio.o)
                              C:/ST/STM32CubeIDE_1.18.0/STM32CubeIDE/plugins/com.st.stm32cube.ide.mcu.externaltools.gnu-tools-for-stm32.13.3.rel1.win32_1.0.0.202411081344/tools/bin/../lib/gcc/arm-none-eabi/13.3.1/../../../../arm-none-eabi/lib/thumb/v7-m/nofp\libc_nano.a(libc_a-findfp.o) (__sread)
C:/ST/STM32CubeIDE_1.18.0/STM32CubeIDE/plugins/com.st.stm32cube.ide.mcu.externaltools.gnu-tools-for-stm32.13.3.rel1.win32_1.0.0.202411081344/tools/bin/../lib/gcc/arm-none-eabi/13.3.1/../../../../arm-none-eabi/lib/thumb/v7-m/nofp\libc_nano.a(libc_a-memset.o)
                              C:/ST/STM32CubeIDE_1.18.0/STM32CubeIDE/plugins/com.st.stm32cube.ide.mcu.externaltools.gnu-tools-for-stm32.13.3.rel1.win32_1.0.0.202411081344/tools/bin/../lib/gcc/arm-none-eabi/13.3.1/../../../../arm-none-eabi/lib/thumb/v7-m/nofp/crt0.o (memset)
C:/ST/STM32CubeIDE_1.18.0/STM32CubeIDE/plugins/com.st.stm32cube.ide.mcu.externaltools.gnu-tools-for-stm32.13.3.rel1.win32_1.0.0.202411081344/tools/bin/../lib/gcc/arm-none-eabi/13.3.1/../../../../arm-none-eabi/lib/thumb/v7-m/nofp\libc_nano.a(libc_a-closer.o)
                              C:/ST/STM32CubeIDE_1.18.0/STM32CubeIDE/plugins/com.st.stm32cube.ide.mcu.externaltools.gnu-tools-for-stm32.13.3.rel1.win32_1.0.0.202411081344/tools/bin/../lib/gcc/arm-none-eabi/13.3.1/../../../../arm-none-eabi/lib/thumb/v7-m/nofp\libc_nano.a(libc_a-stdio.o) (_close_r)
C:/ST/STM32CubeIDE_1.18.0/STM32CubeIDE/plugins/com.st.stm32cube.ide.mcu.externaltools.gnu-tools-for-stm32.13.3.rel1.win32_1.0.0.202411081344/tools/bin/../lib/gcc/arm-none-eabi/13.3.1/../../../../arm-none-eabi/lib/thumb/v7-m/nofp\libc_nano.a(libc_a-reent.o)
                              C:/ST/STM32CubeIDE_1.18.0/STM32CubeIDE/plugins/com.st.stm32cube.ide.mcu.externaltools.gnu-tools-for-stm32.13.3.rel1.win32_1.0.0.202411081344/tools/bin/../lib/gcc/arm-none-eabi/13.3.1/../../../../arm-none-eabi/lib/thumb/v7-m/nofp\libc_nano.a(libc_a-closer.o) (errno)
C:/ST/STM32CubeIDE_1.18.0/STM32CubeIDE/plugins/com.st.stm32cube.ide.mcu.externaltools.gnu-tools-for-stm32.13.3.rel1.win32_1.0.0.202411081344/tools/bin/../lib/gcc/arm-none-eabi/13.3.1/../../../../arm-none-eabi/lib/thumb/v7-m/nofp\libc_nano.a(libc_a-impure.o)
[...]
Memory Configuration

Name             Origin             Length             Attributes
RAM              0x20000000         0x00020000         xrw
FLASH            0x08000000         0x00100000         xr
*default*        0x00000000         0xffffffff

Linker script and memory map

LOAD C:/ST/STM32CubeIDE_1.18.0/STM32CubeIDE/plugins/com.st.stm32cube.ide.mcu.externaltools.gnu-tools-for-stm32.13.3.rel1.win32_1.0.0.202411081344/tools/bin/../lib/gcc/arm-none-eabi/13.3.1/thumb/v7-m/nofp/crti.o
LOAD C:/ST/STM32CubeIDE_1.18.0/STM32CubeIDE/plugins/com.st.stm32cube.ide.mcu.externaltools.gnu-tools-for-stm32.13.3.rel1.win32_1.0.0.202411081344/tools/bin/../lib/gcc/arm-none-eabi/13.3.1/thumb/v7-m/nofp/crtbegin.o
LOAD C:/ST/STM32CubeIDE_1.18.0/STM32CubeIDE/plugins/com.st.stm32cube.ide.mcu.externaltools.gnu-tools-for-stm32.13.3.rel1.win32_1.0.0.202411081344/tools/bin/../lib/gcc/arm-none-eabi/13.3.1/../../../../arm-none-eabi/lib/thumb/v7-m/nofp/crt0.o
LOAD ./Core/Src/command.o
LOAD ./Core/Src/dcmi.o
LOAD ./Core/Src/fsmc.o
LOAD ./Core/Src/gpio.o
LOAD ./Core/Src/i2c.o
LOAD ./Core/Src/ls_comms.o
LOAD ./Core/Src/main.o
LOAD ./Core/Src/photo.o
LOAD ./Core/Src/spi.o
LOAD ./Core/Src/stm32f2xx_hal_msp.o
LOAD ./Core/Src/stm32f2xx_it.o
LOAD ./Core/Src/syscalls.o
LOAD ./Core/Src/sysmem.o
LOAD ./Core/Src/system_stm32f2xx.o
LOAD ./Core/Src/tim.o
LOAD ./Core/Src/usart.o
LOAD ./Core/Startup/startup_stm32f217zgtx.o
LOAD ./Drivers/STM32F2xx_HAL_Driver/stm32f2xx_hal.o
LOAD ./Drivers/STM32F2xx_HAL_Driver/stm32f2xx_hal_cortex.o
LOAD ./Drivers/STM32F2xx_HAL_Driver/stm32f2xx_hal_dcmi.o
LOAD ./Drivers/STM32F2xx_HAL_Driver/stm32f2xx_hal_dma.o
LOAD ./Drivers/STM32F2xx_HAL_Driver/stm32f2xx_hal_dma_ex.o
LOAD ./Drivers/STM32F2xx_HAL_Driver/stm32f2xx_hal_exti.o
LOAD ./Drivers/STM32F2xx_HAL_Driver/stm32f2xx_hal_flash.o
LOAD ./Drivers/STM32F2xx_HAL_Driver/stm32f2xx_hal_flash_ex.o
LOAD ./Drivers/STM32F2xx_HAL_Driver/stm32f2xx_hal_gpio.o
LOAD ./Drivers/STM32F2xx_HAL_Driver/stm32f2xx_hal_i2c.o
LOAD ./Drivers/STM32F2xx_HAL_Driver/stm32f2xx_hal_nand.o
LOAD ./Drivers/STM32F2xx_HAL_Driver/stm32f2xx_hal_nor.o
LOAD ./Drivers/STM32F2xx_HAL_Driver/stm32f2xx_hal_pccard.o
LOAD ./Drivers/STM32F2xx_HAL_Driver/stm32f2xx_hal_pwr.o
LOAD ./Drivers/STM32F2xx_HAL_Driver/stm32f2xx_hal_pwr_ex.o
LOAD ./Drivers/STM32F2xx_HAL_Driver/stm32f2xx_hal_rcc.o
LOAD ./Drivers/STM32F2xx_HAL_Driver/stm32f2xx_hal_rcc_ex.o
LOAD ./Drivers/STM32F2xx_HAL_Driver/stm32f2xx_hal_spi.o
LOAD ./Drivers/STM32F2xx_HAL_Driver/stm32f2xx_hal_sram.o
LOAD ./Drivers/STM32F2xx_HAL_Driver/stm32f2xx_hal_tim.o
LOAD ./Drivers/STM32F2xx_HAL_Driver/stm32f2xx_hal_tim_ex.o
LOAD ./Drivers/STM32F2xx_HAL_Driver/stm32f2xx_hal_uart.o
LOAD ./Drivers/STM32F2xx_HAL_Driver/stm32f2xx_ll_fsmc.o
START GROUP
LOAD C:/ST/STM32CubeIDE_1.18.0/STM32CubeIDE/plugins/com.st.stm32cube.ide.mcu.externaltools.gnu-tools-for-stm32.13.3.rel1.win32_1.0.0.202411081344/tools/bin/../lib/gcc/arm-none-eabi/13.3.1/../../../../arm-none-eabi/lib/thumb/v7-m/nofp\libc_nano.a
LOAD C:/ST/STM32CubeIDE_1.18.0/STM32CubeIDE/plugins/com.st.stm32cube.ide.mcu.externaltools.gnu-tools-for-stm32.13.3.rel1.win32_1.0.0.202411081344/tools/bin/../lib/gcc/arm-none-eabi/13.3.1/../../../../arm-none-eabi/lib/thumb/v7-m/nofp\libm.a
END GROUP
START GROUP
LOAD C:/ST/STM32CubeIDE_1.18.0/STM32CubeIDE/plugins/com.st.stm32cube.ide.mcu.externaltools.gnu-tools-for-stm32.13.3.rel1.win32_1.0.0.202411081344/tools/bin/../lib/gcc/arm-none-eabi/13.3.1/thumb/v7-m/nofp\libgcc.a
LOAD C:/ST/STM32CubeIDE_1.18.0/STM32CubeIDE/plugins/com.st.stm32cube.ide.mcu.externaltools.gnu-tools-for-stm32.13.3.rel1.win32_1.0.0.202411081344/tools/bin/../lib/gcc/arm-none-eabi/13.3.1/../../../../arm-none-eabi/lib/thumb/v7-m/nofp\libc_nano.a
END GROUP
START GROUP
LOAD C:/ST/STM32CubeIDE_1.18.0/STM32CubeIDE/plugins/com.st.stm32cube.ide.mcu.externaltools.gnu-tools-for-stm32.13.3.rel1.win32_1.0.0.202411081344/tools/bin/../lib/gcc/arm-none-eabi/13.3.1/thumb/v7-m/nofp\libgcc.a
LOAD C:/ST/STM32CubeIDE_1.18.0/STM32CubeIDE/plugins/com.st.stm32cube.ide.mcu.externaltools.gnu-tools-for-stm32.13.3.rel1.win32_1.0.0.202411081344/tools/bin/../lib/gcc/arm-none-eabi/13.3.1/../../../../arm-none-eabi/lib/thumb/v7-m/nofp\libc_nano.a
LOAD C:/ST/STM32CubeIDE_1.18.0/STM32CubeIDE/plugins/com.st.stm32cube.ide.mcu.externaltools.gnu-tools-for-stm32.13.3.rel1.win32_1.0.0.202411081344/tools/bin/../lib/gcc/arm-none-eabi/13.3.1/../../../../arm-none-eabi/lib/thumb/v7-m/nofp\libnosys.a
END GROUP
START GROUP
LOAD C:/ST/STM32CubeIDE_1.18.0/STM32CubeIDE/plugins/com.st.stm32cube.ide.mcu.externaltools.gnu-tools-for-stm32.13.3.rel1.win32_1.0.0.202411081344/tools/bin/../lib/gcc/arm-none-eabi/13.3.1/thumb/v7-m/nofp\libgcc.a
LOAD C:/ST/STM32CubeIDE_1.18.0/STM32CubeIDE/plugins/com.st.stm32cube.ide.mcu.externaltools.gnu-tools-for-stm32.13.3.rel1.win32_1.0.0.202411081344/tools/bin/../lib/gcc/arm-none-eabi/13.3.1/../../../../arm-none-eabi/lib/thumb/v7-m/nofp\libc_nano.a
LOAD C:/ST/STM32CubeIDE_1.18.0/STM32CubeIDE/plugins/com.st.stm32cube.ide.mcu.externaltools.gnu-tools-for-stm32.13.3.rel1.win32_1.0.0.202411081344/tools/bin/../lib/gcc/arm-none-eabi/13.3.1/../../../../arm-none-eabi/lib/thumb/v7-m/nofp\libnosys.a
END GROUP
LOAD C:/ST/STM32CubeIDE_1.18.0/STM32CubeIDE/plugins/com.st.stm32cube.ide.mcu.externaltools.gnu-tools-for-stm32.13.3.rel1.win32_1.0.0.202411081344/tools/bin/../lib/gcc/arm-none-eabi/13.3.1/thumb/v7-m/nofp/crtend.o
LOAD C:/ST/STM32CubeIDE_1.18.0/STM32CubeIDE/plugins/com.st.stm32cube.ide.mcu.externaltools.gnu-tools-for-stm32.13.3.rel1.win32_1.0.0.202411081344/tools/bin/../lib/gcc/arm-none-eabi/13.3.1/thumb/v7-m/nofp/crtn.o
                0x20020000                        _estack = (ORIGIN (RAM) + LENGTH (RAM))
                0x00000200                        _Min_Heap_Size = 0x200
                0x00000400                        _Min_Stack_Size = 0x400

.isr_vector     0x08000000      0x184
                0x08000000                        . = ALIGN (0x4)
 *(.isr_vector)
 .isr_vector    0x08000000      0x184 ./Core/Startup/startup_stm32f217zgtx.o
                0x08000000                g_pfnVectors
                0x08000184                        . = ALIGN (0x4)

.text           0x08000184     0x3eec
                0x08000184                        . = ALIGN (0x4)
 *(.text)
 .text          0x08000184       0x40 C:/ST/STM32CubeIDE_1.18.0/STM32CubeIDE/plugins/com.st.stm32cube.ide.mcu.externaltools.gnu-tools-for-stm32.13.3.rel1.win32_1.0.0.202411081344/tools/bin/../lib/gcc/arm-none-eabi/13.3.1/thumb/v7-m/nofp/crtbegin.o
 .text          0x080001c4       0x30 C:/ST/STM32CubeIDE_1.18.0/STM32CubeIDE/plugins/com.st.stm32cube.ide.mcu.externaltools.gnu-tools-for-stm32.13.3.rel1.win32_1.0.0.202411081344/tools/bin/../lib/gcc/arm-none-eabi/13.3.1/thumb/v7-m/nofp\libgcc.a(_aeabi_uldivmod.o)
                0x080001c4                __aeabi_uldivmod
 .text          0x080001f4      0x300 C:/ST/STM32CubeIDE_1.18.0/STM32CubeIDE/plugins/com.st.stm32cube.ide.mcu.externaltools.gnu-tools-for-stm32.13.3.rel1.win32_1.0.0.202411081344/tools/bin/../lib/gcc/arm-none-eabi/13.3.1/thumb/v7-m/nofp\libgcc.a(_udivmoddi4.o)
                0x080001f4                __udivmoddi4
 .text          0x080004f4        0x4 C:/ST/STM32CubeIDE_1.18.0/STM32CubeIDE/plugins/com.st.stm32cube.ide.mcu.externaltools.gnu-tools-for-stm32.13.3.rel1.win32_1.0.0.202411081344/tools/bin/../lib/gcc/arm-none-eabi/13.3.1/thumb/v7-m/nofp\libgcc.a(_dvmd_tls.o)
                0x080004f4                __aeabi_idiv0
                0x080004f4                __aeabi_ldiv0
 *(.text*)
 .text.CMD_TakePicture
                0x080004f8       0x38 ./Core/Src/command.o
                0x080004f8                CMD_TakePicture
 .text.CMD_TakePictureForced
                0x08000530       0x12 ./Core/Src/command.o
                0x08000530                CMD_TakePictureForced
 .text.CMD_TransmitFrameCompressed
                0x08000542       0x12 ./Core/Src/command.o
                0x08000542                CMD_TransmitFrameCompressed
 .text.CMD_TransmitFrameRaw
                0x08000554       0x12 ./Core/Src/command.o
                0x08000554                CMD_TransmitFrameRaw
 .text.CMD_GetStatus
                0x08000566       0x12 ./Core/Src/command.o
                0x08000566                CMD_GetStatus
 .text.CMD_BackupVolatileMemory
                0x08000578       0x12 ./Core/Src/command.o
                0x08000578                CMD_BackupVolatileMemory
 .text.CMD_ResetPayload
                0x0800058a       0x12 ./Core/Src/command.o
                0x0800058a                CMD_ResetPayload
 .text.GetCommand
                0x0800059c       0x90 ./Core/Src/command.o
                0x0800059c                GetCommand
 .text.ExecuteCommand
                0x0800062c       0x70 ./Core/Src/command.o
                0x0800062c                ExecuteCommand
 .text.MX_DCMI_Init
                0x0800069c       0x50 ./Core/Src/dcmi.o
                0x0800069c                MX_DCMI_Init
 .text.HAL_DCMI_MspInit
                0x080006ec      0x154 ./Core/Src/dcmi.o
                0x080006ec                HAL_DCMI_MspInit
 .text.MX_FSMC_Init
                0x08000840       0xb8 ./Core/Src/fsmc.o
                0x08000840                MX_FSMC_Init
 .text.HAL_FSMC_MspInit
                0x080008f8       0xe0 ./Core/Src/fsmc.o
 .text.HAL_SRAM_MspInit
                0x080009d8       0x14 ./Core/Src/fsmc.o
                0x080009d8                HAL_SRAM_MspInit
 .text.MX_GPIO_Init
                0x080009ec      0x1b4 ./Core/Src/gpio.o
                0x080009ec                MX_GPIO_Init
 .text.MX_I2C2_Init
                0x08000ba0       0x5c ./Core/Src/i2c.o
                0x08000ba0                MX_I2C2_Init
 .text.MX_I2C3_Init
                0x08000bfc       0x5c ./Core/Src/i2c.o
                0x08000bfc                MX_I2C3_Init
 .text.HAL_I2C_MspInit
                0x08000c58      0x140 ./Core/Src/i2c.o
                0x08000c58                HAL_I2C_MspInit
 .text.TransmitBufferUART
                0x08000d98       0x1c ./Core/Src/ls_comms.o
                0x08000d98                TransmitBufferUART
 .text.Log      0x08000db4       0x5c ./Core/Src/ls_comms.o
                0x08000db4                Log
 .text.CopyVolatile
                0x08000e10       0x40 ./Core/Src/ls_comms.o
                0x08000e10                CopyVolatile
 .text.TransformTs
                0x08000e50       0x28 ./Core/Src/ls_comms.o
                0x08000e50                TransformTs
 .text.main     0x08000e78      0x110 ./Core/Src/main.o
                0x08000e78                main
 .text.SystemClock_Config
                0x08000f88       0x8c ./Core/Src/main.o
                0x08000f88                SystemClock_Config
 .text.Error_Handler
                0x08001014        0xc ./Core/Src/main.o
                0x08001014                Error_Handler
 .text.MX_SPI2_Init
                0x08001020       0x5c ./Core/Src/spi.o
                0x08001020                MX_SPI2_Init
 .text.HAL_SPI_MspInit
                0x0800107c       0x90 ./Core/Src/spi.o
                0x0800107c                HAL_SPI_MspInit
 .text.HAL_MspInit
                0x0800110c       0x4c ./Core/Src/stm32f2xx_hal_msp.o
                0x0800110c                HAL_MspInit
 .text.NMI_Handler
                0x08001158        0x8 ./Core/Src/stm32f2xx_it.o
                0x08001158                NMI_Handler
 .text.HardFault_Handler
                0x08001160        0x8 ./Core/Src/stm32f2xx_it.o
                0x08001160                HardFault_Handler
 .text.MemManage_Handler
                0x08001168        0x8 ./Core/Src/stm32f2xx_it.o
                0x08001168                MemManage_Handler
 .text.BusFault_Handler
                0x08001170        0x8 ./Core/Src/stm32f2xx_it.o
                0x08001170                BusFault_Handler
 .text.UsageFault_Handler
                0x08001178        0x8 ./Core/Src/stm32f2xx_it.o
                0x08001178                UsageFault_Handler
 .text.SVC_Handler
                0x08001180        0xc ./Core/Src/stm32f2xx_it.o
                0x08001180                SVC_Handler
 .text.DebugMon_Handler
                0x0800118c        0xc ./Core/Src/stm32f2xx_it.o
                0x0800118c                DebugMon_Handler
 .text.PendSV_Handler
                0x08001198        0xc ./Core/Src/stm32f2xx_it.o
                0x08001198                PendSV_Handler
 .text.SysTick_Handler
                0x080011a4        0xc ./Core/Src/stm32f2xx_it.o
                0x080011a4                SysTick_Handler
 .text._sbrk    0x080011b0       0x6c ./Core/Src/sysmem.o
                0x080011b0                _sbrk
 .text.SystemInit
                0x0800121c        0xc ./Core/Src/system_stm32f2xx.o
                0x0800121c                SystemInit
 .text.MX_TIM11_Init
                0x08001228       0x98 ./Core/Src/tim.o
                0x08001228                MX_TIM11_Init
 .text.HAL_TIM_Base_MspInit
                0x080012c0       0x40 ./Core/Src/tim.o
                0x080012c0                HAL_TIM_Base_MspInit
 .text.HAL_TIM_MspPostInit
                0x08001300       0x74 ./Core/Src/tim.o
                0x08001300                HAL_TIM_MspPostInit
 .text.MX_UART4_Init
                0x08001374       0x54 ./Core/Src/usart.o
                0x08001374                MX_UART4_Init
 .text.MX_UART5_Init
                0x080013c8       0x54 ./Core/Src/usart.o
                0x080013c8                MX_UART5_Init
 .text.MX_USART1_UART_Init
                0x0800141c       0x54 ./Core/Src/usart.o
                0x0800141c                MX_USART1_UART_Init
 .text.HAL_UART_MspInit
                0x08001470      0x1a8 ./Core/Src/usart.o
                0x08001470                HAL_UART_MspInit
 .text.Reset_Handler
                0x08001618       0x50 ./Core/Startup/startup_stm32f217zgtx.o
                0x08001618                Reset_Handler
 .text.Default_Handler
                0x08001668        0x2 ./Core/Startup/startup_stm32f217zgtx.o
                0x08001668                RTC_Alarm_IRQHandler
                0x08001668                HASH_RNG_IRQHandler
                0x08001668                EXTI2_IRQHandler
                0x08001668                TIM8_CC_IRQHandler
                0x08001668                TIM1_CC_IRQHandler
                0x08001668                DMA2_Stream5_IRQHandler
                0x08001668                DMA1_Stream5_IRQHandler
                0x08001668                PVD_IRQHandler
                0x08001668                SDIO_IRQHandler
                0x08001668                TAMP_STAMP_IRQHandler
                0x08001668                CAN2_RX1_IRQHandler
                0x08001668                EXTI3_IRQHandler
                0x08001668                TIM8_TRG_COM_TIM14_IRQHandler
                0x08001668                TIM1_UP_TIM10_IRQHandler
                0x08001668                TIM8_UP_TIM13_IRQHandler
                0x08001668                I2C3_ER_IRQHandler
                0x08001668                EXTI0_IRQHandler
                0x08001668                I2C2_EV_IRQHandler
                0x08001668                DMA1_Stream2_IRQHandler
                0x08001668                CAN1_RX0_IRQHandler
                0x08001668                OTG_HS_WKUP_IRQHandler
                0x08001668                CAN2_SCE_IRQHandler
                0x08001668                DMA2_Stream2_IRQHandler
                0x08001668                SPI1_IRQHandler
                0x08001668                TIM6_DAC_IRQHandler
                0x08001668                TIM1_BRK_TIM9_IRQHandler
                0x08001668                DCMI_IRQHandler
                0x08001668                CAN2_RX0_IRQHandler
                0x08001668                DMA2_Stream3_IRQHandler
                0x08001668                USART6_IRQHandler
                0x08001668                USART3_IRQHandler
                0x08001668                CRYP_IRQHandler
                0x08001668                CAN1_RX1_IRQHandler
                0x08001668                UART5_IRQHandler
                0x08001668                DMA2_Stream0_IRQHandler
                0x08001668                TIM4_IRQHandler
                0x08001668                I2C1_EV_IRQHandler
                0x08001668                DMA1_Stream6_IRQHandler
                0x08001668                DMA1_Stream1_IRQHandler
                0x08001668                UART4_IRQHandler
                0x08001668                TIM3_IRQHandler
                0x08001668                RCC_IRQHandler
                0x08001668                TIM8_BRK_TIM12_IRQHandler
                0x08001668                Default_Handler
                0x08001668                EXTI15_10_IRQHandler
                0x08001668                ADC_IRQHandler
                0x08001668                DMA1_Stream7_IRQHandler
                0x08001668                TIM7_IRQHandler
                0x08001668                CAN2_TX_IRQHandler
                0x08001668                TIM5_IRQHandler
                0x08001668                DMA2_Stream7_IRQHandler
                0x08001668                I2C3_EV_IRQHandler
                0x08001668                EXTI9_5_IRQHandler
                0x08001668                RTC_WKUP_IRQHandler
                0x08001668                ETH_WKUP_IRQHandler
                0x08001668                SPI2_IRQHandler
                0x08001668                OTG_HS_EP1_IN_IRQHandler
                0x08001668                DMA1_Stream0_IRQHandler
                0x08001668                CAN1_TX_IRQHandler
                0x08001668                EXTI4_IRQHandler
                0x08001668                FSMC_IRQHandler
                0x08001668                ETH_IRQHandler
                0x08001668                OTG_HS_EP1_OUT_IRQHandler
                0x08001668                WWDG_IRQHandler
                0x08001668                TIM2_IRQHandler
                0x08001668                OTG_FS_WKUP_IRQHandler
                0x08001668                TIM1_TRG_COM_TIM11_IRQHandler
                0x08001668                OTG_HS_IRQHandler
                0x08001668                EXTI1_IRQHandler
                0x08001668                USART2_IRQHandler
                0x08001668                I2C2_ER_IRQHandler
                0x08001668                DMA2_Stream1_IRQHandler
                0x08001668                CAN1_SCE_IRQHandler
                0x08001668                FLASH_IRQHandler
                0x08001668                DMA2_Stream4_IRQHandler
                0x08001668                USART1_IRQHandler
                0x08001668                OTG_FS_IRQHandler
                0x08001668                SPI3_IRQHandler
                0x08001668                DMA1_Stream4_IRQHandler
                0x08001668                I2C1_ER_IRQHandler
                0x08001668                DMA2_Stream6_IRQHandler
                0x08001668                DMA1_Stream3_IRQHandler
 *fill*         0x0800166a        0x2 
 .text.HAL_Init
                0x0800166c       0x44 ./Drivers/STM32F2xx_HAL_Driver/stm32f2xx_hal.o
                0x0800166c                HAL_Init
 .text.HAL_InitTick
                0x080016b0       0x60 ./Drivers/STM32F2xx_HAL_Driver/stm32f2xx_hal.o
                0x080016b0                HAL_InitTick
 .text.HAL_IncTick
                0x08001710       0x24 ./Drivers/STM32F2xx_HAL_Driver/stm32f2xx_hal.o
                0x08001710                HAL_IncTick
 .text.HAL_GetTick
                0x08001734       0x14 ./Drivers/STM32F2xx_HAL_Driver/stm32f2xx_hal.o
                0x08001734                HAL_GetTick
 .text.__NVIC_SetPriorityGrouping
                0x08001748       0x48 ./Drivers/STM32F2xx_HAL_Driver/stm32f2xx_hal_cortex.o
 .text.__NVIC_GetPriorityGrouping
                0x08001790       0x1c ./Drivers/STM32F2xx_HAL_Driver/stm32f2xx_hal_cortex.o
 .text.__NVIC_SetPriority
                0x080017ac       0x54 ./Drivers/STM32F2xx_HAL_Driver/stm32f2xx_hal_cortex.o
 .text.NVIC_EncodePriority
                0x08001800       0x64 ./Drivers/STM32F2xx_HAL_Driver/stm32f2xx_hal_cortex.o
 .text.SysTick_Config
                0x08001864       0x44 ./Drivers/STM32F2xx_HAL_Driver/stm32f2xx_hal_cortex.o
 .text.HAL_NVIC_SetPriorityGrouping
                0x080018a8       0x16 ./Drivers/STM32F2xx_HAL_Driver/stm32f2xx_hal_cortex.o
                0x080018a8                HAL_NVIC_SetPriorityGrouping
 .text.HAL_NVIC_SetPriority
                0x080018be       0x38 ./Drivers/STM32F2xx_HAL_Driver/stm32f2xx_hal_cortex.o
                0x080018be                HAL_NVIC_SetPriority
 .text.HAL_SYSTICK_Config
                0x080018f6       0x18 ./Drivers/STM32F2xx_HAL_Driver/stm32f2xx_hal_cortex.o
                0x080018f6                HAL_SYSTICK_Config
 .text.HAL_DCMI_Init
                0x0800190e       0xcc ./Drivers/STM32F2xx_HAL_Driver/stm32f2xx_hal_dcmi.o
                0x0800190e                HAL_DCMI_Init
 *fill*         0x080019da        0x2 
 .text.HAL_GPIO_Init
                0x080019dc      0x33c ./Drivers/STM32F2xx_HAL_Driver/stm32f2xx_hal_gpio.o
                0x080019dc                HAL_GPIO_Init
 .text.HAL_GPIO_WritePin
                0x08001d18       0x30 ./Drivers/STM32F2xx_HAL_Driver/stm32f2xx_hal_gpio.o
                0x08001d18                HAL_GPIO_WritePin
 .text.HAL_I2C_Init
                0x08001d48      0x288 ./Drivers/STM32F2xx_HAL_Driver/stm32f2xx_hal_i2c.o
                0x08001d48                HAL_I2C_Init
 .text.HAL_RCC_OscConfig
                0x08001fd0      0x4a8 ./Drivers/STM32F2xx_HAL_Driver/stm32f2xx_hal_rcc.o
                0x08001fd0                HAL_RCC_OscConfig
 .text.HAL_RCC_ClockConfig
                0x08002478      0x1d8 ./Drivers/STM32F2xx_HAL_Driver/stm32f2xx_hal_rcc.o
                0x08002478                HAL_RCC_ClockConfig
 .text.HAL_RCC_GetSysClockFreq
                0x08002650      0x218 ./Drivers/STM32F2xx_HAL_Driver/stm32f2xx_hal_rcc.o
                0x08002650                HAL_RCC_GetSysClockFreq
 .text.HAL_RCC_GetHCLKFreq
                0x08002868       0x14 ./Drivers/STM32F2xx_HAL_Driver/stm32f2xx_hal_rcc.o
                0x08002868                HAL_RCC_GetHCLKFreq
 .text.HAL_RCC_GetPCLK1Freq
                0x0800287c       0x44 ./Drivers/STM32F2xx_HAL_Driver/stm32f2xx_hal_rcc.o
                0x0800287c                HAL_RCC_GetPCLK1Freq
 .text.HAL_RCC_GetPCLK2Freq
                0x080028c0       0x44 ./Drivers/STM32F2xx_HAL_Driver/stm32f2xx_hal_rcc.o
                0x080028c0                HAL_RCC_GetPCLK2Freq
 .text.HAL_SPI_Init
                0x08002904      0x112 ./Drivers/STM32F2xx_HAL_Driver/stm32f2xx_hal_spi.o
                0x08002904                HAL_SPI_Init
 .text.HAL_SRAM_Init
                0x08002a16       0x9a ./Drivers/STM32F2xx_HAL_Driver/stm32f2xx_hal_sram.o
                0x08002a16                HAL_SRAM_Init
 .text.HAL_TIM_Base_Init
                0x08002ab0       0x9e ./Drivers/STM32F2xx_HAL_Driver/stm32f2xx_hal_tim.o
                0x08002ab0                HAL_TIM_Base_Init
 .text.HAL_TIM_OC_Init
                0x08002b4e       0x9e ./Drivers/STM32F2xx_HAL_Driver/stm32f2xx_hal_tim.o
                0x08002b4e                HAL_TIM_OC_Init
 .text.HAL_TIM_OC_MspInit
                0x08002bec       0x12 ./Drivers/STM32F2xx_HAL_Driver/stm32f2xx_hal_tim.o
                0x08002bec                HAL_TIM_OC_MspInit
 *fill*         0x08002bfe        0x2 
 .text.HAL_TIM_OC_ConfigChannel
                0x08002c00       0xb8 ./Drivers/STM32F2xx_HAL_Driver/stm32f2xx_hal_tim.o
                0x08002c00                HAL_TIM_OC_ConfigChannel
 .text.TIM_Base_SetConfig
                0x08002cb8      0x154 ./Drivers/STM32F2xx_HAL_Driver/stm32f2xx_hal_tim.o
                0x08002cb8                TIM_Base_SetConfig
 .text.TIM_OC1_SetConfig
                0x08002e0c       0xe0 ./Drivers/STM32F2xx_HAL_Driver/stm32f2xx_hal_tim.o
 .text.TIM_OC2_SetConfig
                0x08002eec       0xe8 ./Drivers/STM32F2xx_HAL_Driver/stm32f2xx_hal_tim.o
                0x08002eec                TIM_OC2_SetConfig
 .text.TIM_OC3_SetConfig
                0x08002fd4       0xe8 ./Drivers/STM32F2xx_HAL_Driver/stm32f2xx_hal_tim.o
 .text.TIM_OC4_SetConfig
                0x080030bc       0xa8 ./Drivers/STM32F2xx_HAL_Driver/stm32f2xx_hal_tim.o
 .text.HAL_UART_Init
                0x08003164       0xa0 ./Drivers/STM32F2xx_HAL_Driver/stm32f2xx_hal_uart.o
                0x08003164                HAL_UART_Init
 .text.HAL_UART_Transmit_IT
                0x08003204       0x6a ./Drivers/STM32F2xx_HAL_Driver/stm32f2xx_hal_uart.o
                0x08003204                HAL_UART_Transmit_IT
 .text.HAL_UART_Receive_IT
                0x0800326e       0x4a ./Drivers/STM32F2xx_HAL_Driver/stm32f2xx_hal_uart.o
                0x0800326e                HAL_UART_Receive_IT
 .text.UART_Start_Receive_IT
                0x080032b8       0x72 ./Drivers/STM32F2xx_HAL_Driver/stm32f2xx_hal_uart.o
                0x080032b8                UART_Start_Receive_IT
 *fill*         0x0800332a        0x2 
 .text.UART_SetConfig
                0x0800332c      0x1d4 ./Drivers/STM32F2xx_HAL_Driver/stm32f2xx_hal_uart.o
 .text.FSMC_NORSRAM_Init
                0x08003500       0xc0 ./Drivers/STM32F2xx_HAL_Driver/stm32f2xx_ll_fsmc.o
                0x08003500                FSMC_NORSRAM_Init
 .text.FSMC_NORSRAM_Timing_Init
                0x080035c0       0x5a ./Drivers/STM32F2xx_HAL_Driver/stm32f2xx_ll_fsmc.o
                0x080035c0                FSMC_NORSRAM_Timing_Init
 *fill*         0x0800361a        0x2 
 .text.FSMC_NORSRAM_Extended_Timing_Init
                0x0800361c       0x70 ./Drivers/STM32F2xx_HAL_Driver/stm32f2xx_ll_fsmc.o
                0x0800361c                FSMC_NORSRAM_Extended_Timing_Init
 .text.snprintf
                0x0800368c       0x6c C:/ST/STM32CubeIDE_1.18.0/STM32CubeIDE/plugins/com.st.stm32cube.ide.mcu.externaltools.gnu-tools-for-stm32.13.3.rel1.win32_1.0.0.202411081344/tools/bin/../lib/gcc/arm-none-eabi/13.3.1/../../../../arm-none-eabi/lib/thumb/v7-m/nofp\libc_nano.a(libc_a-snprintf.o)
                0x0800368c                sniprintf
                0x0800368c                snprintf
 .text.sprintf  0x080036f8       0x44 C:/ST/STM32CubeIDE_1.18.0/STM32CubeIDE/plugins/com.st.stm32cube.ide.mcu.externaltools.gnu-tools-for-stm32.13.3.rel1.win32_1.0.0.202411081344/tools/bin/../lib/gcc/arm-none-eabi/13.3.1/../../../../arm-none-eabi/lib/thumb/v7-m/nofp\libc_nano.a(libc_a-sprintf.o)
                0x080036f8                siprintf
                0x080036f8                sprintf
 .text.memset   0x0800373c       0x10 C:/ST/STM32CubeIDE_1.18.0/STM32CubeIDE/plugins/com.st.stm32cube.ide.mcu.externaltools.gnu-tools-for-stm32.13.3.rel1.win32_1.0.0.202411081344/tools/bin/../lib/gcc/arm-none-eabi/13.3.1/../../../../arm-none-eabi/lib/thumb/v7-m/nofp\libc_nano.a(libc_a-memset.o)
                0x0800373c                memset
 .text.__errno  0x0800374c        0xc C:/ST/STM32CubeIDE_1.18.0/STM32CubeIDE/plugins/com.st.stm32cube.ide.mcu.externaltools.gnu-tools-for-stm32.13.3.rel1.win32_1.0.0.202411081344/tools/bin/../lib/gcc/arm-none-eabi/13.3.1/../../../../arm-none-eabi/lib/thumb/v7-m/nofp\libc_nano.a(libc_a-errno.o)
                0x0800374c                __errno
 .text.__libc_init_array
                0x08003758       0x48 C:/ST/STM32CubeIDE_1.18.0/STM32CubeIDE/plugins/com.st.stm32cube.ide.mcu.externaltools.gnu-tools-for-stm32.13.3.rel1.win32_1.0.0.202411081344/tools/bin/../lib/gcc/arm-none-eabi/13.3.1/../../../../arm-none-eabi/lib/thumb/v7-m/nofp\libc_nano.a(libc_a-init.o)
                0x08003758                __libc_init_array
 .text.__retarget_lock_acquire_recursive
                0x080037a0        0x2 C:/ST/STM32CubeIDE_1.18.0/STM32CubeIDE/plugins/com.st.stm32cube.ide.mcu.externaltools.gnu-tools-for-stm32.13.3.rel1.win32_1.0.0.202411081344/tools/bin/../lib/gcc/arm-none-eabi/13.3.1/../../../../arm-none-eabi/lib/thumb/v7-m/nofp\libc_nano.a(libc_a-lock.o)
                0x080037a0                __retarget_lock_acquire_recursive
 .text.__retarget_lock_release_recursive
                0x080037a2        0x2 C:/ST/STM32CubeIDE_1.18.0/STM32CubeIDE/plugins/com.st.stm32cube.ide.mcu.externaltools.gnu-tools-for-stm32.13.3.rel1.win32_1.0.0.202411081344/tools/bin/../lib/gcc/arm-none-eabi/13.3.1/../../../../arm-none-eabi/lib/thumb/v7-m/nofp\libc_nano.a(libc_a-lock.o)
                0x080037a2                __retarget_lock_release_recursive
 .text._free_r  0x080037a4       0x90 C:/ST/STM32CubeIDE_1.18.0/STM32CubeIDE/plugins/com.st.stm32cube.ide.mcu.externaltools.gnu-tools-for-stm32.13.3.rel1.win32_1.0.0.202411081344/tools/bin/../lib/gcc/arm-none-eabi/13.3.1/../../../../arm-none-eabi/lib/thumb/v7-m/nofp\libc_nano.a(libc_a-freer.o)
                0x080037a4                _free_r
 .text.sbrk_aligned
                0x08003834       0x44 C:/ST/STM32CubeIDE_1.18.0/STM32CubeIDE/plugins/com.st.stm32cube.ide.mcu.externaltools.gnu-tools-for-stm32.13.3.rel1.win32_1.0.0.202411081344/tools/bin/../lib/gcc/arm-none-eabi/13.3.1/../../../../arm-none-eabi/lib/thumb/v7-m/nofp\libc_nano.a(libc_a-mallocr.o)
 .text._malloc_r
                0x08003878      0x100 C:/ST/STM32CubeIDE_1.18.0/STM32CubeIDE/plugins/com.st.stm32cube.ide.mcu.externaltools.gnu-tools-for-stm32.13.3.rel1.win32_1.0.0.202411081344/tools/bin/../lib/gcc/arm-none-eabi/13.3.1/../../../../arm-none-eabi/lib/thumb/v7-m/nofp\libc_nano.a(libc_a-mallocr.o)
                0x08003878                _malloc_r
 .text.__malloc_lock
                0x08003978        0xc C:/ST/STM32CubeIDE_1.18.0/STM32CubeIDE/plugins/com.st.stm32cube.ide.mcu.externaltools.gnu-tools-for-stm32.13.3.rel1.win32_1.0.0.202411081344/tools/bin/../lib/gcc/arm-none-eabi/13.3.1/../../../../arm-none-eabi/lib/thumb/v7-m/nofp\libc_nano.a(libc_a-mlock.o)
                0x08003978                __malloc_lock
 .text.__malloc_unlock
                0x08003984        0xc C:/ST/STM32CubeIDE_1.18.0/STM32CubeIDE/plugins/com.st.stm32cube.ide.mcu.externaltools.gnu-tools-for-stm32.13.3.rel1.win32_1.0.0.202411081344/tools/bin/../lib/gcc/arm-none-eabi/13.3.1/../../../../arm-none-eabi/lib/thumb/v7-m/nofp\libc_nano.a(libc_a-mlock.o)
                0x08003984                __malloc_unlock
 .text.__ssputs_r
                0x08003990       0xb6 C:/ST/STM32CubeIDE_1.18.0/STM32CubeIDE/plugins/com.st.stm32cube.ide.mcu.externaltools.gnu-tools-for-stm32.13.3.rel1.win32_1.0.0.202411081344/tools/bin/../lib/gcc/arm-none-eabi/13.3.1/../../../../arm-none-eabi/lib/thumb/v7-m/nofp\libc_nano.a(libc_a-nano-svfprintf.o)
                0x08003990                __ssputs_r
 *fill*         0x08003a46        0x2 
 .text._svfprintf_r
                0x08003a48      0x1f8 C:/ST/STM32CubeIDE_1.18.0/STM32CubeIDE/plugins/com.st.stm32cube.ide.mcu.externaltools.gnu-tools-for-stm32.13.3.rel1.win32_1.0.0.202411081344/tools/bin/../lib/gcc/arm-none-eabi/13.3.1/../../../../arm-none-eabi/lib/thumb/v7-m/nofp\libc_nano.a(libc_a-nano-svfprintf.o)
                0x08003a48                _svfiprintf_r
                0x08003a48                _svfprintf_r
 .text._printf_common
                0x08003c40       0xe4 C:/ST/STM32CubeIDE_1.18.0/STM32CubeIDE/plugins/com.st.stm32cube.ide.mcu.externaltools.gnu-tools-for-stm32.13.3.rel1.win32_1.0.0.202411081344/tools/bin/../lib/gcc/arm-none-eabi/13.3.1/../../../../arm-none-eabi/lib/thumb/v7-m/nofp\libc_nano.a(libc_a-nano-vfprintf_i.o)
                0x08003c40                _printf_common
 .text._printf_i
                0x08003d24      0x23c C:/ST/STM32CubeIDE_1.18.0/STM32CubeIDE/plugins/com.st.stm32cube.ide.mcu.externaltools.gnu-tools-for-stm32.13.3.rel1.win32_1.0.0.202411081344/tools/bin/../lib/gcc/arm-none-eabi/13.3.1/../../../../arm-none-eabi/lib/thumb/v7-m/nofp\libc_nano.a(libc_a-nano-vfprintf_i.o)
                0x08003d24                _printf_i
 .text.memmove  0x08003f60       0x34 C:/ST/STM32CubeIDE_1.18.0/STM32CubeIDE/plugins/com.st.stm32cube.ide.mcu.externaltools.gnu-tools-for-stm32.13.3.rel1.win32_1.0.0.202411081344/tools/bin/../lib/gcc/arm-none-eabi/13.3.1/../../../../arm-none-eabi/lib/thumb/v7-m/nofp\libc_nano.a(libc_a-memmove.o)
                0x08003f60                memmove
 .text._sbrk_r  0x08003f94       0x20 C:/ST/STM32CubeIDE_1.18.0/STM32CubeIDE/plugins/com.st.stm32cube.ide.mcu.externaltools.gnu-tools-for-stm32.13.3.rel1.win32_1.0.0.202411081344/tools/bin/../lib/gcc/arm-none-eabi/13.3.1/../../../../arm-none-eabi/lib/thumb/v7-m/nofp\libc_nano.a(libc_a-sbrkr.o)
                0x08003f94                _sbrk_r
 .text.memchr   0x08003fb4       0x1c C:/ST/STM32CubeIDE_1.18.0/STM32CubeIDE/plugins/com.st.stm32cube.ide.mcu.externaltools.gnu-tools-for-stm32.13.3.rel1.win32_1.0.0.202411081344/tools/bin/../lib/gcc/arm-none-eabi/13.3.1/../../../../arm-none-eabi/lib/thumb/v7-m/nofp\libc_nano.a(libc_a-memchr-stub.o)
                0x08003fb4                memchr
 .text.memcpy   0x08003fd0       0x1c C:/ST/STM32CubeIDE_1.18.0/STM32CubeIDE/plugins/com.st.stm32cube.ide.mcu.externaltools.gnu-tools-for-stm32.13.3.rel1.win32_1.0.0.202411081344/tools/bin/../lib/gcc/arm-none-eabi/13.3.1/../../../../arm-none-eabi/lib/thumb/v7-m/nofp\libc_nano.a(libc_a-memcpy-stub.o)
                0x08003fd0                memcpy
 .text._realloc_r
                0x08003fec       0x5c C:/ST/STM32CubeIDE_1.18.0/STM32CubeIDE/plugins/com.st.stm32cube.ide.mcu.externaltools.gnu-tools-for-stm32.13.3.rel1.win32_1.0.0.202411081344/tools/bin/../lib/gcc/arm-none-eabi/13.3.1/../../../../arm-none-eabi/lib/thumb/v7-m/nofp\libc_nano.a(libc_a-reallocr.o)
                0x08003fec                _realloc_r
 .text._malloc_usable_size_r
                0x08004048       0x10 C:/ST/STM32CubeIDE_1.18.0/STM32CubeIDE/plugins/com.st.stm32cube.ide.mcu.externaltools.gnu-tools-for-stm32.13.3.rel1.win32_1.0.0.202411081344/tools/bin/../lib/gcc/arm-none-eabi/13.3.1/../../../../arm-none-eabi/lib/thumb/v7-m/nofp\libc_nano.a(libc_a-msizer.o)
                0x08004048                _malloc_usable_size_r
 *(.glue_7)
 .glue_7        0x08004058        0x0 linker stubs
 *(.glue_7t)
 .glue_7t       0x08004058        0x0 linker stubs
 *(.eh_frame)
 .eh_frame      0x08004058        0x0 C:/ST/STM32CubeIDE_1.18.0/STM32CubeIDE/plugins/com.st.stm32cube.ide.mcu.externaltools.gnu-tools-for-stm32.13.3.rel1.win32_1.0.0.202411081344/tools/bin/../lib/gcc/arm-none-eabi/13.3.1/thumb/v7-m/nofp/crtbegin.o
 *(.init)
 .init          0x08004058        0x4 C:/ST/STM32CubeIDE_1.18.0/STM32CubeIDE/plugins/com.st.stm32cube.ide.mcu.externaltools.gnu-tools-for-stm32.13.3.rel1.win32_1.0.0.202411081344/tools/bin/../lib/gcc/arm-none-eabi/13.3.1/thumb/v7-m/nofp/crti.o
                0x08004058                _init
 .init          0x0800405c        0x8 C:/ST/STM32CubeIDE_1.18.0/STM32CubeIDE/plugins/com.st.stm32cube.ide.mcu.externaltools.gnu-tools-for-stm32.13.3.rel1.win32_1.0.0.202411081344/tools/bin/../lib/gcc/arm-none-eabi/13.3.1/thumb/v7-m/nofp/crtn.o
 *(.fini)
 .fini          0x08004064        0x4 C:/ST/STM32CubeIDE_1.18.0/STM32CubeIDE/plugins/com.st.stm32cube.ide.mcu.externaltools.gnu-tools-for-stm32.13.3.rel1.win32_1.0.0.202411081344/tools/bin/../lib/gcc/arm-none-eabi/13.3.1/thumb/v7-m/nofp/crti.o
                0x08004064                _fini
 .fini          0x08004068        0x8 C:/ST/STM32CubeIDE_1.18.0/STM32CubeIDE/plugins/com.st.stm32cube.ide.mcu.externaltools.gnu-tools-for-stm32.13.3.rel1.win32_1.0.0.202411081344/tools/bin/../lib/gcc/arm-none-eabi/13.3.1/thumb/v7-m/nofp/crtn.o
                0x08004070                        . = ALIGN (0x4)
                0x08004070                        _etext = .

.vfp11_veneer   0x08004070        0x0
 .vfp11_veneer  0x08004070        0x0 linker stubs

.v4_bx          0x08004070        0x0
 .v4_bx         0x08004070        0x0 linker stubs

.iplt           0x08004070        0x0
 .iplt          0x08004070        0x0 C:/ST/STM32CubeIDE_1.18.0/STM32CubeIDE/plugins/com.st.stm32cube.ide.mcu.externaltools.gnu-tools-for-stm32.13.3.rel1.win32_1.0.0.202411081344/tools/bin/../lib/gcc/arm-none-eabi/13.3.1/thumb/v7-m/nofp/crtbegin.o

.rodata         0x08004070      0x47c
                0x08004070                        . = ALIGN (0x4)
 *(.rodata)
 .rodata        0x08004070      0x352 ./Core/Src/command.o
 *fill*         0x080043c2        0x2 
 .rodata        0x080043c4       0x10 ./Core/Src/ls_comms.o
 .rodata        0x080043d4       0x21 ./Core/Src/main.o
 *(.rodata*)
 *fill*         0x080043f5        0x3 
 .rodata.command_table
                0x080043f8       0xa8 ./Core/Src/command.o
                0x080043f8                command_table
 .rodata.AHBPrescTable
                0x080044a0       0x10 ./Core/Src/system_stm32f2xx.o
                0x080044a0                AHBPrescTable
 .rodata.APBPrescTable
                0x080044b0        0x8 ./Core/Src/system_stm32f2xx.o
                0x080044b0                APBPrescTable
 .rodata._svfprintf_r.str1.1
                0x080044b8       0x33 C:/ST/STM32CubeIDE_1.18.0/STM32CubeIDE/plugins/com.st.stm32cube.ide.mcu.externaltools.gnu-tools-for-stm32.13.3.rel1.win32_1.0.0.202411081344/tools/bin/../lib/gcc/arm-none-eabi/13.3.1/../../../../arm-none-eabi/lib/thumb/v7-m/nofp\libc_nano.a(libc_a-nano-svfprintf.o)
                                 0x11 (size before relaxing)
 .rodata._printf_i.str1.1
                0x080044eb       0x22 C:/ST/STM32CubeIDE_1.18.0/STM32CubeIDE/plugins/com.st.stm32cube.ide.mcu.externaltools.gnu-tools-for-stm32.13.3.rel1.win32_1.0.0.202411081344/tools/bin/../lib/gcc/arm-none-eabi/13.3.1/../../../../arm-none-eabi/lib/thumb/v7-m/nofp\libc_nano.a(libc_a-nano-vfprintf_i.o)
                0x08004510                        . = ALIGN (0x4)
 *fill*         0x080044eb        0x1 

.ARM.extab      0x080044ec        0x0
                0x080044ec                        . = ALIGN (0x4)
 *(.ARM.extab* .gnu.linkonce.armextab.*)
                0x080044ec                        . = ALIGN (0x4)

.ARM            0x080044ec        0x8
                0x080044ec                        . = ALIGN (0x4)
                0x080044ec                        __exidx_start = .
 *(.ARM.exidx*)
 .ARM.exidx     0x080044ec        0x8 C:/ST/STM32CubeIDE_1.18.0/STM32CubeIDE/plugins/com.st.stm32cube.ide.mcu.externaltools.gnu-tools-for-stm32.13.3.rel1.win32_1.0.0.202411081344/tools/bin/../lib/gcc/arm-none-eabi/13.3.1/thumb/v7-m/nofp\libgcc.a(_udivmoddi4.o)
                0x080044f4                        __exidx_end = .
                0x080044f4                        . = ALIGN (0x4)

.preinit_array  0x080044f4        0x0
                0x080044f4                        . = ALIGN (0x4)
                0x080044f4                        PROVIDE (__preinit_array_start = .)
 *(.preinit_array*)
                0x080044f4                        PROVIDE (__preinit_array_end = .)
                0x080044f4                        . = ALIGN (0x4)

.init_array     0x080044f4        0x4
                0x080044f4                        . = ALIGN (0x4)
                0x080044f4                        PROVIDE (__init_array_start = .)
 *(SORT_BY_NAME(.init_array.*))
 *(.init_array*)
 .init_array    0x080044f4        0x4 C:/ST/STM32CubeIDE_1.18.0/STM32CubeIDE/plugins/com.st.stm32cube.ide.mcu.externaltools.gnu-tools-for-stm32.13.3.rel1.win32_1.0.0.202411081344/tools/bin/../lib/gcc/arm-none-eabi/13.3.1/thumb/v7-m/nofp/crtbegin.o
                0x080044f8                        PROVIDE (__init_array_end = .)
                0x080044f8                        . = ALIGN (0x4)

.fini_array     0x080044f8        0x4
                0x080044f8                        . = ALIGN (0x4)
                [!provide]                        PROVIDE (__fini_array_start = .)
 *(SORT_BY_NAME(.fini_array.*))
 *(.fini_array*)
 .fini_array    0x080044f8        0x4 C:/ST/STM32CubeIDE_1.18.0/STM32CubeIDE/plugins/com.st.stm32cube.ide.mcu.externaltools.gnu-tools-for-stm32.13.3.rel1.win32_1.0.0.202411081344/tools/bin/../lib/gcc/arm-none-eabi/13.3.1/thumb/v7-m/nofp/crtbegin.o
                [!provide]                        PROVIDE (__fini_array_end = .)
                0x080044fc                        . = ALIGN (0x4)
                0x080044fc                        _sidata = LOADADDR (.data)

.rel.dyn        0x080044fc        0x0
 .rel.iplt      0x080044fc        0x0 C:/ST/STM32CubeIDE_1.18.0/STM32CubeIDE/plugins/com.st.stm32cube.ide.mcu.externaltools.gnu-tools-for-stm32.13.3.rel1.win32_1.0.0.202411081344/tools/bin/../lib/gcc/arm-none-eabi/13.3.1/thumb/v7-m/nofp/crtbegin.o

.data           0x20000000       0x5c load address 0x080044fc
                0x20000000                        . = ALIGN (0x4)
                0x20000000                        _sdata = .
 *(.data)
 *(.data*)
 .data.SystemCoreClock
                0x20000000        0x4 ./Core/Src/system_stm32f2xx.o
                0x20000000                SystemCoreClock
 .data.uwTickPrio
                0x20000004        0x4 ./Drivers/STM32F2xx_HAL_Driver/stm32f2xx_hal.o
                0x20000004                uwTickPrio
 .data.uwTickFreq
                0x20000008        0x1 ./Drivers/STM32F2xx_HAL_Driver/stm32f2xx_hal.o
                0x20000008                uwTickFreq
 *fill*         0x20000009        0x3 
 .data._impure_ptr
                0x2000000c        0x4 C:/ST/STM32CubeIDE_1.18.0/STM32CubeIDE/plugins/com.st.stm32cube.ide.mcu.externaltools.gnu-tools-for-stm32.13.3.rel1.win32_1.0.0.202411081344/tools/bin/../lib/gcc/arm-none-eabi/13.3.1/../../../../arm-none-eabi/lib/thumb/v7-m/nofp\libc_nano.a(libc_a-impure.o)
                0x2000000c                _impure_ptr
 .data._impure_data
                0x20000010       0x4c C:/ST/STM32CubeIDE_1.18.0/STM32CubeIDE/plugins/com.st.stm32cube.ide.mcu.externaltools.gnu-tools-for-stm32.13.3.rel1.win32_1.0.0.202411081344/tools/bin/../lib/gcc/arm-none-eabi/13.3.1/../../../../arm-none-eabi/lib/thumb/v7-m/nofp\libc_nano.a(libc_a-impure.o)
                0x20000010                _impure_data
 *(.RamFunc)
 *(.RamFunc*)
                0x2000005c                        . = ALIGN (0x4)
                0x2000005c                        _edata = .

.igot.plt       0x2000005c        0x0 load address 0x08004558
 .igot.plt      0x2000005c        0x0 C:/ST/STM32CubeIDE_1.18.0/STM32CubeIDE/plugins/com.st.stm32cube.ide.mcu.externaltools.gnu-tools-for-stm32.13.3.rel1.win32_1.0.0.202411081344/tools/bin/../lib/gcc/arm-none-eabi/13.3.1/thumb/v7-m/nofp/crtbegin.o
                0x2000005c                        . = ALIGN (0x4)

.bss            0x2000005c      0x4a0 load address 0x08004558
                0x2000005c                        _sbss = .
                0x2000005c                        __bss_start__ = _sbss
 *(.bss)
 .bss           0x2000005c       0x1c C:/ST/STM32CubeIDE_1.18.0/STM32CubeIDE/plugins/com.st.stm32cube.ide.mcu.externaltools.gnu-tools-for-stm32.13.3.rel1.win32_1.0.0.202411081344/tools/bin/../lib/gcc/arm-none-eabi/13.3.1/thumb/v7-m/nofp/crtbegin.o
 *(.bss*)
 .bss.hdcmi     0x20000078       0x40 ./Core/Src/dcmi.o
                0x20000078                hdcmi
 .bss.hsram1    0x200000b8       0x44 ./Core/Src/fsmc.o
                0x200000b8                hsram1
 .bss.FSMC_Initialized
                0x200000fc        0x4 ./Core/Src/fsmc.o
 .bss.hi2c2     0x20000100       0x54 ./Core/Src/i2c.o
                0x20000100                hi2c2
 .bss.hi2c3     0x20000154       0x54 ./Core/Src/i2c.o
                0x20000154                hi2c3
 .bss.new_command_received
                0x200001a8        0x1 ./Core/Src/ls_comms.o
                0x200001a8                new_command_received
 *fill*         0x200001a9        0x3 
 .bss.tx_buffer
                0x200001ac       0x77 ./Core/Src/ls_comms.o
                0x200001ac                tx_buffer
 *fill*         0x20000223        0x1 
 .bss.rx_buffer
                0x20000224        0x4 ./Core/Src/ls_comms.o
                0x20000224                rx_buffer
 .bss.timestamp
                0x20000228        0x4 ./Core/Src/main.o
                0x20000228                timestamp
 .bss.timestamp_string
                0x2000022c        0x4 ./Core/Src/main.o
                0x2000022c                timestamp_string
 .bss.log_message
                0x20000230        0x4 ./Core/Src/main.o
                0x20000230                log_message
 .bss.hspi2     0x20000234       0x58 ./Core/Src/spi.o
                0x20000234                hspi2
 .bss.__sbrk_heap_end
                0x2000028c        0x4 ./Core/Src/sysmem.o
 .bss.htim11    0x20000290       0x48 ./Core/Src/tim.o
                0x20000290                htim11
 .bss.huart4    0x200002d8       0x48 ./Core/Src/usart.o
                0x200002d8                huart4
 .bss.huart5    0x20000320       0x48 ./Core/Src/usart.o
                0x20000320                huart5
 .bss.huart1    0x20000368       0x48 ./Core/Src/usart.o
                0x20000368                huart1
 .bss.uwTick    0x200003b0        0x4 ./Drivers/STM32F2xx_HAL_Driver/stm32f2xx_hal.o
                0x200003b0                uwTick
 .bss.__sf      0x200003b4      0x138 C:/ST/STM32CubeIDE_1.18.0/STM32CubeIDE/plugins/com.st.stm32cube.ide.mcu.externaltools.gnu-tools-for-stm32.13.3.rel1.win32_1.0.0.202411081344/tools/bin/../lib/gcc/arm-none-eabi/13.3.1/../../../../arm-none-eabi/lib/thumb/v7-m/nofp\libc_nano.a(libc_a-findfp.o)
                0x200003b4                __sf
 .bss.errno     0x200004ec        0x4 C:/ST/STM32CubeIDE_1.18.0/STM32CubeIDE/plugins/com.st.stm32cube.ide.mcu.externaltools.gnu-tools-for-stm32.13.3.rel1.win32_1.0.0.202411081344/tools/bin/../lib/gcc/arm-none-eabi/13.3.1/../../../../arm-none-eabi/lib/thumb/v7-m/nofp\libc_nano.a(libc_a-reent.o)
                0x200004ec                errno
 .bss.__lock___malloc_recursive_mutex
                0x200004f0        0x1 C:/ST/STM32CubeIDE_1.18.0/STM32CubeIDE/plugins/com.st.stm32cube.ide.mcu.externaltools.gnu-tools-for-stm32.13.3.rel1.win32_1.0.0.202411081344/tools/bin/../lib/gcc/arm-none-eabi/13.3.1/../../../../arm-none-eabi/lib/thumb/v7-m/nofp\libc_nano.a(libc_a-lock.o)
                0x200004f0                __lock___malloc_recursive_mutex
 *fill*         0x200004f1        0x3 
 .bss.__malloc_sbrk_start
                0x200004f4        0x4 C:/ST/STM32CubeIDE_1.18.0/STM32CubeIDE/plugins/com.st.stm32cube.ide.mcu.externaltools.gnu-tools-for-stm32.13.3.rel1.win32_1.0.0.202411081344/tools/bin/../lib/gcc/arm-none-eabi/13.3.1/../../../../arm-none-eabi/lib/thumb/v7-m/nofp\libc_nano.a(libc_a-mallocr.o)
                0x200004f4                __malloc_sbrk_start
 .bss.__malloc_free_list
                0x200004f8        0x4 C:/ST/STM32CubeIDE_1.18.0/STM32CubeIDE/plugins/com.st.stm32cube.ide.mcu.externaltools.gnu-tools-for-stm32.13.3.rel1.win32_1.0.0.202411081344/tools/bin/../lib/gcc/arm-none-eabi/13.3.1/../../../../arm-none-eabi/lib/thumb/v7-m/nofp\libc_nano.a(libc_a-mallocr.o)
                0x200004f8                __malloc_free_list
 *(COMMON)
                0x200004fc                        . = ALIGN (0x4)
                0x200004fc                        _ebss = .
                0x200004fc                        __bss_end__ = _ebss

._user_heap_stack
                0x200004fc      0x604 load address 0x08004558
                0x20000500                        . = ALIGN (0x8)
 *fill*         0x200004fc        0x4 
                [!provide]                        PROVIDE (end = .)
                0x20000500                        PROVIDE (_end = .)
                0x20000700                        . = (. + _Min_Heap_Size)
 *fill*         0x20000500      0x200 
                0x20000b00                        . = (. + _Min_Stack_Size)
 *fill*         0x20000700      0x400 
                0x20000b00                        . = ALIGN (0x8)

/DISCARD/
 libc.a(*)
 libm.a(*)
 libgcc.a(*)

.ARM.attributes
                0x00000000       0x29
 *(.ARM.attributes)
 .ARM.attributes
                0x00000000       0x1d C:/ST/STM32CubeIDE_1.18.0/STM32CubeIDE/plugins/com.st.stm32cube.ide.mcu.externaltools.gnu-tools-for-stm32.13.3.rel1.win32_1.0.0.202411081344/tools/bin/../lib/gcc/arm-none-eabi/13.3.1/thumb/v7-m/nofp/crti.o
 .ARM.attributes
                0x0000001d       0x2d C:/ST/STM32CubeIDE_1.18.0/STM32CubeIDE/plugins/com.st.stm32cube.ide.mcu.externaltools.gnu-tools-for-stm32.13.3.rel1.win32_1.0.0.202411081344/tools/bin/../lib/gcc/arm-none-eabi/13.3.1/thumb/v7-m/nofp/crtbegin.o
 .ARM.attributes
                0x0000004a       0x2d ./Core/Src/command.o
 .ARM.attributes
                0x00000077       0x2d ./Core/Src/dcmi.o
 .ARM.attributes
                0x000000a4       0x2d ./Core/Src/fsmc.o
 .ARM.attributes
                0x000000d1       0x2d ./Core/Src/gpio.o
 .ARM.attributes
                0x000000fe       0x2d ./Core/Src/i2c.o
 .ARM.attributes
                0x0000012b       0x2d ./Core/Src/ls_comms.o
 .ARM.attributes
                0x00000158       0x2d ./Core/Src/main.o
 .ARM.attributes
                0x00000185       0x2d ./Core/Src/spi.o
 .ARM.attributes
                0x000001b2       0x2d ./Core/Src/stm32f2xx_hal_msp.o
 .ARM.attributes
                0x000001df       0x2d ./Core/Src/stm32f2xx_it.o
 .ARM.attributes
                0x0000020c       0x2d ./Core/Src/sysmem.o
 .ARM.attributes
                0x00000239       0x2d ./Core/Src/system_stm32f2xx.o
 .ARM.attributes
                0x00000266       0x2d ./Core/Src/tim.o
 .ARM.attributes
                0x00000293       0x2d ./Core/Src/usart.o
 .ARM.attributes
                0x000002c0       0x21 ./Core/Startup/startup_stm32f217zgtx.o
 .ARM.attributes
                0x000002e1       0x2d ./Drivers/STM32F2xx_HAL_Driver/stm32f2xx_hal.o
 .ARM.attributes
                0x0000030e       0x2d ./Drivers/STM32F2xx_HAL_Driver/stm32f2xx_hal_cortex.o
 .ARM.attributes
                0x0000033b       0x2d ./Drivers/STM32F2xx_HAL_Driver/stm32f2xx_hal_dcmi.o
 .ARM.attributes
                0x00000368       0x2d ./Drivers/STM32F2xx_HAL_Driver/stm32f2xx_hal_gpio.o
 .ARM.attributes
                0x00000395       0x2d ./Drivers/STM32F2xx_HAL_Driver/stm32f2xx_hal_i2c.o
 .ARM.attributes
                0x000003c2       0x2d ./Drivers/STM32F2xx_HAL_Driver/stm32f2xx_hal_rcc.o
 .ARM.attributes
                0x000003ef       0x2d ./Drivers/STM32F2xx_HAL_Driver/stm32f2xx_hal_spi.o
 .ARM.attributes
                0x0000041c       0x2d ./Drivers/STM32F2xx_HAL_Driver/stm32f2xx_hal_sram.o
 .ARM.attributes
                0x00000449       0x2d ./Drivers/STM32F2xx_HAL_Driver/stm32f2xx_hal_tim.o
 .ARM.attributes
                0x00000476       0x2d ./Drivers/STM32F2xx_HAL_Driver/stm32f2xx_hal_uart.o
 .ARM.attributes
                0x000004a3       0x2d ./Drivers/STM32F2xx_HAL_Driver/stm32f2xx_ll_fsmc.o
 .ARM.attributes
                0x000004d0       0x2d C:/ST/STM32CubeIDE_1.18.0/STM32CubeIDE/plugins/com.st.stm32cube.ide.mcu.externaltools.gnu-tools-for-stm32.13.3.rel1.win32_1.0.0.202411081344/tools/bin/../lib/gcc/arm-none-eabi/13.3.1/../../../../arm-none-eabi/lib/thumb/v7-m/nofp\libc_nano.a(libc_a-findfp.o)
 .ARM.attributes
                0x000004fd       0x2d C:/ST/STM32CubeIDE_1.18.0/STM32CubeIDE/plugins/com.st.stm32cube.ide.mcu.externaltools.gnu-tools-for-stm32.13.3.rel1.win32_1.0.0.202411081344/tools/bin/../lib/gcc/arm-none-eabi/13.3.1/../../../../arm-none-eabi/lib/thumb/v7-m/nofp\libc_nano.a(libc_a-snprintf.o)
 .ARM.attributes
                0x0000052a       0x2d C:/ST/STM32CubeIDE_1.18.0/STM32CubeIDE/plugins/com.st.stm32cube.ide.mcu.externaltools.gnu-tools-for-stm32.13.3.rel1.win32_1.0.0.202411081344/tools/bin/../lib/gcc/arm-none-eabi/13.3.1/../../../../arm-none-eabi/lib/thumb/v7-m/nofp\libc_nano.a(libc_a-sprintf.o)
 .ARM.attributes
                0x00000557       0x2d C:/ST/STM32CubeIDE_1.18.0/STM32CubeIDE/plugins/com.st.stm32cube.ide.mcu.externaltools.gnu-tools-for-stm32.13.3.rel1.win32_1.0.0.202411081344/tools/bin/../lib/gcc/arm-none-eabi/13.3.1/../../../../arm-none-eabi/lib/thumb/v7-m/nofp\libc_nano.a(libc_a-memset.o)
 .ARM.attributes
                0x00000584       0x2d C:/ST/STM32CubeIDE_1.18.0/STM32CubeIDE/plugins/com.st.stm32cube.ide.mcu.externaltools.gnu-tools-for-stm32.13.3.rel1.win32_1.0.0.202411081344/tools/bin/../lib/gcc/arm-none-eabi/13.3.1/../../../../arm-none-eabi/lib/thumb/v7-m/nofp\libc_nano.a(libc_a-reent.o)
 .ARM.attributes
                0x000005b1       0x2d C:/ST/STM32CubeIDE_1.18.0/STM32CubeIDE/plugins/com.st.stm32cube.ide.mcu.externaltools.gnu-tools-for-stm32.13.3.rel1.win32_1.0.0.202411081344/tools/bin/../lib/gcc/arm-none-eabi/13.3.1/../../../../arm-none-eabi/lib/thumb/v7-m/nofp\libc_nano.a(libc_a-impure.o)
 .ARM.attributes
                0x000005de       0x2d C:/ST/STM32CubeIDE_1.18.0/STM32CubeIDE/plugins/com.st.stm32cube.ide.mcu.externaltools.gnu-tools-for-stm32.13.3.rel1.win32_1.0.0.202411081344/tools/bin/../lib/gcc/arm-none-eabi/13.3.1/../../../../arm-none-eabi/lib/thumb/v7-m/nofp\libc_nano.a(libc_a-errno.o)
 .ARM.attributes
                0x0000060b       0x2d C:/ST/STM32CubeIDE_1.18.0/STM32CubeIDE/plugins/com.st.stm32cube.ide.mcu.externaltools.gnu-tools-for-stm32.13.3.rel1.win32_1.0.0.202411081344/tools/bin/../lib/gcc/arm-none-eabi/13.3.1/../../../../arm-none-eabi/lib/thumb/v7-m/nofp\libc_nano.a(libc_a-init.o)
 .ARM.attributes
                0x00000638       0x2d C:/ST/STM32CubeIDE_1.18.0/STM32CubeIDE/plugins/com.st.stm32cube.ide.mcu.externaltools.gnu-tools-for-stm32.13.3.rel1.win32_1.0.0.202411081344/tools/bin/../lib/gcc/arm-none-eabi/13.3.1/../../../../arm-none-eabi/lib/thumb/v7-m/nofp\libc_nano.a(libc_a-lock.o)
 .ARM.attributes
                0x00000665       0x2d C:/ST/STM32CubeIDE_1.18.0/STM32CubeIDE/plugins/com.st.stm32cube.ide.mcu.externaltools.gnu-tools-for-stm32.13.3.rel1.win32_1.0.0.202411081344/tools/bin/../lib/gcc/arm-none-eabi/13.3.1/../../../../arm-none-eabi/lib/thumb/v7-m/nofp\libc_nano.a(libc_a-freer.o)
 .ARM.attributes
                0x00000692       0x2d C:/ST/STM32CubeIDE_1.18.0/STM32CubeIDE/plugins/com.st.stm32cube.ide.mcu.externaltools.gnu-tools-for-stm32.13.3.rel1.win32_1.0.0.202411081344/tools/bin/../lib/gcc/arm-none-eabi/13.3.1/../../../../arm-none-eabi/lib/thumb/v7-m/nofp\libc_nano.a(libc_a-mallocr.o)
 .ARM.attributes
                0x000006bf       0x2d C:/ST/STM32CubeIDE_1.18.0/STM32CubeIDE/plugins/com.st.stm32cube.ide.mcu.externaltools.gnu-tools-for-stm32.13.3.rel1.win32_1.0.0.202411081344/tools/bin/../lib/gcc/arm-none-eabi/13.3.1/../../../../arm-none-eabi/lib/thumb/v7-m/nofp\libc_nano.a(libc_a-mlock.o)
 .ARM.attributes
                0x000006ec       0x2d C:/ST/STM32CubeIDE_1.18.0/STM32CubeIDE/plugins/com.st.stm32cube.ide.mcu.externaltools.gnu-tools-for-stm32.13.3.rel1.win32_1.0.0.202411081344/tools/bin/../lib/gcc/arm-none-eabi/13.3.1/../../../../arm-none-eabi/lib/thumb/v7-m/nofp\libc_nano.a(libc_a-nano-svfprintf.o)
 .ARM.attributes
                0x00000719       0x2d C:/ST/STM32CubeIDE_1.18.0/STM32CubeIDE/plugins/com.st.stm32cube.ide.mcu.externaltools.gnu-tools-for-stm32.13.3.rel1.win32_1.0.0.202411081344/tools/bin/../lib/gcc/arm-none-eabi/13.3.1/../../../../arm-none-eabi/lib/thumb/v7-m/nofp\libc_nano.a(libc_a-nano-vfprintf_i.o)
 .ARM.attributes
                0x00000746       0x2d C:/ST/STM32CubeIDE_1.18.0/STM32CubeIDE/plugins/com.st.stm32cube.ide.mcu.externaltools.gnu-tools-for-stm32.13.3.rel1.win32_1.0.0.202411081344/tools/bin/../lib/gcc/arm-none-eabi/13.3.1/../../../../arm-none-eabi/lib/thumb/v7-m/nofp\libc_nano.a(libc_a-memmove.o)
 .ARM.attributes
                0x00000773       0x2d C:/ST/STM32CubeIDE_1.18.0/STM32CubeIDE/plugins/com.st.stm32cube.ide.mcu.externaltools.gnu-tools-for-stm32.13.3.rel1.win32_1.0.0.202411081344/tools/bin/../lib/gcc/arm-none-eabi/13.3.1/../../../../arm-none-eabi/lib/thumb/v7-m/nofp\libc_nano.a(libc_a-sbrkr.o)
 .ARM.attributes
                0x000007a0       0x2d C:/ST/STM32CubeIDE_1.18.0/STM32CubeIDE/plugins/com.st.stm32cube.ide.mcu.externaltools.gnu-tools-for-stm32.13.3.rel1.win32_1.0.0.202411081344/tools/bin/../lib/gcc/arm-none-eabi/13.3.1/../../../../arm-none-eabi/lib/thumb/v7-m/nofp\libc_nano.a(libc_a-memchr-stub.o)
 .ARM.attributes
                0x000007cd       0x2d C:/ST/STM32CubeIDE_1.18.0/STM32CubeIDE/plugins/com.st.stm32cube.ide.mcu.externaltools.gnu-tools-for-stm32.13.3.rel1.win32_1.0.0.202411081344/tools/bin/../lib/gcc/arm-none-eabi/13.3.1/../../../../arm-none-eabi/lib/thumb/v7-m/nofp\libc_nano.a(libc_a-memcpy-stub.o)
 .ARM.attributes
                0x000007fa       0x2d C:/ST/STM32CubeIDE_1.18.0/STM32CubeIDE/plugins/com.st.stm32cube.ide.mcu.externaltools.gnu-tools-for-stm32.13.3.rel1.win32_1.0.0.202411081344/tools/bin/../lib/gcc/arm-none-eabi/13.3.1/../../../../arm-none-eabi/lib/thumb/v7-m/nofp\libc_nano.a(libc_a-reallocr.o)
 .ARM.attributes
                0x00000827       0x2d C:/ST/STM32CubeIDE_1.18.0/STM32CubeIDE/plugins/com.st.stm32cube.ide.mcu.externaltools.gnu-tools-for-stm32.13.3.rel1.win32_1.0.0.202411081344/tools/bin/../lib/gcc/arm-none-eabi/13.3.1/../../../../arm-none-eabi/lib/thumb/v7-m/nofp\libc_nano.a(libc_a-msizer.o)
 .ARM.attributes
                0x00000854       0x1d C:/ST/STM32CubeIDE_1.18.0/STM32CubeIDE/plugins/com.st.stm32cube.ide.mcu.externaltools.gnu-tools-for-stm32.13.3.rel1.win32_1.0.0.202411081344/tools/bin/../lib/gcc/arm-none-eabi/13.3.1/thumb/v7-m/nofp\libgcc.a(_aeabi_uldivmod.o)
 .ARM.attributes
                0x00000871       0x2d C:/ST/STM32CubeIDE_1.18.0/STM32CubeIDE/plugins/com.st.stm32cube.ide.mcu.externaltools.gnu-tools-for-stm32.13.3.rel1.win32_1.0.0.202411081344/tools/bin/../lib/gcc/arm-none-eabi/13.3.1/thumb/v7-m/nofp\libgcc.a(_udivmoddi4.o)
 .ARM.attributes
                0x0000089e       0x1d C:/ST/STM32CubeIDE_1.18.0/STM32CubeIDE/plugins/com.st.stm32cube.ide.mcu.externaltools.gnu-tools-for-stm32.13.3.rel1.win32_1.0.0.202411081344/tools/bin/../lib/gcc/arm-none-eabi/13.3.1/thumb/v7-m/nofp\libgcc.a(_dvmd_tls.o)
 .ARM.attributes
                0x000008bb       0x1d C:/ST/STM32CubeIDE_1.18.0/STM32CubeIDE/plugins/com.st.stm32cube.ide.mcu.externaltools.gnu-tools-for-stm32.13.3.rel1.win32_1.0.0.202411081344/tools/bin/../lib/gcc/arm-none-eabi/13.3.1/thumb/v7-m/nofp/crtn.o
OUTPUT(SpaceSnap Firmware.elf elf32-littlearm)
LOAD linker stubs
LOAD C:/ST/STM32CubeIDE_1.18.0/STM32CubeIDE/plugins/com.st.stm32cube.ide.mcu.externaltools.gnu-tools-for-stm32.13.3.rel1.win32_1.0.0.202411081344/tools/bin/../lib/gcc/arm-none-eabi/13.3.1/../../../../arm-none-eabi/lib/thumb/v7-m/nofp\libc.a
LOAD C:/ST/STM32CubeIDE_1.18.0/STM32CubeIDE/plugins/com.st.stm32cube.ide.mcu.externaltools.gnu-tools-for-stm32.13.3.rel1.win32_1.0.0.202411081344/tools/bin/../lib/gcc/arm-none-eabi/13.3.1/../../../../arm-none-eabi/lib/thumb/v7-m/nofp\libm.a
LOAD C:/ST/STM32CubeIDE_1.18.0/STM32CubeIDE/plugins/com.st.stm32cube.ide.mcu.externaltools.gnu-tools-for-stm32.13.3.rel1.win32_1.0.0.202411081344/tools/bin/../lib/gcc/arm-none-eabi/13.3.1/thumb/v7-m/nofp\libgcc.a

.debug_info     0x00000000    0x13bb7
 .debug_info    0x00000000      0x3be ./Core/Src/command.o
 .debug_info    0x000003be      0x963 ./Core/Src/dcmi.o
 .debug_info    0x00000d21      0x96d ./Core/Src/fsmc.o
 .debug_info    0x0000168e      0x479 ./Core/Src/gpio.o
 .debug_info    0x00001b07      0x9dc ./Core/Src/i2c.o
 .debug_info    0x000024e3      0xab3 ./Core/Src/ls_comms.o
 .debug_info    0x00002f96      0xa41 ./Core/Src/main.o
 .debug_info    0x000039d7      0x94d ./Core/Src/spi.o
 .debug_info    0x00004324      0x269 ./Core/Src/stm32f2xx_hal_msp.o
 .debug_info    0x0000458d      0x112 ./Core/Src/stm32f2xx_it.o
 .debug_info    0x0000469f      0x168 ./Core/Src/sysmem.o
 .debug_info    0x00004807      0x31f ./Core/Src/system_stm32f2xx.o
 .debug_info    0x00004b26      0xb06 ./Core/Src/tim.o
 .debug_info    0x0000562c      0x9ef ./Core/Src/usart.o
 .debug_info    0x0000601b       0x30 ./Core/Startup/startup_stm32f217zgtx.o
 .debug_info    0x0000604b      0x9c9 ./Drivers/STM32F2xx_HAL_Driver/stm32f2xx_hal.o
 .debug_info    0x00006a14      0xd81 ./Drivers/STM32F2xx_HAL_Driver/stm32f2xx_hal_cortex.o
 .debug_info    0x00007795      0xae6 ./Drivers/STM32F2xx_HAL_Driver/stm32f2xx_hal_dcmi.o
 .debug_info    0x0000827b      0x68e ./Drivers/STM32F2xx_HAL_Driver/stm32f2xx_hal_gpio.o
 .debug_info    0x00008909     0x2415 ./Drivers/STM32F2xx_HAL_Driver/stm32f2xx_hal_i2c.o
 .debug_info    0x0000ad1e      0xa39 ./Drivers/STM32F2xx_HAL_Driver/stm32f2xx_hal_rcc.o
 .debug_info    0x0000b757     0x1516 ./Drivers/STM32F2xx_HAL_Driver/stm32f2xx_hal_spi.o
 .debug_info    0x0000cc6d      0xd11 ./Drivers/STM32F2xx_HAL_Driver/stm32f2xx_hal_sram.o
 .debug_info    0x0000d97e     0x299b ./Drivers/STM32F2xx_HAL_Driver/stm32f2xx_hal_tim.o
 .debug_info    0x00010319     0x2f37 ./Drivers/STM32F2xx_HAL_Driver/stm32f2xx_hal_uart.o
 .debug_info    0x00013250      0x967 ./Drivers/STM32F2xx_HAL_Driver/stm32f2xx_ll_fsmc.o

.debug_abbrev   0x00000000     0x3209
 .debug_abbrev  0x00000000      0x19f ./Core/Src/command.o
 .debug_abbrev  0x0000019f      0x1f1 ./Core/Src/dcmi.o
 .debug_abbrev  0x00000390      0x23e ./Core/Src/fsmc.o
 .debug_abbrev  0x000005ce      0x152 ./Core/Src/gpio.o
 .debug_abbrev  0x00000720      0x1f7 ./Core/Src/i2c.o
 .debug_abbrev  0x00000917      0x221 ./Core/Src/ls_comms.o
 .debug_abbrev  0x00000b38      0x282 ./Core/Src/main.o
 .debug_abbrev  0x00000dba      0x1fa ./Core/Src/spi.o
 .debug_abbrev  0x00000fb4       0xd8 ./Core/Src/stm32f2xx_hal_msp.o
 .debug_abbrev  0x0000108c       0x73 ./Core/Src/stm32f2xx_it.o
 .debug_abbrev  0x000010ff       0xbc ./Core/Src/sysmem.o
 .debug_abbrev  0x000011bb      0x11c ./Core/Src/system_stm32f2xx.o
 .debug_abbrev  0x000012d7      0x21a ./Core/Src/tim.o
 .debug_abbrev  0x000014f1      0x1ff ./Core/Src/usart.o
 .debug_abbrev  0x000016f0       0x24 ./Core/Startup/startup_stm32f217zgtx.o
 .debug_abbrev  0x00001714      0x286 ./Drivers/STM32F2xx_HAL_Driver/stm32f2xx_hal.o
 .debug_abbrev  0x0000199a      0x31c ./Drivers/STM32F2xx_HAL_Driver/stm32f2xx_hal_cortex.o
 .debug_abbrev  0x00001cb6      0x24d ./Drivers/STM32F2xx_HAL_Driver/stm32f2xx_hal_dcmi.o
 .debug_abbrev  0x00001f03      0x1cb ./Drivers/STM32F2xx_HAL_Driver/stm32f2xx_hal_gpio.o
 .debug_abbrev  0x000020ce      0x2ad ./Drivers/STM32F2xx_HAL_Driver/stm32f2xx_hal_i2c.o
 .debug_abbrev  0x0000237b      0x2d6 ./Drivers/STM32F2xx_HAL_Driver/stm32f2xx_hal_rcc.o
 .debug_abbrev  0x00002651      0x27a ./Drivers/STM32F2xx_HAL_Driver/stm32f2xx_hal_spi.o
 .debug_abbrev  0x000028cb      0x1f6 ./Drivers/STM32F2xx_HAL_Driver/stm32f2xx_hal_sram.o
 .debug_abbrev  0x00002ac1      0x28f ./Drivers/STM32F2xx_HAL_Driver/stm32f2xx_hal_tim.o
 .debug_abbrev  0x00002d50      0x30e ./Drivers/STM32F2xx_HAL_Driver/stm32f2xx_hal_uart.o
 .debug_abbrev  0x0000305e      0x1ab ./Drivers/STM32F2xx_HAL_Driver/stm32f2xx_ll_fsmc.o

.debug_aranges  0x00000000     0x12a8
 .debug_aranges
                0x00000000       0x60 ./Core/Src/command.o
 .debug_aranges
                0x00000060       0x30 ./Core/Src/dcmi.o
 .debug_aranges
                0x00000090       0x40 ./Core/Src/fsmc.o
 .debug_aranges
                0x000000d0       0x20 ./Core/Src/gpio.o
 .debug_aranges
                0x000000f0       0x38 ./Core/Src/i2c.o
 .debug_aranges
                0x00000128       0x50 ./Core/Src/ls_comms.o
 .debug_aranges
                0x00000178       0x30 ./Core/Src/main.o
 .debug_aranges
                0x000001a8       0x30 ./Core/Src/spi.o
 .debug_aranges
                0x000001d8       0x20 ./Core/Src/stm32f2xx_hal_msp.o
 .debug_aranges
                0x000001f8       0x60 ./Core/Src/stm32f2xx_it.o
 .debug_aranges
                0x00000258       0x20 ./Core/Src/sysmem.o
 .debug_aranges
                0x00000278       0x28 ./Core/Src/system_stm32f2xx.o
 .debug_aranges
                0x000002a0       0x38 ./Core/Src/tim.o
 .debug_aranges
                0x000002d8       0x40 ./Core/Src/usart.o
 .debug_aranges
                0x00000318       0x28 ./Core/Startup/startup_stm32f217zgtx.o
 .debug_aranges
                0x00000340       0xf0 ./Drivers/STM32F2xx_HAL_Driver/stm32f2xx_hal.o
 .debug_aranges
                0x00000430      0x128 ./Drivers/STM32F2xx_HAL_Driver/stm32f2xx_hal_cortex.o
 .debug_aranges
                0x00000558       0xc0 ./Drivers/STM32F2xx_HAL_Driver/stm32f2xx_hal_dcmi.o
 .debug_aranges
                0x00000618       0x58 ./Drivers/STM32F2xx_HAL_Driver/stm32f2xx_hal_gpio.o
 .debug_aranges
                0x00000670      0x2a8 ./Drivers/STM32F2xx_HAL_Driver/stm32f2xx_hal_i2c.o
 .debug_aranges
                0x00000918       0x88 ./Drivers/STM32F2xx_HAL_Driver/stm32f2xx_hal_rcc.o
 .debug_aranges
                0x000009a0      0x1d0 ./Drivers/STM32F2xx_HAL_Driver/stm32f2xx_hal_spi.o
 .debug_aranges
                0x00000b70       0xb8 ./Drivers/STM32F2xx_HAL_Driver/stm32f2xx_hal_sram.o
 .debug_aranges
                0x00000c28      0x3d0 ./Drivers/STM32F2xx_HAL_Driver/stm32f2xx_hal_tim.o
 .debug_aranges
                0x00000ff8      0x208 ./Drivers/STM32F2xx_HAL_Driver/stm32f2xx_hal_uart.o
 .debug_aranges
                0x00001200       0xa8 ./Drivers/STM32F2xx_HAL_Driver/stm32f2xx_ll_fsmc.o

.debug_rnglists
                0x00000000      0xe7a
 .debug_rnglists
                0x00000000       0x44 ./Core/Src/command.o
 .debug_rnglists
                0x00000044       0x20 ./Core/Src/dcmi.o
 .debug_rnglists
                0x00000064       0x2d ./Core/Src/fsmc.o
 .debug_rnglists
                0x00000091       0x14 ./Core/Src/gpio.o
 .debug_rnglists
                0x000000a5       0x27 ./Core/Src/i2c.o
 .debug_rnglists
                0x000000cc       0x37 ./Core/Src/ls_comms.o
 .debug_rnglists
                0x00000103       0x21 ./Core/Src/main.o
 .debug_rnglists
                0x00000124       0x20 ./Core/Src/spi.o
 .debug_rnglists
                0x00000144       0x13 ./Core/Src/stm32f2xx_hal_msp.o
 .debug_rnglists
                0x00000157       0x43 ./Core/Src/stm32f2xx_it.o
 .debug_rnglists
                0x0000019a       0x13 ./Core/Src/sysmem.o
 .debug_rnglists
                0x000001ad       0x1a ./Core/Src/system_stm32f2xx.o
 .debug_rnglists
                0x000001c7       0x26 ./Core/Src/tim.o
 .debug_rnglists
                0x000001ed       0x2d ./Core/Src/usart.o
 .debug_rnglists
                0x0000021a       0x19 ./Core/Startup/startup_stm32f217zgtx.o
 .debug_rnglists
                0x00000233       0xaf ./Drivers/STM32F2xx_HAL_Driver/stm32f2xx_hal.o
 .debug_rnglists
                0x000002e2       0xd9 ./Drivers/STM32F2xx_HAL_Driver/stm32f2xx_hal_cortex.o
 .debug_rnglists
                0x000003bb       0x91 ./Drivers/STM32F2xx_HAL_Driver/stm32f2xx_hal_dcmi.o
 .debug_rnglists
                0x0000044c       0x3f ./Drivers/STM32F2xx_HAL_Driver/stm32f2xx_hal_gpio.o
 .debug_rnglists
                0x0000048b      0x23c ./Drivers/STM32F2xx_HAL_Driver/stm32f2xx_hal_i2c.o
 .debug_rnglists
                0x000006c7       0x67 ./Drivers/STM32F2xx_HAL_Driver/stm32f2xx_hal_rcc.o
 .debug_rnglists
                0x0000072e      0x16d ./Drivers/STM32F2xx_HAL_Driver/stm32f2xx_hal_spi.o
 .debug_rnglists
                0x0000089b       0x8d ./Drivers/STM32F2xx_HAL_Driver/stm32f2xx_hal_sram.o
 .debug_rnglists
                0x00000928      0x31a ./Drivers/STM32F2xx_HAL_Driver/stm32f2xx_hal_tim.o
 .debug_rnglists
                0x00000c42      0x1bc ./Drivers/STM32F2xx_HAL_Driver/stm32f2xx_hal_uart.o
 .debug_rnglists
                0x00000dfe       0x7c ./Drivers/STM32F2xx_HAL_Driver/stm32f2xx_ll_fsmc.o

.debug_macro    0x00000000    0x22c8a
 .debug_macro   0x00000000      0x360 ./Core/Src/command.o
 .debug_macro   0x00000360      0xacc ./Core/Src/command.o
 .debug_macro   0x00000e2c      0x256 ./Core/Src/command.o
 .debug_macro   0x00001082       0x2e ./Core/Src/command.o
 .debug_macro   0x000010b0       0x22 ./Core/Src/command.o
 .debug_macro   0x000010d2       0x22 ./Core/Src/command.o
 .debug_macro   0x000010f4       0x8e ./Core/Src/command.o
 .debug_macro   0x00001182       0x51 ./Core/Src/command.o
 .debug_macro   0x000011d3      0x103 ./Core/Src/command.o
 .debug_macro   0x000012d6       0x6a ./Core/Src/command.o
 .debug_macro   0x00001340      0x1df ./Core/Src/command.o
 .debug_macro   0x0000151f       0x1c ./Core/Src/command.o
 .debug_macro   0x0000153b       0x22 ./Core/Src/command.o
 .debug_macro   0x0000155d       0xbd ./Core/Src/command.o
 .debug_macro   0x0000161a      0xe49 ./Core/Src/command.o
 .debug_macro   0x00002463      0x11f ./Core/Src/command.o
 .debug_macro   0x00002582    0x154b8 ./Core/Src/command.o
 .debug_macro   0x00017a3a       0x6d ./Core/Src/command.o
 .debug_macro   0x00017aa7     0x35b3 ./Core/Src/command.o
 .debug_macro   0x0001b05a      0x190 ./Core/Src/command.o
 .debug_macro   0x0001b1ea       0x55 ./Core/Src/command.o
 .debug_macro   0x0001b23f     0x1056 ./Core/Src/command.o
 .debug_macro   0x0001c295      0x1c3 ./Core/Src/command.o
 .debug_macro   0x0001c458      0x170 ./Core/Src/command.o
 .debug_macro   0x0001c5c8      0x115 ./Core/Src/command.o
 .debug_macro   0x0001c6dd      0x108 ./Core/Src/command.o
 .debug_macro   0x0001c7e5       0xa5 ./Core/Src/command.o
 .debug_macro   0x0001c88a      0x16a ./Core/Src/command.o
 .debug_macro   0x0001c9f4      0x287 ./Core/Src/command.o
 .debug_macro   0x0001cc7b       0x5f ./Core/Src/command.o
 .debug_macro   0x0001ccda      0x236 ./Core/Src/command.o
 .debug_macro   0x0001cf10      0x1ca ./Core/Src/command.o
 .debug_macro   0x0001d0da      0x126 ./Core/Src/command.o
 .debug_macro   0x0001d200      0x216 ./Core/Src/command.o
 .debug_macro   0x0001d416       0x2e ./Core/Src/command.o
 .debug_macro   0x0001d444      0x329 ./Core/Src/command.o
 .debug_macro   0x0001d76d      0x287 ./Core/Src/command.o
 .debug_macro   0x0001d9f4      0x113 ./Core/Src/command.o
 .debug_macro   0x0001db07       0x22 ./Core/Src/command.o
 .debug_macro   0x0001db29       0x82 ./Core/Src/command.o
 .debug_macro   0x0001dbab      0x225 ./Core/Src/command.o
 .debug_macro   0x0001ddd0      0x8ed ./Core/Src/command.o
 .debug_macro   0x0001e6bd       0x4c ./Core/Src/command.o
 .debug_macro   0x0001e709      0x2aa ./Core/Src/command.o
 .debug_macro   0x0001e9b3      0x12d ./Core/Src/command.o
 .debug_macro   0x0001eae0      0x154 ./Core/Src/command.o
 .debug_macro   0x0001ec34       0x10 ./Core/Src/command.o
 .debug_macro   0x0001ec44       0xb8 ./Core/Src/command.o
 .debug_macro   0x0001ecfc       0x61 ./Core/Src/command.o
 .debug_macro   0x0001ed5d       0x24 ./Core/Src/command.o
 .debug_macro   0x0001ed81       0x43 ./Core/Src/command.o
 .debug_macro   0x0001edc4       0x34 ./Core/Src/command.o
 .debug_macro   0x0001edf8      0x370 ./Core/Src/command.o
 .debug_macro   0x0001f168       0x16 ./Core/Src/command.o
 .debug_macro   0x0001f17e       0x4a ./Core/Src/command.o
 .debug_macro   0x0001f1c8       0x34 ./Core/Src/command.o
 .debug_macro   0x0001f1fc       0x10 ./Core/Src/command.o
 .debug_macro   0x0001f20c       0x58 ./Core/Src/command.o
 .debug_macro   0x0001f264       0x8e ./Core/Src/command.o
 .debug_macro   0x0001f2f2       0x1c ./Core/Src/command.o
 .debug_macro   0x0001f30e      0x185 ./Core/Src/command.o
 .debug_macro   0x0001f493       0x10 ./Core/Src/command.o
 .debug_macro   0x0001f4a3       0x3c ./Core/Src/command.o
 .debug_macro   0x0001f4df       0x20 ./Core/Src/command.o
 .debug_macro   0x0001f4ff       0x1c ./Core/Src/command.o
 .debug_macro   0x0001f51b       0x10 ./Core/Src/command.o
 .debug_macro   0x0001f52b       0x1c ./Core/Src/command.o
 .debug_macro   0x0001f547       0x16 ./Core/Src/command.o
 .debug_macro   0x0001f55d      0x146 ./Core/Src/command.o
 .debug_macro   0x0001f6a3      0x218 ./Core/Src/dcmi.o
 .debug_macro   0x0001f8bb      0x218 ./Core/Src/fsmc.o
 .debug_macro   0x0001fad3      0x218 ./Core/Src/gpio.o
 .debug_macro   0x0001fceb      0x218 ./Core/Src/i2c.o
 .debug_macro   0x0001ff03      0x35c ./Core/Src/ls_comms.o
 .debug_macro   0x0002025f      0x366 ./Core/Src/main.o
 .debug_macro   0x000205c5      0x218 ./Core/Src/spi.o
 .debug_macro   0x000207dd      0x20e ./Core/Src/stm32f2xx_hal_msp.o
 .debug_macro   0x000209eb      0x218 ./Core/Src/stm32f2xx_it.o
 .debug_macro   0x00020c03      0x112 ./Core/Src/sysmem.o
 .debug_macro   0x00020d15      0x23c ./Core/Src/sysmem.o
 .debug_macro   0x00020f51      0x1ff ./Core/Src/system_stm32f2xx.o
 .debug_macro   0x00021150      0x218 ./Core/Src/tim.o
 .debug_macro   0x00021368      0x218 ./Core/Src/usart.o
 .debug_macro   0x00021580      0x24d ./Drivers/STM32F2xx_HAL_Driver/stm32f2xx_hal.o
 .debug_macro   0x000217cd      0x1ff ./Drivers/STM32F2xx_HAL_Driver/stm32f2xx_hal_cortex.o
 .debug_macro   0x000219cc      0x206 ./Drivers/STM32F2xx_HAL_Driver/stm32f2xx_hal_dcmi.o
 .debug_macro   0x00021bd2      0x206 ./Drivers/STM32F2xx_HAL_Driver/stm32f2xx_hal_gpio.o
 .debug_macro   0x00021dd8      0x24d ./Drivers/STM32F2xx_HAL_Driver/stm32f2xx_hal_i2c.o
 .debug_macro   0x00022025      0x229 ./Drivers/STM32F2xx_HAL_Driver/stm32f2xx_hal_rcc.o
 .debug_macro   0x0002224e      0x207 ./Drivers/STM32F2xx_HAL_Driver/stm32f2xx_hal_spi.o
 .debug_macro   0x00022455      0x1ff ./Drivers/STM32F2xx_HAL_Driver/stm32f2xx_hal_sram.o
 .debug_macro   0x00022654      0x200 ./Drivers/STM32F2xx_HAL_Driver/stm32f2xx_hal_tim.o
 .debug_macro   0x00022854      0x200 ./Drivers/STM32F2xx_HAL_Driver/stm32f2xx_hal_uart.o
 .debug_macro   0x00022a54      0x236 ./Drivers/STM32F2xx_HAL_Driver/stm32f2xx_ll_fsmc.o

.debug_line     0x00000000    0x19d01
 .debug_line    0x00000000      0xb3c ./Core/Src/command.o
 .debug_line    0x00000b3c      0x90f ./Core/Src/dcmi.o
 .debug_line    0x0000144b      0x985 ./Core/Src/fsmc.o
 .debug_line    0x00001dd0      0x8ac ./Core/Src/gpio.o
 .debug_line    0x0000267c      0x95e ./Core/Src/i2c.o
 .debug_line    0x00002fda      0xaed ./Core/Src/ls_comms.o
 .debug_line    0x00003ac7      0xb25 ./Core/Src/main.o
 .debug_line    0x000045ec      0x8db ./Core/Src/spi.o
 .debug_line    0x00004ec7      0x86e ./Core/Src/stm32f2xx_hal_msp.o
 .debug_line    0x00005735      0x91d ./Core/Src/stm32f2xx_it.o
 .debug_line    0x00006052      0x588 ./Core/Src/sysmem.o
 .debug_line    0x000065da      0x8eb ./Core/Src/system_stm32f2xx.o
 .debug_line    0x00006ec5      0x915 ./Core/Src/tim.o
 .debug_line    0x000077da      0x9ca ./Core/Src/usart.o
 .debug_line    0x000081a4       0x7a ./Core/Startup/startup_stm32f217zgtx.o
 .debug_line    0x0000821e      0xbe7 ./Drivers/STM32F2xx_HAL_Driver/stm32f2xx_hal.o
 .debug_line    0x00008e05      0xe4a ./Drivers/STM32F2xx_HAL_Driver/stm32f2xx_hal_cortex.o
 .debug_line    0x00009c4f      0xed5 ./Drivers/STM32F2xx_HAL_Driver/stm32f2xx_hal_dcmi.o
 .debug_line    0x0000ab24      0xcfb ./Drivers/STM32F2xx_HAL_Driver/stm32f2xx_hal_gpio.o
 .debug_line    0x0000b81f     0x3c42 ./Drivers/STM32F2xx_HAL_Driver/stm32f2xx_hal_i2c.o
 .debug_line    0x0000f461     0x1195 ./Drivers/STM32F2xx_HAL_Driver/stm32f2xx_hal_rcc.o
 .debug_line    0x000105f6     0x1de1 ./Drivers/STM32F2xx_HAL_Driver/stm32f2xx_hal_spi.o
 .debug_line    0x000123d7      0xd90 ./Drivers/STM32F2xx_HAL_Driver/stm32f2xx_hal_sram.o
 .debug_line    0x00013167     0x3912 ./Drivers/STM32F2xx_HAL_Driver/stm32f2xx_hal_tim.o
 .debug_line    0x00016a79     0x269b ./Drivers/STM32F2xx_HAL_Driver/stm32f2xx_hal_uart.o
 .debug_line    0x00019114      0xbed ./Drivers/STM32F2xx_HAL_Driver/stm32f2xx_ll_fsmc.o

.debug_str      0x00000000    0xcdc08
 .debug_str     0x00000000    0xcdc08 ./Core/Src/command.o
                              0xc7ca2 (size before relaxing)
 .debug_str     0x000cdc08    0xc4573 ./Core/Src/dcmi.o
 .debug_str     0x000cdc08    0xc460f ./Core/Src/fsmc.o
 .debug_str     0x000cdc08    0xc40ea ./Core/Src/gpio.o
 .debug_str     0x000cdc08    0xc462c ./Core/Src/i2c.o
 .debug_str     0x000cdc08    0xc836e ./Core/Src/ls_comms.o
 .debug_str     0x000cdc08    0xc7d58 ./Core/Src/main.o
 .debug_str     0x000cdc08    0xc4576 ./Core/Src/spi.o
 .debug_str     0x000cdc08    0xc401f ./Core/Src/stm32f2xx_hal_msp.o
 .debug_str     0x000cdc08    0xc3fa5 ./Core/Src/stm32f2xx_it.o
 .debug_str     0x000cdc08     0x7722 ./Core/Src/sysmem.o
 .debug_str     0x000cdc08    0xc3b46 ./Core/Src/system_stm32f2xx.o
 .debug_str     0x000cdc08    0xc4721 ./Core/Src/tim.o
 .debug_str     0x000cdc08    0xc45d1 ./Core/Src/usart.o
 .debug_str     0x000cdc08       0x7c ./Core/Startup/startup_stm32f217zgtx.o
 .debug_str     0x000cdc08    0xc46d6 ./Drivers/STM32F2xx_HAL_Driver/stm32f2xx_hal.o
 .debug_str     0x000cdc08    0xc44cd ./Drivers/STM32F2xx_HAL_Driver/stm32f2xx_hal_cortex.o
 .debug_str     0x000cdc08    0xc41a7 ./Drivers/STM32F2xx_HAL_Driver/stm32f2xx_hal_dcmi.o
 .debug_str     0x000cdc08    0xc3d39 ./Drivers/STM32F2xx_HAL_Driver/stm32f2xx_hal_gpio.o
 .debug_str     0x000cdc08    0xc4bed ./Drivers/STM32F2xx_HAL_Driver/stm32f2xx_hal_i2c.o
 .debug_str     0x000cdc08    0xc402d ./Drivers/STM32F2xx_HAL_Driver/stm32f2xx_hal_rcc.o
 .debug_str     0x000cdc08    0xc4467 ./Drivers/STM32F2xx_HAL_Driver/stm32f2xx_hal_spi.o
 .debug_str     0x000cdc08    0xc41aa ./Drivers/STM32F2xx_HAL_Driver/stm32f2xx_hal_sram.o
 .debug_str     0x000cdc08    0xc4f59 ./Drivers/STM32F2xx_HAL_Driver/stm32f2xx_hal_tim.o
 .debug_str     0x000cdc08    0xc45d0 ./Drivers/STM32F2xx_HAL_Driver/stm32f2xx_hal_uart.o
 .debug_str     0x000cdc08    0xc4417 ./Drivers/STM32F2xx_HAL_Driver/stm32f2xx_ll_fsmc.o

.comment        0x00000000       0x43
 .comment       0x00000000       0x43 ./Core/Src/command.o
                                 0x44 (size before relaxing)
 .comment       0x00000043       0x44 ./Core/Src/dcmi.o
 .comment       0x00000043       0x44 ./Core/Src/fsmc.o
 .comment       0x00000043       0x44 ./Core/Src/gpio.o
 .comment       0x00000043       0x44 ./Core/Src/i2c.o
 .comment       0x00000043       0x44 ./Core/Src/ls_comms.o
 .comment       0x00000043       0x44 ./Core/Src/main.o
 .comment       0x00000043       0x44 ./Core/Src/spi.o
 .comment       0x00000043       0x44 ./Core/Src/stm32f2xx_hal_msp.o
 .comment       0x00000043       0x44 ./Core/Src/stm32f2xx_it.o
 .comment       0x00000043       0x44 ./Core/Src/sysmem.o
 .comment       0x00000043       0x44 ./Core/Src/system_stm32f2xx.o
 .comment       0x00000043       0x44 ./Core/Src/tim.o
 .comment       0x00000043       0x44 ./Core/Src/usart.o
 .comment       0x00000043       0x44 ./Drivers/STM32F2xx_HAL_Driver/stm32f2xx_hal.o
 .comment       0x00000043       0x44 ./Drivers/STM32F2xx_HAL_Driver/stm32f2xx_hal_cortex.o
 .comment       0x00000043       0x44 ./Drivers/STM32F2xx_HAL_Driver/stm32f2xx_hal_dcmi.o
 .comment       0x00000043       0x44 ./Drivers/STM32F2xx_HAL_Driver/stm32f2xx_hal_gpio.o
 .comment       0x00000043       0x44 ./Drivers/STM32F2xx_HAL_Driver/stm32f2xx_hal_i2c.o
 .comment       0x00000043       0x44 ./Drivers/STM32F2xx_HAL_Driver/stm32f2xx_hal_rcc.o
 .comment       0x00000043       0x44 ./Drivers/STM32F2xx_HAL_Driver/stm32f2xx_hal_spi.o
 .comment       0x00000043       0x44 ./Drivers/STM32F2xx_HAL_Driver/stm32f2xx_hal_sram.o
 .comment       0x00000043       0x44 ./Drivers/STM32F2xx_HAL_Driver/stm32f2xx_hal_tim.o
 .comment       0x00000043       0x44 ./Drivers/STM32F2xx_HAL_Driver/stm32f2xx_hal_uart.o
 .comment       0x00000043       0x44 ./Drivers/STM32F2xx_HAL_Driver/stm32f2xx_ll_fsmc.o

.debug_frame    0x00000000     0x5380
 .debug_frame   0x00000000      0x170 ./Core/Src/command.o
 .debug_frame   0x00000170       0x74 ./Core/Src/dcmi.o
 .debug_frame   0x000001e4       0xbc ./Core/Src/fsmc.o
 .debug_frame   0x000002a0       0x34 ./Core/Src/gpio.o
 .debug_frame   0x000002d4       0x90 ./Core/Src/i2c.o
 .debug_frame   0x00000364      0x100 ./Core/Src/ls_comms.o
 .debug_frame   0x00000464       0x6c ./Core/Src/main.o
 .debug_frame   0x000004d0       0x74 ./Core/Src/spi.o
 .debug_frame   0x00000544       0x38 ./Core/Src/stm32f2xx_hal_msp.o
 .debug_frame   0x0000057c      0x104 ./Core/Src/stm32f2xx_it.o
 .debug_frame   0x00000680       0x34 ./Core/Src/sysmem.o
 .debug_frame   0x000006b4       0x58 ./Core/Src/system_stm32f2xx.o
 .debug_frame   0x0000070c       0xa8 ./Core/Src/tim.o
 .debug_frame   0x000007b4       0xac ./Core/Src/usart.o
 .debug_frame   0x00000860      0x384 ./Drivers/STM32F2xx_HAL_Driver/stm32f2xx_hal.o
 .debug_frame   0x00000be4      0x4e8 ./Drivers/STM32F2xx_HAL_Driver/stm32f2xx_hal_cortex.o
 .debug_frame   0x000010cc      0x340 ./Drivers/STM32F2xx_HAL_Driver/stm32f2xx_hal_dcmi.o
 .debug_frame   0x0000140c      0x14c ./Drivers/STM32F2xx_HAL_Driver/stm32f2xx_hal_gpio.o
 .debug_frame   0x00001558      0xc84 ./Drivers/STM32F2xx_HAL_Driver/stm32f2xx_hal_i2c.o
 .debug_frame   0x000021dc      0x208 ./Drivers/STM32F2xx_HAL_Driver/stm32f2xx_hal_rcc.o
 .debug_frame   0x000023e4      0x820 ./Drivers/STM32F2xx_HAL_Driver/stm32f2xx_hal_spi.o
 .debug_frame   0x00002c04      0x30c ./Drivers/STM32F2xx_HAL_Driver/stm32f2xx_hal_sram.o
 .debug_frame   0x00002f10     0x11c0 ./Drivers/STM32F2xx_HAL_Driver/stm32f2xx_hal_tim.o
 .debug_frame   0x000040d0      0x944 ./Drivers/STM32F2xx_HAL_Driver/stm32f2xx_hal_uart.o
 .debug_frame   0x00004a14      0x2dc ./Drivers/STM32F2xx_HAL_Driver/stm32f2xx_ll_fsmc.o
 .debug_frame   0x00004cf0      0x144 C:/ST/STM32CubeIDE_1.18.0/STM32CubeIDE/plugins/com.st.stm32cube.ide.mcu.externaltools.gnu-tools-for-stm32.13.3.rel1.win32_1.0.0.202411081344/tools/bin/../lib/gcc/arm-none-eabi/13.3.1/../../../../arm-none-eabi/lib/thumb/v7-m/nofp\libc_nano.a(libc_a-findfp.o)
 .debug_frame   0x00004e34       0x7c C:/ST/STM32CubeIDE_1.18.0/STM32CubeIDE/plugins/com.st.stm32cube.ide.mcu.externaltools.gnu-tools-for-stm32.13.3.rel1.win32_1.0.0.202411081344/tools/bin/../lib/gcc/arm-none-eabi/13.3.1/../../../../arm-none-eabi/lib/thumb/v7-m/nofp\libc_nano.a(libc_a-snprintf.o)
 .debug_frame   0x00004eb0       0x74 C:/ST/STM32CubeIDE_1.18.0/STM32CubeIDE/plugins/com.st.stm32cube.ide.mcu.externaltools.gnu-tools-for-stm32.13.3.rel1.win32_1.0.0.202411081344/tools/bin/../lib/gcc/arm-none-eabi/13.3.1/../../../../arm-none-eabi/lib/thumb/v7-m/nofp\libc_nano.a(libc_a-sprintf.o)
 .debug_frame   0x00004f24       0x20 C:/ST/STM32CubeIDE_1.18.0/STM32CubeIDE/plugins/com.st.stm32cube.ide.mcu.externaltools.gnu-tools-for-stm32.13.3.rel1.win32_1.0.0.202411081344/tools/bin/../lib/gcc/arm-none-eabi/13.3.1/../../../../arm-none-eabi/lib/thumb/v7-m/nofp\libc_nano.a(libc_a-memset.o)
 .debug_frame   0x00004f44       0x38 C:/ST/STM32CubeIDE_1.18.0/STM32CubeIDE/plugins/com.st.stm32cube.ide.mcu.externaltools.gnu-tools-for-stm32.13.3.rel1.win32_1.0.0.202411081344/tools/bin/../lib/gcc/arm-none-eabi/13.3.1/../../../../arm-none-eabi/lib/thumb/v7-m/nofp\libc_nano.a(libc_a-reent.o)
 .debug_frame   0x00004f7c       0x20 C:/ST/STM32CubeIDE_1.18.0/STM32CubeIDE/plugins/com.st.stm32cube.ide.mcu.externaltools.gnu-tools-for-stm32.13.3.rel1.win32_1.0.0.202411081344/tools/bin/../lib/gcc/arm-none-eabi/13.3.1/../../../../arm-none-eabi/lib/thumb/v7-m/nofp\libc_nano.a(libc_a-errno.o)
 .debug_frame   0x00004f9c       0x2c C:/ST/STM32CubeIDE_1.18.0/STM32CubeIDE/plugins/com.st.stm32cube.ide.mcu.externaltools.gnu-tools-for-stm32.13.3.rel1.win32_1.0.0.202411081344/tools/bin/../lib/gcc/arm-none-eabi/13.3.1/../../../../arm-none-eabi/lib/thumb/v7-m/nofp\libc_nano.a(libc_a-init.o)
 .debug_frame   0x00004fc8       0xb0 C:/ST/STM32CubeIDE_1.18.0/STM32CubeIDE/plugins/com.st.stm32cube.ide.mcu.externaltools.gnu-tools-for-stm32.13.3.rel1.win32_1.0.0.202411081344/tools/bin/../lib/gcc/arm-none-eabi/13.3.1/../../../../arm-none-eabi/lib/thumb/v7-m/nofp\libc_nano.a(libc_a-lock.o)
 .debug_frame   0x00005078       0x38 C:/ST/STM32CubeIDE_1.18.0/STM32CubeIDE/plugins/com.st.stm32cube.ide.mcu.externaltools.gnu-tools-for-stm32.13.3.rel1.win32_1.0.0.202411081344/tools/bin/../lib/gcc/arm-none-eabi/13.3.1/../../../../arm-none-eabi/lib/thumb/v7-m/nofp\libc_nano.a(libc_a-freer.o)
 .debug_frame   0x000050b0       0x50 C:/ST/STM32CubeIDE_1.18.0/STM32CubeIDE/plugins/com.st.stm32cube.ide.mcu.externaltools.gnu-tools-for-stm32.13.3.rel1.win32_1.0.0.202411081344/tools/bin/../lib/gcc/arm-none-eabi/13.3.1/../../../../arm-none-eabi/lib/thumb/v7-m/nofp\libc_nano.a(libc_a-mallocr.o)
 .debug_frame   0x00005100       0x30 C:/ST/STM32CubeIDE_1.18.0/STM32CubeIDE/plugins/com.st.stm32cube.ide.mcu.externaltools.gnu-tools-for-stm32.13.3.rel1.win32_1.0.0.202411081344/tools/bin/../lib/gcc/arm-none-eabi/13.3.1/../../../../arm-none-eabi/lib/thumb/v7-m/nofp\libc_nano.a(libc_a-mlock.o)
 .debug_frame   0x00005130       0x90 C:/ST/STM32CubeIDE_1.18.0/STM32CubeIDE/plugins/com.st.stm32cube.ide.mcu.externaltools.gnu-tools-for-stm32.13.3.rel1.win32_1.0.0.202411081344/tools/bin/../lib/gcc/arm-none-eabi/13.3.1/../../../../arm-none-eabi/lib/thumb/v7-m/nofp\libc_nano.a(libc_a-nano-svfprintf.o)
 .debug_frame   0x000051c0       0x60 C:/ST/STM32CubeIDE_1.18.0/STM32CubeIDE/plugins/com.st.stm32cube.ide.mcu.externaltools.gnu-tools-for-stm32.13.3.rel1.win32_1.0.0.202411081344/tools/bin/../lib/gcc/arm-none-eabi/13.3.1/../../../../arm-none-eabi/lib/thumb/v7-m/nofp\libc_nano.a(libc_a-nano-vfprintf_i.o)
 .debug_frame   0x00005220       0x28 C:/ST/STM32CubeIDE_1.18.0/STM32CubeIDE/plugins/com.st.stm32cube.ide.mcu.externaltools.gnu-tools-for-stm32.13.3.rel1.win32_1.0.0.202411081344/tools/bin/../lib/gcc/arm-none-eabi/13.3.1/../../../../arm-none-eabi/lib/thumb/v7-m/nofp\libc_nano.a(libc_a-memmove.o)
 .debug_frame   0x00005248       0x2c C:/ST/STM32CubeIDE_1.18.0/STM32CubeIDE/plugins/com.st.stm32cube.ide.mcu.externaltools.gnu-tools-for-stm32.13.3.rel1.win32_1.0.0.202411081344/tools/bin/../lib/gcc/arm-none-eabi/13.3.1/../../../../arm-none-eabi/lib/thumb/v7-m/nofp\libc_nano.a(libc_a-sbrkr.o)
 .debug_frame   0x00005274       0x28 C:/ST/STM32CubeIDE_1.18.0/STM32CubeIDE/plugins/com.st.stm32cube.ide.mcu.externaltools.gnu-tools-for-stm32.13.3.rel1.win32_1.0.0.202411081344/tools/bin/../lib/gcc/arm-none-eabi/13.3.1/../../../../arm-none-eabi/lib/thumb/v7-m/nofp\libc_nano.a(libc_a-memchr-stub.o)
 .debug_frame   0x0000529c       0x28 C:/ST/STM32CubeIDE_1.18.0/STM32CubeIDE/plugins/com.st.stm32cube.ide.mcu.externaltools.gnu-tools-for-stm32.13.3.rel1.win32_1.0.0.202411081344/tools/bin/../lib/gcc/arm-none-eabi/13.3.1/../../../../arm-none-eabi/lib/thumb/v7-m/nofp\libc_nano.a(libc_a-memcpy-stub.o)
 .debug_frame   0x000052c4       0x3c C:/ST/STM32CubeIDE_1.18.0/STM32CubeIDE/plugins/com.st.stm32cube.ide.mcu.externaltools.gnu-tools-for-stm32.13.3.rel1.win32_1.0.0.202411081344/tools/bin/../lib/gcc/arm-none-eabi/13.3.1/../../../../arm-none-eabi/lib/thumb/v7-m/nofp\libc_nano.a(libc_a-reallocr.o)
 .debug_frame   0x00005300       0x20 C:/ST/STM32CubeIDE_1.18.0/STM32CubeIDE/plugins/com.st.stm32cube.ide.mcu.externaltools.gnu-tools-for-stm32.13.3.rel1.win32_1.0.0.202411081344/tools/bin/../lib/gcc/arm-none-eabi/13.3.1/../../../../arm-none-eabi/lib/thumb/v7-m/nofp\libc_nano.a(libc_a-msizer.o)
 .debug_frame   0x00005320       0x2c C:/ST/STM32CubeIDE_1.18.0/STM32CubeIDE/plugins/com.st.stm32cube.ide.mcu.externaltools.gnu-tools-for-stm32.13.3.rel1.win32_1.0.0.202411081344/tools/bin/../lib/gcc/arm-none-eabi/13.3.1/thumb/v7-m/nofp\libgcc.a(_aeabi_uldivmod.o)
 .debug_frame   0x0000534c       0x34 C:/ST/STM32CubeIDE_1.18.0/STM32CubeIDE/plugins/com.st.stm32cube.ide.mcu.externaltools.gnu-tools-for-stm32.13.3.rel1.win32_1.0.0.202411081344/tools/bin/../lib/gcc/arm-none-eabi/13.3.1/thumb/v7-m/nofp\libgcc.a(_udivmoddi4.o)

.debug_line_str
                0x00000000       0x60
 .debug_line_str
                0x00000000       0x60 ./Core/Startup/startup_stm32f217zgtx.o
