Archive member included to satisfy reference by file (symbol)

C:/ST/STM32CubeIDE_1.18.0/STM32CubeIDE/plugins/com.st.stm32cube.ide.mcu.externaltools.gnu-tools-for-stm32.13.3.rel1.win32_1.0.0.202411081344/tools/bin/../lib/gcc/arm-none-eabi/13.3.1/../../../../arm-none-eabi/lib/thumb/v7-m/nofp\libc_nano.a(libc_a-assert.o)
                              ./Core/Src/photo.o (__assert_func)
C:/ST/STM32CubeIDE_1.18.0/STM32CubeIDE/plugins/com.st.stm32cube.ide.mcu.externaltools.gnu-tools-for-stm32.13.3.rel1.win32_1.0.0.202411081344/tools/bin/../lib/gcc/arm-none-eabi/13.3.1/../../../../arm-none-eabi/lib/thumb/v7-m/nofp\libc_nano.a(libc_a-exit.o)
                              C:/ST/STM32CubeIDE_1.18.0/STM32CubeIDE/plugins/com.st.stm32cube.ide.mcu.externaltools.gnu-tools-for-stm32.13.3.rel1.win32_1.0.0.202411081344/tools/bin/../lib/gcc/arm-none-eabi/13.3.1/../../../../arm-none-eabi/lib/thumb/v7-m/nofp/crt0.o (exit)
C:/ST/STM32CubeIDE_1.18.0/STM32CubeIDE/plugins/com.st.stm32cube.ide.mcu.externaltools.gnu-tools-for-stm32.13.3.rel1.win32_1.0.0.202411081344/tools/bin/../lib/gcc/arm-none-eabi/13.3.1/../../../../arm-none-eabi/lib/thumb/v7-m/nofp\libc_nano.a(libc_a-findfp.o)
                              C:/ST/STM32CubeIDE_1.18.0/STM32CubeIDE/plugins/com.st.stm32cube.ide.mcu.externaltools.gnu-tools-for-stm32.13.3.rel1.win32_1.0.0.202411081344/tools/bin/../lib/gcc/arm-none-eabi/13.3.1/../../../../arm-none-eabi/lib/thumb/v7-m/nofp\libc_nano.a(libc_a-exit.o) (__stdio_exit_handler)
C:/ST/STM32CubeIDE_1.18.0/STM32CubeIDE/plugins/com.st.stm32cube.ide.mcu.externaltools.gnu-tools-for-stm32.13.3.rel1.win32_1.0.0.202411081344/tools/bin/../lib/gcc/arm-none-eabi/13.3.1/../../../../arm-none-eabi/lib/thumb/v7-m/nofp\libc_nano.a(libc_a-fprintf.o)
                              C:/ST/STM32CubeIDE_1.18.0/STM32CubeIDE/plugins/com.st.stm32cube.ide.mcu.externaltools.gnu-tools-for-stm32.13.3.rel1.win32_1.0.0.202411081344/tools/bin/../lib/gcc/arm-none-eabi/13.3.1/../../../../arm-none-eabi/lib/thumb/v7-m/nofp\libc_nano.a(libc_a-assert.o) (fiprintf)
C:/ST/STM32CubeIDE_1.18.0/STM32CubeIDE/plugins/com.st.stm32cube.ide.mcu.externaltools.gnu-tools-for-stm32.13.3.rel1.win32_1.0.0.202411081344/tools/bin/../lib/gcc/arm-none-eabi/13.3.1/../../../../arm-none-eabi/lib/thumb/v7-m/nofp\libc_nano.a(libc_a-fwalk.o)
                              C:/ST/STM32CubeIDE_1.18.0/STM32CubeIDE/plugins/com.st.stm32cube.ide.mcu.externaltools.gnu-tools-for-stm32.13.3.rel1.win32_1.0.0.202411081344/tools/bin/../lib/gcc/arm-none-eabi/13.3.1/../../../../arm-none-eabi/lib/thumb/v7-m/nofp\libc_nano.a(libc_a-findfp.o) (_fwalk_sglue)
C:/ST/STM32CubeIDE_1.18.0/STM32CubeIDE/plugins/com.st.stm32cube.ide.mcu.externaltools.gnu-tools-for-stm32.13.3.rel1.win32_1.0.0.202411081344/tools/bin/../lib/gcc/arm-none-eabi/13.3.1/../../../../arm-none-eabi/lib/thumb/v7-m/nofp\libc_nano.a(libc_a-perror.o)
                              ./Core/Src/main.o (perror)
C:/ST/STM32CubeIDE_1.18.0/STM32CubeIDE/plugins/com.st.stm32cube.ide.mcu.externaltools.gnu-tools-for-stm32.13.3.rel1.win32_1.0.0.202411081344/tools/bin/../lib/gcc/arm-none-eabi/13.3.1/../../../../arm-none-eabi/lib/thumb/v7-m/nofp\libc_nano.a(libc_a-snprintf.o)
                              ./Core/Src/command.o (snprintf)
C:/ST/STM32CubeIDE_1.18.0/STM32CubeIDE/plugins/com.st.stm32cube.ide.mcu.externaltools.gnu-tools-for-stm32.13.3.rel1.win32_1.0.0.202411081344/tools/bin/../lib/gcc/arm-none-eabi/13.3.1/../../../../arm-none-eabi/lib/thumb/v7-m/nofp\libc_nano.a(libc_a-sprintf.o)
                              ./Core/Src/command.o (sprintf)
C:/ST/STM32CubeIDE_1.18.0/STM32CubeIDE/plugins/com.st.stm32cube.ide.mcu.externaltools.gnu-tools-for-stm32.13.3.rel1.win32_1.0.0.202411081344/tools/bin/../lib/gcc/arm-none-eabi/13.3.1/../../../../arm-none-eabi/lib/thumb/v7-m/nofp\libc_nano.a(libc_a-stdio.o)
                              C:/ST/STM32CubeIDE_1.18.0/STM32CubeIDE/plugins/com.st.stm32cube.ide.mcu.externaltools.gnu-tools-for-stm32.13.3.rel1.win32_1.0.0.202411081344/tools/bin/../lib/gcc/arm-none-eabi/13.3.1/../../../../arm-none-eabi/lib/thumb/v7-m/nofp\libc_nano.a(libc_a-findfp.o) (__sread)
C:/ST/STM32CubeIDE_1.18.0/STM32CubeIDE/plugins/com.st.stm32cube.ide.mcu.externaltools.gnu-tools-for-stm32.13.3.rel1.win32_1.0.0.202411081344/tools/bin/../lib/gcc/arm-none-eabi/13.3.1/../../../../arm-none-eabi/lib/thumb/v7-m/nofp\libc_nano.a(libc_a-memset.o)
                              C:/ST/STM32CubeIDE_1.18.0/STM32CubeIDE/plugins/com.st.stm32cube.ide.mcu.externaltools.gnu-tools-for-stm32.13.3.rel1.win32_1.0.0.202411081344/tools/bin/../lib/gcc/arm-none-eabi/13.3.1/../../../../arm-none-eabi/lib/thumb/v7-m/nofp/crt0.o (memset)
C:/ST/STM32CubeIDE_1.18.0/STM32CubeIDE/plugins/com.st.stm32cube.ide.mcu.externaltools.gnu-tools-for-stm32.13.3.rel1.win32_1.0.0.202411081344/tools/bin/../lib/gcc/arm-none-eabi/13.3.1/../../../../arm-none-eabi/lib/thumb/v7-m/nofp\libc_nano.a(libc_a-strerror.o)
[...]
Memory Configuration

Name             Origin             Length             Attributes
RAM              0x20000000         0x00020000         xrw
FLASH            0x08000000         0x00100000         xr
*default*        0x00000000         0xffffffff

Linker script and memory map

LOAD C:/ST/STM32CubeIDE_1.18.0/STM32CubeIDE/plugins/com.st.stm32cube.ide.mcu.externaltools.gnu-tools-for-stm32.13.3.rel1.win32_1.0.0.202411081344/tools/bin/../lib/gcc/arm-none-eabi/13.3.1/thumb/v7-m/nofp/crti.o
LOAD C:/ST/STM32CubeIDE_1.18.0/STM32CubeIDE/plugins/com.st.stm32cube.ide.mcu.externaltools.gnu-tools-for-stm32.13.3.rel1.win32_1.0.0.202411081344/tools/bin/../lib/gcc/arm-none-eabi/13.3.1/thumb/v7-m/nofp/crtbegin.o
LOAD C:/ST/STM32CubeIDE_1.18.0/STM32CubeIDE/plugins/com.st.stm32cube.ide.mcu.externaltools.gnu-tools-for-stm32.13.3.rel1.win32_1.0.0.202411081344/tools/bin/../lib/gcc/arm-none-eabi/13.3.1/../../../../arm-none-eabi/lib/thumb/v7-m/nofp/crt0.o
LOAD ./Core/Src/command.o
LOAD ./Core/Src/dcmi.o
LOAD ./Core/Src/fram.o
LOAD ./Core/Src/fsmc.o
LOAD ./Core/Src/gpio.o
LOAD ./Core/Src/i2c.o
LOAD ./Core/Src/ls_comms.o
LOAD ./Core/Src/main.o
LOAD ./Core/Src/photo.o
LOAD ./Core/Src/spi.o
LOAD ./Core/Src/stm32f2xx_hal_msp.o
LOAD ./Core/Src/stm32f2xx_it.o
LOAD ./Core/Src/syscalls.o
LOAD ./Core/Src/sysmem.o
LOAD ./Core/Src/system_stm32f2xx.o
LOAD ./Core/Src/tim.o
LOAD ./Core/Src/usart.o
LOAD ./Core/Startup/startup_stm32f217zgtx.o
LOAD ./Drivers/STM32F2xx_HAL_Driver/stm32f2xx_hal.o
LOAD ./Drivers/STM32F2xx_HAL_Driver/stm32f2xx_hal_cortex.o
LOAD ./Drivers/STM32F2xx_HAL_Driver/stm32f2xx_hal_dcmi.o
LOAD ./Drivers/STM32F2xx_HAL_Driver/stm32f2xx_hal_dma.o
LOAD ./Drivers/STM32F2xx_HAL_Driver/stm32f2xx_hal_dma_ex.o
LOAD ./Drivers/STM32F2xx_HAL_Driver/stm32f2xx_hal_exti.o
LOAD ./Drivers/STM32F2xx_HAL_Driver/stm32f2xx_hal_flash.o
LOAD ./Drivers/STM32F2xx_HAL_Driver/stm32f2xx_hal_flash_ex.o
LOAD ./Drivers/STM32F2xx_HAL_Driver/stm32f2xx_hal_gpio.o
LOAD ./Drivers/STM32F2xx_HAL_Driver/stm32f2xx_hal_i2c.o
LOAD ./Drivers/STM32F2xx_HAL_Driver/stm32f2xx_hal_nand.o
LOAD ./Drivers/STM32F2xx_HAL_Driver/stm32f2xx_hal_nor.o
LOAD ./Drivers/STM32F2xx_HAL_Driver/stm32f2xx_hal_pccard.o
LOAD ./Drivers/STM32F2xx_HAL_Driver/stm32f2xx_hal_pwr.o
LOAD ./Drivers/STM32F2xx_HAL_Driver/stm32f2xx_hal_pwr_ex.o
LOAD ./Drivers/STM32F2xx_HAL_Driver/stm32f2xx_hal_rcc.o
LOAD ./Drivers/STM32F2xx_HAL_Driver/stm32f2xx_hal_rcc_ex.o
LOAD ./Drivers/STM32F2xx_HAL_Driver/stm32f2xx_hal_spi.o
LOAD ./Drivers/STM32F2xx_HAL_Driver/stm32f2xx_hal_sram.o
LOAD ./Drivers/STM32F2xx_HAL_Driver/stm32f2xx_hal_tim.o
LOAD ./Drivers/STM32F2xx_HAL_Driver/stm32f2xx_hal_tim_ex.o
LOAD ./Drivers/STM32F2xx_HAL_Driver/stm32f2xx_hal_uart.o
LOAD ./Drivers/STM32F2xx_HAL_Driver/stm32f2xx_ll_fsmc.o
START GROUP
LOAD C:/ST/STM32CubeIDE_1.18.0/STM32CubeIDE/plugins/com.st.stm32cube.ide.mcu.externaltools.gnu-tools-for-stm32.13.3.rel1.win32_1.0.0.202411081344/tools/bin/../lib/gcc/arm-none-eabi/13.3.1/../../../../arm-none-eabi/lib/thumb/v7-m/nofp\libc_nano.a
LOAD C:/ST/STM32CubeIDE_1.18.0/STM32CubeIDE/plugins/com.st.stm32cube.ide.mcu.externaltools.gnu-tools-for-stm32.13.3.rel1.win32_1.0.0.202411081344/tools/bin/../lib/gcc/arm-none-eabi/13.3.1/../../../../arm-none-eabi/lib/thumb/v7-m/nofp\libm.a
END GROUP
START GROUP
LOAD C:/ST/STM32CubeIDE_1.18.0/STM32CubeIDE/plugins/com.st.stm32cube.ide.mcu.externaltools.gnu-tools-for-stm32.13.3.rel1.win32_1.0.0.202411081344/tools/bin/../lib/gcc/arm-none-eabi/13.3.1/thumb/v7-m/nofp\libgcc.a
LOAD C:/ST/STM32CubeIDE_1.18.0/STM32CubeIDE/plugins/com.st.stm32cube.ide.mcu.externaltools.gnu-tools-for-stm32.13.3.rel1.win32_1.0.0.202411081344/tools/bin/../lib/gcc/arm-none-eabi/13.3.1/../../../../arm-none-eabi/lib/thumb/v7-m/nofp\libc_nano.a
END GROUP
START GROUP
LOAD C:/ST/STM32CubeIDE_1.18.0/STM32CubeIDE/plugins/com.st.stm32cube.ide.mcu.externaltools.gnu-tools-for-stm32.13.3.rel1.win32_1.0.0.202411081344/tools/bin/../lib/gcc/arm-none-eabi/13.3.1/thumb/v7-m/nofp\libgcc.a
LOAD C:/ST/STM32CubeIDE_1.18.0/STM32CubeIDE/plugins/com.st.stm32cube.ide.mcu.externaltools.gnu-tools-for-stm32.13.3.rel1.win32_1.0.0.202411081344/tools/bin/../lib/gcc/arm-none-eabi/13.3.1/../../../../arm-none-eabi/lib/thumb/v7-m/nofp\libc_nano.a
LOAD C:/ST/STM32CubeIDE_1.18.0/STM32CubeIDE/plugins/com.st.stm32cube.ide.mcu.externaltools.gnu-tools-for-stm32.13.3.rel1.win32_1.0.0.202411081344/tools/bin/../lib/gcc/arm-none-eabi/13.3.1/../../../../arm-none-eabi/lib/thumb/v7-m/nofp\libnosys.a
END GROUP
START GROUP
LOAD C:/ST/STM32CubeIDE_1.18.0/STM32CubeIDE/plugins/com.st.stm32cube.ide.mcu.externaltools.gnu-tools-for-stm32.13.3.rel1.win32_1.0.0.202411081344/tools/bin/../lib/gcc/arm-none-eabi/13.3.1/thumb/v7-m/nofp\libgcc.a
LOAD C:/ST/STM32CubeIDE_1.18.0/STM32CubeIDE/plugins/com.st.stm32cube.ide.mcu.externaltools.gnu-tools-for-stm32.13.3.rel1.win32_1.0.0.202411081344/tools/bin/../lib/gcc/arm-none-eabi/13.3.1/../../../../arm-none-eabi/lib/thumb/v7-m/nofp\libc_nano.a
LOAD C:/ST/STM32CubeIDE_1.18.0/STM32CubeIDE/plugins/com.st.stm32cube.ide.mcu.externaltools.gnu-tools-for-stm32.13.3.rel1.win32_1.0.0.202411081344/tools/bin/../lib/gcc/arm-none-eabi/13.3.1/../../../../arm-none-eabi/lib/thumb/v7-m/nofp\libnosys.a
END GROUP
LOAD C:/ST/STM32CubeIDE_1.18.0/STM32CubeIDE/plugins/com.st.stm32cube.ide.mcu.externaltools.gnu-tools-for-stm32.13.3.rel1.win32_1.0.0.202411081344/tools/bin/../lib/gcc/arm-none-eabi/13.3.1/thumb/v7-m/nofp/crtend.o
LOAD C:/ST/STM32CubeIDE_1.18.0/STM32CubeIDE/plugins/com.st.stm32cube.ide.mcu.externaltools.gnu-tools-for-stm32.13.3.rel1.win32_1.0.0.202411081344/tools/bin/../lib/gcc/arm-none-eabi/13.3.1/thumb/v7-m/nofp/crtn.o
                0x20020000                        _estack = (ORIGIN (RAM) + LENGTH (RAM))
                0x00000200                        _Min_Heap_Size = 0x200
                0x00000400                        _Min_Stack_Size = 0x400

.isr_vector     0x08000000      0x184
                0x08000000                        . = ALIGN (0x4)
 *(.isr_vector)
 .isr_vector    0x08000000      0x184 ./Core/Startup/startup_stm32f217zgtx.o
                0x08000000                g_pfnVectors
                0x08000184                        . = ALIGN (0x4)

.text           0x08000184     0x9d60
                0x08000184                        . = ALIGN (0x4)
 *(.text)
 .text          0x08000184       0x40 C:/ST/STM32CubeIDE_1.18.0/STM32CubeIDE/plugins/com.st.stm32cube.ide.mcu.externaltools.gnu-tools-for-stm32.13.3.rel1.win32_1.0.0.202411081344/tools/bin/../lib/gcc/arm-none-eabi/13.3.1/thumb/v7-m/nofp/crtbegin.o
 .text          0x080001c4      0x21c C:/ST/STM32CubeIDE_1.18.0/STM32CubeIDE/plugins/com.st.stm32cube.ide.mcu.externaltools.gnu-tools-for-stm32.13.3.rel1.win32_1.0.0.202411081344/tools/bin/../lib/gcc/arm-none-eabi/13.3.1/thumb/v7-m/nofp\libgcc.a(_arm_addsubsf3.o)
                0x080001c4                __aeabi_frsub
                0x080001cc                __subsf3
                0x080001cc                __aeabi_fsub
                0x080001d0                __aeabi_fadd
                0x080001d0                __addsf3
                0x08000330                __aeabi_ui2f
                0x08000330                __floatunsisf
                0x08000338                __aeabi_i2f
                0x08000338                __floatsisf
                0x08000354                __aeabi_ul2f
                0x08000354                __floatundisf
                0x08000364                __aeabi_l2f
                0x08000364                __floatdisf
 .text          0x080003e0      0x2a0 C:/ST/STM32CubeIDE_1.18.0/STM32CubeIDE/plugins/com.st.stm32cube.ide.mcu.externaltools.gnu-tools-for-stm32.13.3.rel1.win32_1.0.0.202411081344/tools/bin/../lib/gcc/arm-none-eabi/13.3.1/thumb/v7-m/nofp\libgcc.a(_arm_muldivsf3.o)
                0x080003e0                __mulsf3
                0x080003e0                __aeabi_fmul
                0x08000548                __aeabi_fdiv
                0x08000548                __divsf3
 .text          0x08000680       0xec C:/ST/STM32CubeIDE_1.18.0/STM32CubeIDE/plugins/com.st.stm32cube.ide.mcu.externaltools.gnu-tools-for-stm32.13.3.rel1.win32_1.0.0.202411081344/tools/bin/../lib/gcc/arm-none-eabi/13.3.1/thumb/v7-m/nofp\libgcc.a(_arm_cmpsf2.o)
                0x08000680                __gesf2
                0x08000680                __gtsf2
                0x08000688                __lesf2
                0x08000688                __ltsf2
                0x08000690                __nesf2
                0x08000690                __eqsf2
                0x08000690                __cmpsf2
                0x080006f0                __aeabi_cfrcmple
                0x080006f8                __aeabi_cfcmpeq
                0x080006f8                __aeabi_cfcmple
                0x08000708                __aeabi_fcmpeq
                0x0800071c                __aeabi_fcmplt
                0x08000730                __aeabi_fcmple
                0x08000744                __aeabi_fcmpge
                0x08000758                __aeabi_fcmpgt
 .text          0x0800076c       0x4c C:/ST/STM32CubeIDE_1.18.0/STM32CubeIDE/plugins/com.st.stm32cube.ide.mcu.externaltools.gnu-tools-for-stm32.13.3.rel1.win32_1.0.0.202411081344/tools/bin/../lib/gcc/arm-none-eabi/13.3.1/thumb/v7-m/nofp\libgcc.a(_arm_fixsfsi.o)
                0x0800076c                __aeabi_f2iz
                0x0800076c                __fixsfsi
 .text          0x080007b8       0x30 C:/ST/STM32CubeIDE_1.18.0/STM32CubeIDE/plugins/com.st.stm32cube.ide.mcu.externaltools.gnu-tools-for-stm32.13.3.rel1.win32_1.0.0.202411081344/tools/bin/../lib/gcc/arm-none-eabi/13.3.1/thumb/v7-m/nofp\libgcc.a(_aeabi_uldivmod.o)
                0x080007b8                __aeabi_uldivmod
 .text          0x080007e8      0x300 C:/ST/STM32CubeIDE_1.18.0/STM32CubeIDE/plugins/com.st.stm32cube.ide.mcu.externaltools.gnu-tools-for-stm32.13.3.rel1.win32_1.0.0.202411081344/tools/bin/../lib/gcc/arm-none-eabi/13.3.1/thumb/v7-m/nofp\libgcc.a(_udivmoddi4.o)
                0x080007e8                __udivmoddi4
 .text          0x08000ae8        0x4 C:/ST/STM32CubeIDE_1.18.0/STM32CubeIDE/plugins/com.st.stm32cube.ide.mcu.externaltools.gnu-tools-for-stm32.13.3.rel1.win32_1.0.0.202411081344/tools/bin/../lib/gcc/arm-none-eabi/13.3.1/thumb/v7-m/nofp\libgcc.a(_dvmd_tls.o)
                0x08000ae8                __aeabi_idiv0
                0x08000ae8                __aeabi_ldiv0
 *(.text*)
 .text.CMD_TakePicture
                0x08000aec      0x12c ./Core/Src/command.o
                0x08000aec                CMD_TakePicture
 .text.CMD_TakePictureDelayed
                0x08000c18      0x194 ./Core/Src/command.o
                0x08000c18                CMD_TakePictureDelayed
 .text.CMD_TransmitFrameCompressed
                0x08000dac      0x13c ./Core/Src/command.o
                0x08000dac                CMD_TransmitFrameCompressed
 .text.CMD_TransmitFrameRaw
                0x08000ee8      0x134 ./Core/Src/command.o
                0x08000ee8                CMD_TransmitFrameRaw
 .text.CMD_MemoryState
                0x0800101c       0x14 ./Core/Src/command.o
                0x0800101c                CMD_MemoryState
 .text.CMD_EraseRawBuffer
                0x08001030       0x14 ./Core/Src/command.o
                0x08001030                CMD_EraseRawBuffer
 .text.CMD_EraseCompressedBuffer
                0x08001044       0x14 ./Core/Src/command.o
                0x08001044                CMD_EraseCompressedBuffer
 .text.CMD_GetStatus
                0x08001058       0x14 ./Core/Src/command.o
                0x08001058                CMD_GetStatus
 .text.CMD_BackupVolatileMemory
                0x0800106c       0x14 ./Core/Src/command.o
                0x0800106c                CMD_BackupVolatileMemory
 .text.CMD_ResetPayload
                0x08001080       0x14 ./Core/Src/command.o
                0x08001080                CMD_ResetPayload
 .text.CMD_DumpMemorySRAM
                0x08001094       0x14 ./Core/Src/command.o
                0x08001094                CMD_DumpMemorySRAM
 .text.CMD_DumpMemoryFRAM
                0x080010a8       0x14 ./Core/Src/command.o
                0x080010a8                CMD_DumpMemoryFRAM
 .text.CMD_DumpPhoto
                0x080010bc       0x14 ./Core/Src/command.o
                0x080010bc                CMD_DumpPhoto
 .text.GetCommand
                0x080010d0       0x90 ./Core/Src/command.o
                0x080010d0                GetCommand
 .text.ExecuteCommand
                0x08001160       0x9c ./Core/Src/command.o
                0x08001160                ExecuteCommand
 .text.FillTxBufferWithZeroes
                0x080011fc       0x30 ./Core/Src/command.o
                0x080011fc                FillTxBufferWithZeroes
 .text.MX_DCMI_Init
                0x0800122c       0x50 ./Core/Src/dcmi.o
                0x0800122c                MX_DCMI_Init
 .text.HAL_DCMI_MspInit
                0x0800127c      0x154 ./Core/Src/dcmi.o
                0x0800127c                HAL_DCMI_MspInit
 .text.FRAM_InitDelay
                0x080013d0       0x34 ./Core/Src/fram.o
                0x080013d0                FRAM_InitDelay
 .text.delay_us
                0x08001404       0x4c ./Core/Src/fram.o
 .text.FRAM_SelectCS
                0x08001450       0x18 ./Core/Src/fram.o
 .text.FRAM_ReleaseCS
                0x08001468       0x18 ./Core/Src/fram.o
 .text.fram_optional_delay
                0x08001480       0x1e ./Core/Src/fram.o
 *fill*         0x0800149e        0x2 
 .text.rExtMem  0x080014a0       0x64 ./Core/Src/fram.o
                0x080014a0                rExtMem
 .text.Init_status
                0x08001504       0x26 ./Core/Src/fram.o
                0x08001504                Init_status
 *fill*         0x0800152a        0x2 
 .text.MX_FSMC_Init
                0x0800152c       0xb8 ./Core/Src/fsmc.o
                0x0800152c                MX_FSMC_Init
 .text.HAL_FSMC_MspInit
                0x080015e4       0xe0 ./Core/Src/fsmc.o
 .text.HAL_SRAM_MspInit
                0x080016c4       0x14 ./Core/Src/fsmc.o
                0x080016c4                HAL_SRAM_MspInit
 .text.MX_GPIO_Init
                0x080016d8      0x1b4 ./Core/Src/gpio.o
                0x080016d8                MX_GPIO_Init
 .text.MX_I2C2_Init
                0x0800188c       0x5c ./Core/Src/i2c.o
                0x0800188c                MX_I2C2_Init
 .text.MX_I2C3_Init
                0x080018e8       0x5c ./Core/Src/i2c.o
                0x080018e8                MX_I2C3_Init
 .text.HAL_I2C_MspInit
                0x08001944      0x140 ./Core/Src/i2c.o
                0x08001944                HAL_I2C_MspInit
 .text.TransmitBufferUART
                0x08001a84       0x1c ./Core/Src/ls_comms.o
                0x08001a84                TransmitBufferUART
 .text.Log      0x08001aa0       0x5c ./Core/Src/ls_comms.o
                0x08001aa0                Log
 .text.CopyVolatile
                0x08001afc       0x40 ./Core/Src/ls_comms.o
                0x08001afc                CopyVolatile
 .text.TransformTs
                0x08001b3c       0x28 ./Core/Src/ls_comms.o
                0x08001b3c                TransformTs
 .text.main     0x08001b64      0x148 ./Core/Src/main.o
                0x08001b64                main
 .text.SystemClock_Config
                0x08001cac       0x8c ./Core/Src/main.o
                0x08001cac                SystemClock_Config
 .text.Error_Handler
                0x08001d38        0xc ./Core/Src/main.o
                0x08001d38                Error_Handler
 .text.floorf_custom
                0x08001d44       0x56 ./Core/Src/photo.o
 .text.tjei_be_word
                0x08001d9a       0x2a ./Core/Src/photo.o
 .text.tjei_write
                0x08001dc4       0xd0 ./Core/Src/photo.o
 .text.tjei_write_DQT
                0x08001e94       0x88 ./Core/Src/photo.o
 .text.tjei_write_DHT
                0x08001f1c       0xec ./Core/Src/photo.o
 .text.tjei_huff_get_code_lengths
                0x08002008       0x68 ./Core/Src/photo.o
 .text.tjei_huff_get_codes
                0x08002070       0xa0 ./Core/Src/photo.o
 .text.tjei_huff_get_extended
                0x08002110       0x66 ./Core/Src/photo.o
 .text.tjei_calculate_variable_length_int
                0x08002176       0x6e ./Core/Src/photo.o
 .text.tjei_write_bits
                0x080021e4       0x8e ./Core/Src/photo.o
 *fill*         0x08002272        0x2 
 .text.tjei_fdct
                0x08002274      0x4a0 ./Core/Src/photo.o
 .text.tjei_encode_and_write_MCU
                0x08002714      0x3f0 ./Core/Src/photo.o
 .text.tjei_huff_expand
                0x08002b04      0x2cc ./Core/Src/photo.o
 .text.tjei_encode_main
                0x08002dd0      0xb14 ./Core/Src/photo.o
 .text.tjei_memory_func
                0x080038e4       0x4e ./Core/Src/photo.o
 *fill*         0x08003932        0x2 
 .text.tje_encode_to_memory
                0x08003934       0x60 ./Core/Src/photo.o
                0x08003934                tje_encode_to_memory
 .text.tje_encode_with_func
                0x08003994      0x2e4 ./Core/Src/photo.o
                0x08003994                tje_encode_with_func
 .text.DCMICapture
                0x08003c78      0x114 ./Core/Src/photo.o
                0x08003c78                DCMICapture
 .text.ComputeBlackPercentage
                0x08003d8c       0xa0 ./Core/Src/photo.o
                0x08003d8c                ComputeBlackPercentage
 .text.CompressToJPEG
                0x08003e2c      0x154 ./Core/Src/photo.o
                0x08003e2c                CompressToJPEG
 .text.init_camera_buffers
                0x08003f80       0xd0 ./Core/Src/photo.o
                0x08003f80                init_camera_buffers
 .text.MX_SPI2_Init
                0x08004050       0x5c ./Core/Src/spi.o
                0x08004050                MX_SPI2_Init
 .text.HAL_SPI_MspInit
                0x080040ac       0x90 ./Core/Src/spi.o
                0x080040ac                HAL_SPI_MspInit
 .text.HAL_MspInit
                0x0800413c       0x4c ./Core/Src/stm32f2xx_hal_msp.o
                0x0800413c                HAL_MspInit
 .text.NMI_Handler
                0x08004188        0x8 ./Core/Src/stm32f2xx_it.o
                0x08004188                NMI_Handler
 .text.HardFault_Handler
                0x08004190        0x8 ./Core/Src/stm32f2xx_it.o
                0x08004190                HardFault_Handler
 .text.MemManage_Handler
                0x08004198        0x8 ./Core/Src/stm32f2xx_it.o
                0x08004198                MemManage_Handler
 .text.BusFault_Handler
                0x080041a0        0x8 ./Core/Src/stm32f2xx_it.o
                0x080041a0                BusFault_Handler
 .text.UsageFault_Handler
                0x080041a8        0x8 ./Core/Src/stm32f2xx_it.o
                0x080041a8                UsageFault_Handler
 .text.SVC_Handler
                0x080041b0        0xc ./Core/Src/stm32f2xx_it.o
                0x080041b0                SVC_Handler
 .text.DebugMon_Handler
                0x080041bc        0xc ./Core/Src/stm32f2xx_it.o
                0x080041bc                DebugMon_Handler
 .text.PendSV_Handler
                0x080041c8        0xc ./Core/Src/stm32f2xx_it.o
                0x080041c8                PendSV_Handler
 .text.SysTick_Handler
                0x080041d4        0xc ./Core/Src/stm32f2xx_it.o
                0x080041d4                SysTick_Handler
 .text._getpid  0x080041e0        0xe ./Core/Src/syscalls.o
                0x080041e0                _getpid
 .text._kill    0x080041ee       0x20 ./Core/Src/syscalls.o
                0x080041ee                _kill
 .text._exit    0x0800420e       0x16 ./Core/Src/syscalls.o
                0x0800420e                _exit
 .text._read    0x08004224       0x3a ./Core/Src/syscalls.o
                0x08004224                _read
 .text._write   0x0800425e       0x38 ./Core/Src/syscalls.o
                0x0800425e                _write
 .text._close   0x08004296       0x16 ./Core/Src/syscalls.o
                0x08004296                _close
 .text._fstat   0x080042ac       0x1e ./Core/Src/syscalls.o
                0x080042ac                _fstat
 .text._isatty  0x080042ca       0x14 ./Core/Src/syscalls.o
                0x080042ca                _isatty
 .text._lseek   0x080042de       0x18 ./Core/Src/syscalls.o
                0x080042de                _lseek
 *fill*         0x080042f6        0x2 
 .text._sbrk    0x080042f8       0x6c ./Core/Src/sysmem.o
                0x080042f8                _sbrk
 .text.SystemInit
                0x08004364        0xc ./Core/Src/system_stm32f2xx.o
                0x08004364                SystemInit
 .text.MX_TIM11_Init
                0x08004370       0x98 ./Core/Src/tim.o
                0x08004370                MX_TIM11_Init
 .text.HAL_TIM_Base_MspInit
                0x08004408       0x40 ./Core/Src/tim.o
                0x08004408                HAL_TIM_Base_MspInit
 .text.HAL_TIM_MspPostInit
                0x08004448       0x74 ./Core/Src/tim.o
                0x08004448                HAL_TIM_MspPostInit
 .text.MX_UART4_Init
                0x080044bc       0x54 ./Core/Src/usart.o
                0x080044bc                MX_UART4_Init
 .text.MX_UART5_Init
                0x08004510       0x54 ./Core/Src/usart.o
                0x08004510                MX_UART5_Init
 .text.MX_USART1_UART_Init
                0x08004564       0x54 ./Core/Src/usart.o
                0x08004564                MX_USART1_UART_Init
 .text.HAL_UART_MspInit
                0x080045b8      0x1a8 ./Core/Src/usart.o
                0x080045b8                HAL_UART_MspInit
 .text.Reset_Handler
                0x08004760       0x50 ./Core/Startup/startup_stm32f217zgtx.o
                0x08004760                Reset_Handler
 .text.Default_Handler
                0x080047b0        0x2 ./Core/Startup/startup_stm32f217zgtx.o
                0x080047b0                RTC_Alarm_IRQHandler
                0x080047b0                HASH_RNG_IRQHandler
                0x080047b0                EXTI2_IRQHandler
                0x080047b0                TIM8_CC_IRQHandler
                0x080047b0                TIM1_CC_IRQHandler
                0x080047b0                DMA2_Stream5_IRQHandler
                0x080047b0                DMA1_Stream5_IRQHandler
                0x080047b0                PVD_IRQHandler
                0x080047b0                SDIO_IRQHandler
                0x080047b0                TAMP_STAMP_IRQHandler
                0x080047b0                CAN2_RX1_IRQHandler
                0x080047b0                EXTI3_IRQHandler
                0x080047b0                TIM8_TRG_COM_TIM14_IRQHandler
                0x080047b0                TIM1_UP_TIM10_IRQHandler
                0x080047b0                TIM8_UP_TIM13_IRQHandler
                0x080047b0                I2C3_ER_IRQHandler
                0x080047b0                EXTI0_IRQHandler
                0x080047b0                I2C2_EV_IRQHandler
                0x080047b0                DMA1_Stream2_IRQHandler
                0x080047b0                CAN1_RX0_IRQHandler
                0x080047b0                OTG_HS_WKUP_IRQHandler
                0x080047b0                CAN2_SCE_IRQHandler
                0x080047b0                DMA2_Stream2_IRQHandler
                0x080047b0                SPI1_IRQHandler
                0x080047b0                TIM6_DAC_IRQHandler
                0x080047b0                TIM1_BRK_TIM9_IRQHandler
                0x080047b0                DCMI_IRQHandler
                0x080047b0                CAN2_RX0_IRQHandler
                0x080047b0                DMA2_Stream3_IRQHandler
                0x080047b0                USART6_IRQHandler
                0x080047b0                USART3_IRQHandler
                0x080047b0                CRYP_IRQHandler
                0x080047b0                CAN1_RX1_IRQHandler
                0x080047b0                UART5_IRQHandler
                0x080047b0                DMA2_Stream0_IRQHandler
                0x080047b0                TIM4_IRQHandler
                0x080047b0                I2C1_EV_IRQHandler
                0x080047b0                DMA1_Stream6_IRQHandler
                0x080047b0                DMA1_Stream1_IRQHandler
                0x080047b0                UART4_IRQHandler
                0x080047b0                TIM3_IRQHandler
                0x080047b0                RCC_IRQHandler
                0x080047b0                TIM8_BRK_TIM12_IRQHandler
                0x080047b0                Default_Handler
                0x080047b0                EXTI15_10_IRQHandler
                0x080047b0                ADC_IRQHandler
                0x080047b0                DMA1_Stream7_IRQHandler
                0x080047b0                TIM7_IRQHandler
                0x080047b0                CAN2_TX_IRQHandler
                0x080047b0                TIM5_IRQHandler
                0x080047b0                DMA2_Stream7_IRQHandler
                0x080047b0                I2C3_EV_IRQHandler
                0x080047b0                EXTI9_5_IRQHandler
                0x080047b0                RTC_WKUP_IRQHandler
                0x080047b0                ETH_WKUP_IRQHandler
                0x080047b0                SPI2_IRQHandler
                0x080047b0                OTG_HS_EP1_IN_IRQHandler
                0x080047b0                DMA1_Stream0_IRQHandler
                0x080047b0                CAN1_TX_IRQHandler
                0x080047b0                EXTI4_IRQHandler
                0x080047b0                FSMC_IRQHandler
                0x080047b0                ETH_IRQHandler
                0x080047b0                OTG_HS_EP1_OUT_IRQHandler
                0x080047b0                WWDG_IRQHandler
                0x080047b0                TIM2_IRQHandler
                0x080047b0                OTG_FS_WKUP_IRQHandler
                0x080047b0                TIM1_TRG_COM_TIM11_IRQHandler
                0x080047b0                OTG_HS_IRQHandler
                0x080047b0                EXTI1_IRQHandler
                0x080047b0                USART2_IRQHandler
                0x080047b0                I2C2_ER_IRQHandler
                0x080047b0                DMA2_Stream1_IRQHandler
                0x080047b0                CAN1_SCE_IRQHandler
                0x080047b0                FLASH_IRQHandler
                0x080047b0                DMA2_Stream4_IRQHandler
                0x080047b0                USART1_IRQHandler
                0x080047b0                OTG_FS_IRQHandler
                0x080047b0                SPI3_IRQHandler
                0x080047b0                DMA1_Stream4_IRQHandler
                0x080047b0                I2C1_ER_IRQHandler
                0x080047b0                DMA2_Stream6_IRQHandler
                0x080047b0                DMA1_Stream3_IRQHandler
 *fill*         0x080047b2        0x2 
 .text.HAL_Init
                0x080047b4       0x44 ./Drivers/STM32F2xx_HAL_Driver/stm32f2xx_hal.o
                0x080047b4                HAL_Init
 .text.HAL_InitTick
                0x080047f8       0x60 ./Drivers/STM32F2xx_HAL_Driver/stm32f2xx_hal.o
                0x080047f8                HAL_InitTick
 .text.HAL_IncTick
                0x08004858       0x24 ./Drivers/STM32F2xx_HAL_Driver/stm32f2xx_hal.o
                0x08004858                HAL_IncTick
 .text.HAL_GetTick
                0x0800487c       0x14 ./Drivers/STM32F2xx_HAL_Driver/stm32f2xx_hal.o
                0x0800487c                HAL_GetTick
 .text.__NVIC_SetPriorityGrouping
                0x08004890       0x48 ./Drivers/STM32F2xx_HAL_Driver/stm32f2xx_hal_cortex.o
 .text.__NVIC_GetPriorityGrouping
                0x080048d8       0x1c ./Drivers/STM32F2xx_HAL_Driver/stm32f2xx_hal_cortex.o
 .text.__NVIC_SetPriority
                0x080048f4       0x54 ./Drivers/STM32F2xx_HAL_Driver/stm32f2xx_hal_cortex.o
 .text.NVIC_EncodePriority
                0x08004948       0x64 ./Drivers/STM32F2xx_HAL_Driver/stm32f2xx_hal_cortex.o
 .text.SysTick_Config
                0x080049ac       0x44 ./Drivers/STM32F2xx_HAL_Driver/stm32f2xx_hal_cortex.o
 .text.HAL_NVIC_SetPriorityGrouping
                0x080049f0       0x16 ./Drivers/STM32F2xx_HAL_Driver/stm32f2xx_hal_cortex.o
                0x080049f0                HAL_NVIC_SetPriorityGrouping
 .text.HAL_NVIC_SetPriority
                0x08004a06       0x38 ./Drivers/STM32F2xx_HAL_Driver/stm32f2xx_hal_cortex.o
                0x08004a06                HAL_NVIC_SetPriority
 .text.HAL_SYSTICK_Config
                0x08004a3e       0x18 ./Drivers/STM32F2xx_HAL_Driver/stm32f2xx_hal_cortex.o
                0x08004a3e                HAL_SYSTICK_Config
 .text.HAL_DCMI_Init
                0x08004a56       0xcc ./Drivers/STM32F2xx_HAL_Driver/stm32f2xx_hal_dcmi.o
                0x08004a56                HAL_DCMI_Init
 *fill*         0x08004b22        0x2 
 .text.HAL_DCMI_Start_DMA
                0x08004b24      0x188 ./Drivers/STM32F2xx_HAL_Driver/stm32f2xx_hal_dcmi.o
                0x08004b24                HAL_DCMI_Start_DMA
 .text.HAL_DCMI_ErrorCallback
                0x08004cac       0x12 ./Drivers/STM32F2xx_HAL_Driver/stm32f2xx_hal_dcmi.o
                0x08004cac                HAL_DCMI_ErrorCallback
 .text.DCMI_DMAXferCplt
                0x08004cbe      0x126 ./Drivers/STM32F2xx_HAL_Driver/stm32f2xx_hal_dcmi.o
 .text.DCMI_DMAError
                0x08004de4       0x3a ./Drivers/STM32F2xx_HAL_Driver/stm32f2xx_hal_dcmi.o
 .text.HAL_DMA_Start_IT
                0x08004e1e       0xb0 ./Drivers/STM32F2xx_HAL_Driver/stm32f2xx_hal_dma.o
                0x08004e1e                HAL_DMA_Start_IT
 .text.DMA_SetConfig
                0x08004ece       0x5a ./Drivers/STM32F2xx_HAL_Driver/stm32f2xx_hal_dma.o
 .text.HAL_DMAEx_MultiBufferStart_IT
                0x08004f28     0x1290 ./Drivers/STM32F2xx_HAL_Driver/stm32f2xx_hal_dma_ex.o
                0x08004f28                HAL_DMAEx_MultiBufferStart_IT
 .text.HAL_DMAEx_ChangeMemory
                0x080061b8       0x32 ./Drivers/STM32F2xx_HAL_Driver/stm32f2xx_hal_dma_ex.o
                0x080061b8                HAL_DMAEx_ChangeMemory
 .text.DMA_MultiBufferSetConfig
                0x080061ea       0x4a ./Drivers/STM32F2xx_HAL_Driver/stm32f2xx_hal_dma_ex.o
 .text.HAL_GPIO_Init
                0x08006234      0x33c ./Drivers/STM32F2xx_HAL_Driver/stm32f2xx_hal_gpio.o
                0x08006234                HAL_GPIO_Init
 .text.HAL_GPIO_WritePin
                0x08006570       0x30 ./Drivers/STM32F2xx_HAL_Driver/stm32f2xx_hal_gpio.o
                0x08006570                HAL_GPIO_WritePin
 .text.HAL_I2C_Init
                0x080065a0      0x288 ./Drivers/STM32F2xx_HAL_Driver/stm32f2xx_hal_i2c.o
                0x080065a0                HAL_I2C_Init
 .text.HAL_RCC_OscConfig
                0x08006828      0x4a8 ./Drivers/STM32F2xx_HAL_Driver/stm32f2xx_hal_rcc.o
                0x08006828                HAL_RCC_OscConfig
 .text.HAL_RCC_ClockConfig
                0x08006cd0      0x1d8 ./Drivers/STM32F2xx_HAL_Driver/stm32f2xx_hal_rcc.o
                0x08006cd0                HAL_RCC_ClockConfig
 .text.HAL_RCC_GetSysClockFreq
                0x08006ea8      0x218 ./Drivers/STM32F2xx_HAL_Driver/stm32f2xx_hal_rcc.o
                0x08006ea8                HAL_RCC_GetSysClockFreq
 .text.HAL_RCC_GetHCLKFreq
                0x080070c0       0x14 ./Drivers/STM32F2xx_HAL_Driver/stm32f2xx_hal_rcc.o
                0x080070c0                HAL_RCC_GetHCLKFreq
 .text.HAL_RCC_GetPCLK1Freq
                0x080070d4       0x44 ./Drivers/STM32F2xx_HAL_Driver/stm32f2xx_hal_rcc.o
                0x080070d4                HAL_RCC_GetPCLK1Freq
 .text.HAL_RCC_GetPCLK2Freq
                0x08007118       0x44 ./Drivers/STM32F2xx_HAL_Driver/stm32f2xx_hal_rcc.o
                0x08007118                HAL_RCC_GetPCLK2Freq
 .text.HAL_SPI_Init
                0x0800715c      0x112 ./Drivers/STM32F2xx_HAL_Driver/stm32f2xx_hal_spi.o
                0x0800715c                HAL_SPI_Init
 .text.HAL_SPI_Transmit
                0x0800726e      0x288 ./Drivers/STM32F2xx_HAL_Driver/stm32f2xx_hal_spi.o
                0x0800726e                HAL_SPI_Transmit
 .text.HAL_SPI_Receive
                0x080074f6      0x232 ./Drivers/STM32F2xx_HAL_Driver/stm32f2xx_hal_spi.o
                0x080074f6                HAL_SPI_Receive
 .text.HAL_SPI_TransmitReceive
                0x08007728      0x352 ./Drivers/STM32F2xx_HAL_Driver/stm32f2xx_hal_spi.o
                0x08007728                HAL_SPI_TransmitReceive
 *fill*         0x08007a7a        0x2 
 .text.SPI_WaitFlagStateUntilTimeout
                0x08007a7c      0x110 ./Drivers/STM32F2xx_HAL_Driver/stm32f2xx_hal_spi.o
 .text.SPI_EndRxTransaction
                0x08007b8c       0x6a ./Drivers/STM32F2xx_HAL_Driver/stm32f2xx_hal_spi.o
 .text.SPI_EndRxTxTransaction
                0x08007bf6       0x62 ./Drivers/STM32F2xx_HAL_Driver/stm32f2xx_hal_spi.o
 .text.HAL_SRAM_Init
                0x08007c58       0x9a ./Drivers/STM32F2xx_HAL_Driver/stm32f2xx_hal_sram.o
                0x08007c58                HAL_SRAM_Init
 .text.HAL_TIM_Base_Init
                0x08007cf2       0x9e ./Drivers/STM32F2xx_HAL_Driver/stm32f2xx_hal_tim.o
                0x08007cf2                HAL_TIM_Base_Init
 .text.HAL_TIM_PWM_Init
                0x08007d90       0x9e ./Drivers/STM32F2xx_HAL_Driver/stm32f2xx_hal_tim.o
                0x08007d90                HAL_TIM_PWM_Init
 .text.HAL_TIM_PWM_MspInit
                0x08007e2e       0x12 ./Drivers/STM32F2xx_HAL_Driver/stm32f2xx_hal_tim.o
                0x08007e2e                HAL_TIM_PWM_MspInit
 .text.HAL_TIM_PWM_Start
                0x08007e40      0x190 ./Drivers/STM32F2xx_HAL_Driver/stm32f2xx_hal_tim.o
                0x08007e40                HAL_TIM_PWM_Start
 .text.HAL_TIM_PWM_ConfigChannel
                0x08007fd0      0x184 ./Drivers/STM32F2xx_HAL_Driver/stm32f2xx_hal_tim.o
                0x08007fd0                HAL_TIM_PWM_ConfigChannel
 .text.TIM_Base_SetConfig
                0x08008154      0x154 ./Drivers/STM32F2xx_HAL_Driver/stm32f2xx_hal_tim.o
                0x08008154                TIM_Base_SetConfig
 .text.TIM_OC1_SetConfig
                0x080082a8       0xe0 ./Drivers/STM32F2xx_HAL_Driver/stm32f2xx_hal_tim.o
 .text.TIM_OC2_SetConfig
                0x08008388       0xe8 ./Drivers/STM32F2xx_HAL_Driver/stm32f2xx_hal_tim.o
                0x08008388                TIM_OC2_SetConfig
 .text.TIM_OC3_SetConfig
                0x08008470       0xe8 ./Drivers/STM32F2xx_HAL_Driver/stm32f2xx_hal_tim.o
 .text.TIM_OC4_SetConfig
                0x08008558       0xa8 ./Drivers/STM32F2xx_HAL_Driver/stm32f2xx_hal_tim.o
 .text.TIM_CCxChannelCmd
                0x08008600       0x48 ./Drivers/STM32F2xx_HAL_Driver/stm32f2xx_hal_tim.o
                0x08008600                TIM_CCxChannelCmd
 .text.HAL_UART_Init
                0x08008648       0xa0 ./Drivers/STM32F2xx_HAL_Driver/stm32f2xx_hal_uart.o
                0x08008648                HAL_UART_Init
 .text.HAL_UART_Transmit_IT
                0x080086e8       0x6a ./Drivers/STM32F2xx_HAL_Driver/stm32f2xx_hal_uart.o
                0x080086e8                HAL_UART_Transmit_IT
 .text.HAL_UART_Receive_IT
                0x08008752       0x4a ./Drivers/STM32F2xx_HAL_Driver/stm32f2xx_hal_uart.o
                0x08008752                HAL_UART_Receive_IT
 .text.UART_Start_Receive_IT
                0x0800879c       0x72 ./Drivers/STM32F2xx_HAL_Driver/stm32f2xx_hal_uart.o
                0x0800879c                UART_Start_Receive_IT
 *fill*         0x0800880e        0x2 
 .text.UART_SetConfig
                0x08008810      0x1d4 ./Drivers/STM32F2xx_HAL_Driver/stm32f2xx_hal_uart.o
 .text.FSMC_NORSRAM_Init
                0x080089e4       0xc0 ./Drivers/STM32F2xx_HAL_Driver/stm32f2xx_ll_fsmc.o
                0x080089e4                FSMC_NORSRAM_Init
 .text.FSMC_NORSRAM_Timing_Init
                0x08008aa4       0x5a ./Drivers/STM32F2xx_HAL_Driver/stm32f2xx_ll_fsmc.o
                0x08008aa4                FSMC_NORSRAM_Timing_Init
 *fill*         0x08008afe        0x2 
 .text.FSMC_NORSRAM_Extended_Timing_Init
                0x08008b00       0x70 ./Drivers/STM32F2xx_HAL_Driver/stm32f2xx_ll_fsmc.o
                0x08008b00                FSMC_NORSRAM_Extended_Timing_Init
 .text.__assert_func
                0x08008b70       0x3c C:/ST/STM32CubeIDE_1.18.0/STM32CubeIDE/plugins/com.st.stm32cube.ide.mcu.externaltools.gnu-tools-for-stm32.13.3.rel1.win32_1.0.0.202411081344/tools/bin/../lib/gcc/arm-none-eabi/13.3.1/../../../../arm-none-eabi/lib/thumb/v7-m/nofp\libc_nano.a(libc_a-assert.o)
                0x08008b70                __assert_func
 .text.std      0x08008bac       0x6c C:/ST/STM32CubeIDE_1.18.0/STM32CubeIDE/plugins/com.st.stm32cube.ide.mcu.externaltools.gnu-tools-for-stm32.13.3.rel1.win32_1.0.0.202411081344/tools/bin/../lib/gcc/arm-none-eabi/13.3.1/../../../../arm-none-eabi/lib/thumb/v7-m/nofp\libc_nano.a(libc_a-findfp.o)
 .text.stdio_exit_handler
                0x08008c18       0x18 C:/ST/STM32CubeIDE_1.18.0/STM32CubeIDE/plugins/com.st.stm32cube.ide.mcu.externaltools.gnu-tools-for-stm32.13.3.rel1.win32_1.0.0.202411081344/tools/bin/../lib/gcc/arm-none-eabi/13.3.1/../../../../arm-none-eabi/lib/thumb/v7-m/nofp\libc_nano.a(libc_a-findfp.o)
 .text.cleanup_stdio
                0x08008c30       0x40 C:/ST/STM32CubeIDE_1.18.0/STM32CubeIDE/plugins/com.st.stm32cube.ide.mcu.externaltools.gnu-tools-for-stm32.13.3.rel1.win32_1.0.0.202411081344/tools/bin/../lib/gcc/arm-none-eabi/13.3.1/../../../../arm-none-eabi/lib/thumb/v7-m/nofp\libc_nano.a(libc_a-findfp.o)
 .text.global_stdio_init.part.0
                0x08008c70       0x3c C:/ST/STM32CubeIDE_1.18.0/STM32CubeIDE/plugins/com.st.stm32cube.ide.mcu.externaltools.gnu-tools-for-stm32.13.3.rel1.win32_1.0.0.202411081344/tools/bin/../lib/gcc/arm-none-eabi/13.3.1/../../../../arm-none-eabi/lib/thumb/v7-m/nofp\libc_nano.a(libc_a-findfp.o)
 .text.__sfp_lock_acquire
                0x08008cac        0xc C:/ST/STM32CubeIDE_1.18.0/STM32CubeIDE/plugins/com.st.stm32cube.ide.mcu.externaltools.gnu-tools-for-stm32.13.3.rel1.win32_1.0.0.202411081344/tools/bin/../lib/gcc/arm-none-eabi/13.3.1/../../../../arm-none-eabi/lib/thumb/v7-m/nofp\libc_nano.a(libc_a-findfp.o)
                0x08008cac                __sfp_lock_acquire
 .text.__sfp_lock_release
                0x08008cb8        0xc C:/ST/STM32CubeIDE_1.18.0/STM32CubeIDE/plugins/com.st.stm32cube.ide.mcu.externaltools.gnu-tools-for-stm32.13.3.rel1.win32_1.0.0.202411081344/tools/bin/../lib/gcc/arm-none-eabi/13.3.1/../../../../arm-none-eabi/lib/thumb/v7-m/nofp\libc_nano.a(libc_a-findfp.o)
                0x08008cb8                __sfp_lock_release
 .text.__sinit  0x08008cc4       0x30 C:/ST/STM32CubeIDE_1.18.0/STM32CubeIDE/plugins/com.st.stm32cube.ide.mcu.externaltools.gnu-tools-for-stm32.13.3.rel1.win32_1.0.0.202411081344/tools/bin/../lib/gcc/arm-none-eabi/13.3.1/../../../../arm-none-eabi/lib/thumb/v7-m/nofp\libc_nano.a(libc_a-findfp.o)
                0x08008cc4                __sinit
 .text.fprintf  0x08008cf4       0x24 C:/ST/STM32CubeIDE_1.18.0/STM32CubeIDE/plugins/com.st.stm32cube.ide.mcu.externaltools.gnu-tools-for-stm32.13.3.rel1.win32_1.0.0.202411081344/tools/bin/../lib/gcc/arm-none-eabi/13.3.1/../../../../arm-none-eabi/lib/thumb/v7-m/nofp\libc_nano.a(libc_a-fprintf.o)
                0x08008cf4                fiprintf
                0x08008cf4                fprintf
 .text._fwalk_sglue
                0x08008d18       0x3c C:/ST/STM32CubeIDE_1.18.0/STM32CubeIDE/plugins/com.st.stm32cube.ide.mcu.externaltools.gnu-tools-for-stm32.13.3.rel1.win32_1.0.0.202411081344/tools/bin/../lib/gcc/arm-none-eabi/13.3.1/../../../../arm-none-eabi/lib/thumb/v7-m/nofp\libc_nano.a(libc_a-fwalk.o)
                0x08008d18                _fwalk_sglue
 .text.snprintf
                0x08008d54       0x6c C:/ST/STM32CubeIDE_1.18.0/STM32CubeIDE/plugins/com.st.stm32cube.ide.mcu.externaltools.gnu-tools-for-stm32.13.3.rel1.win32_1.0.0.202411081344/tools/bin/../lib/gcc/arm-none-eabi/13.3.1/../../../../arm-none-eabi/lib/thumb/v7-m/nofp\libc_nano.a(libc_a-snprintf.o)
                0x08008d54                sniprintf
                0x08008d54                snprintf
 .text.sprintf  0x08008dc0       0x44 C:/ST/STM32CubeIDE_1.18.0/STM32CubeIDE/plugins/com.st.stm32cube.ide.mcu.externaltools.gnu-tools-for-stm32.13.3.rel1.win32_1.0.0.202411081344/tools/bin/../lib/gcc/arm-none-eabi/13.3.1/../../../../arm-none-eabi/lib/thumb/v7-m/nofp\libc_nano.a(libc_a-sprintf.o)
                0x08008dc0                siprintf
                0x08008dc0                sprintf
 .text.__sread  0x08008e04       0x22 C:/ST/STM32CubeIDE_1.18.0/STM32CubeIDE/plugins/com.st.stm32cube.ide.mcu.externaltools.gnu-tools-for-stm32.13.3.rel1.win32_1.0.0.202411081344/tools/bin/../lib/gcc/arm-none-eabi/13.3.1/../../../../arm-none-eabi/lib/thumb/v7-m/nofp\libc_nano.a(libc_a-stdio.o)
                0x08008e04                __sread
 .text.__swrite
                0x08008e26       0x38 C:/ST/STM32CubeIDE_1.18.0/STM32CubeIDE/plugins/com.st.stm32cube.ide.mcu.externaltools.gnu-tools-for-stm32.13.3.rel1.win32_1.0.0.202411081344/tools/bin/../lib/gcc/arm-none-eabi/13.3.1/../../../../arm-none-eabi/lib/thumb/v7-m/nofp\libc_nano.a(libc_a-stdio.o)
                0x08008e26                __swrite
 .text.__sseek  0x08008e5e       0x24 C:/ST/STM32CubeIDE_1.18.0/STM32CubeIDE/plugins/com.st.stm32cube.ide.mcu.externaltools.gnu-tools-for-stm32.13.3.rel1.win32_1.0.0.202411081344/tools/bin/../lib/gcc/arm-none-eabi/13.3.1/../../../../arm-none-eabi/lib/thumb/v7-m/nofp\libc_nano.a(libc_a-stdio.o)
                0x08008e5e                __sseek
 .text.__sclose
                0x08008e82        0x8 C:/ST/STM32CubeIDE_1.18.0/STM32CubeIDE/plugins/com.st.stm32cube.ide.mcu.externaltools.gnu-tools-for-stm32.13.3.rel1.win32_1.0.0.202411081344/tools/bin/../lib/gcc/arm-none-eabi/13.3.1/../../../../arm-none-eabi/lib/thumb/v7-m/nofp\libc_nano.a(libc_a-stdio.o)
                0x08008e82                __sclose
 .text.memset   0x08008e8a       0x10 C:/ST/STM32CubeIDE_1.18.0/STM32CubeIDE/plugins/com.st.stm32cube.ide.mcu.externaltools.gnu-tools-for-stm32.13.3.rel1.win32_1.0.0.202411081344/tools/bin/../lib/gcc/arm-none-eabi/13.3.1/../../../../arm-none-eabi/lib/thumb/v7-m/nofp\libc_nano.a(libc_a-memset.o)
                0x08008e8a                memset
 *fill*         0x08008e9a        0x2 
 .text._close_r
                0x08008e9c       0x20 C:/ST/STM32CubeIDE_1.18.0/STM32CubeIDE/plugins/com.st.stm32cube.ide.mcu.externaltools.gnu-tools-for-stm32.13.3.rel1.win32_1.0.0.202411081344/tools/bin/../lib/gcc/arm-none-eabi/13.3.1/../../../../arm-none-eabi/lib/thumb/v7-m/nofp\libc_nano.a(libc_a-closer.o)
                0x08008e9c                _close_r
 .text._lseek_r
                0x08008ebc       0x24 C:/ST/STM32CubeIDE_1.18.0/STM32CubeIDE/plugins/com.st.stm32cube.ide.mcu.externaltools.gnu-tools-for-stm32.13.3.rel1.win32_1.0.0.202411081344/tools/bin/../lib/gcc/arm-none-eabi/13.3.1/../../../../arm-none-eabi/lib/thumb/v7-m/nofp\libc_nano.a(libc_a-lseekr.o)
                0x08008ebc                _lseek_r
 .text._read_r  0x08008ee0       0x24 C:/ST/STM32CubeIDE_1.18.0/STM32CubeIDE/plugins/com.st.stm32cube.ide.mcu.externaltools.gnu-tools-for-stm32.13.3.rel1.win32_1.0.0.202411081344/tools/bin/../lib/gcc/arm-none-eabi/13.3.1/../../../../arm-none-eabi/lib/thumb/v7-m/nofp\libc_nano.a(libc_a-readr.o)
                0x08008ee0                _read_r
 .text._write_r
                0x08008f04       0x24 C:/ST/STM32CubeIDE_1.18.0/STM32CubeIDE/plugins/com.st.stm32cube.ide.mcu.externaltools.gnu-tools-for-stm32.13.3.rel1.win32_1.0.0.202411081344/tools/bin/../lib/gcc/arm-none-eabi/13.3.1/../../../../arm-none-eabi/lib/thumb/v7-m/nofp\libc_nano.a(libc_a-writer.o)
                0x08008f04                _write_r
 .text.__errno  0x08008f28        0xc C:/ST/STM32CubeIDE_1.18.0/STM32CubeIDE/plugins/com.st.stm32cube.ide.mcu.externaltools.gnu-tools-for-stm32.13.3.rel1.win32_1.0.0.202411081344/tools/bin/../lib/gcc/arm-none-eabi/13.3.1/../../../../arm-none-eabi/lib/thumb/v7-m/nofp\libc_nano.a(libc_a-errno.o)
                0x08008f28                __errno
 .text.__libc_init_array
                0x08008f34       0x48 C:/ST/STM32CubeIDE_1.18.0/STM32CubeIDE/plugins/com.st.stm32cube.ide.mcu.externaltools.gnu-tools-for-stm32.13.3.rel1.win32_1.0.0.202411081344/tools/bin/../lib/gcc/arm-none-eabi/13.3.1/../../../../arm-none-eabi/lib/thumb/v7-m/nofp\libc_nano.a(libc_a-init.o)
                0x08008f34                __libc_init_array
 .text.__retarget_lock_init_recursive
                0x08008f7c        0x2 C:/ST/STM32CubeIDE_1.18.0/STM32CubeIDE/plugins/com.st.stm32cube.ide.mcu.externaltools.gnu-tools-for-stm32.13.3.rel1.win32_1.0.0.202411081344/tools/bin/../lib/gcc/arm-none-eabi/13.3.1/../../../../arm-none-eabi/lib/thumb/v7-m/nofp\libc_nano.a(libc_a-lock.o)
                0x08008f7c                __retarget_lock_init_recursive
 .text.__retarget_lock_acquire_recursive
                0x08008f7e        0x2 C:/ST/STM32CubeIDE_1.18.0/STM32CubeIDE/plugins/com.st.stm32cube.ide.mcu.externaltools.gnu-tools-for-stm32.13.3.rel1.win32_1.0.0.202411081344/tools/bin/../lib/gcc/arm-none-eabi/13.3.1/../../../../arm-none-eabi/lib/thumb/v7-m/nofp\libc_nano.a(libc_a-lock.o)
                0x08008f7e                __retarget_lock_acquire_recursive
 .text.__retarget_lock_release_recursive
                0x08008f80        0x2 C:/ST/STM32CubeIDE_1.18.0/STM32CubeIDE/plugins/com.st.stm32cube.ide.mcu.externaltools.gnu-tools-for-stm32.13.3.rel1.win32_1.0.0.202411081344/tools/bin/../lib/gcc/arm-none-eabi/13.3.1/../../../../arm-none-eabi/lib/thumb/v7-m/nofp\libc_nano.a(libc_a-lock.o)
                0x08008f80                __retarget_lock_release_recursive
 .text.memcpy   0x08008f82       0x1c C:/ST/STM32CubeIDE_1.18.0/STM32CubeIDE/plugins/com.st.stm32cube.ide.mcu.externaltools.gnu-tools-for-stm32.13.3.rel1.win32_1.0.0.202411081344/tools/bin/../lib/gcc/arm-none-eabi/13.3.1/../../../../arm-none-eabi/lib/thumb/v7-m/nofp\libc_nano.a(libc_a-memcpy-stub.o)
                0x08008f82                memcpy
 .text.abort    0x08008f9e        0xe C:/ST/STM32CubeIDE_1.18.0/STM32CubeIDE/plugins/com.st.stm32cube.ide.mcu.externaltools.gnu-tools-for-stm32.13.3.rel1.win32_1.0.0.202411081344/tools/bin/../lib/gcc/arm-none-eabi/13.3.1/../../../../arm-none-eabi/lib/thumb/v7-m/nofp\libc_nano.a(libc_a-abort.o)
                0x08008f9e                abort
 .text._free_r  0x08008fac       0x90 C:/ST/STM32CubeIDE_1.18.0/STM32CubeIDE/plugins/com.st.stm32cube.ide.mcu.externaltools.gnu-tools-for-stm32.13.3.rel1.win32_1.0.0.202411081344/tools/bin/../lib/gcc/arm-none-eabi/13.3.1/../../../../arm-none-eabi/lib/thumb/v7-m/nofp\libc_nano.a(libc_a-freer.o)
                0x08008fac                _free_r
 .text.sbrk_aligned
                0x0800903c       0x44 C:/ST/STM32CubeIDE_1.18.0/STM32CubeIDE/plugins/com.st.stm32cube.ide.mcu.externaltools.gnu-tools-for-stm32.13.3.rel1.win32_1.0.0.202411081344/tools/bin/../lib/gcc/arm-none-eabi/13.3.1/../../../../arm-none-eabi/lib/thumb/v7-m/nofp\libc_nano.a(libc_a-mallocr.o)
 .text._malloc_r
                0x08009080      0x100 C:/ST/STM32CubeIDE_1.18.0/STM32CubeIDE/plugins/com.st.stm32cube.ide.mcu.externaltools.gnu-tools-for-stm32.13.3.rel1.win32_1.0.0.202411081344/tools/bin/../lib/gcc/arm-none-eabi/13.3.1/../../../../arm-none-eabi/lib/thumb/v7-m/nofp\libc_nano.a(libc_a-mallocr.o)
                0x08009080                _malloc_r
 .text.__malloc_lock
                0x08009180        0xc C:/ST/STM32CubeIDE_1.18.0/STM32CubeIDE/plugins/com.st.stm32cube.ide.mcu.externaltools.gnu-tools-for-stm32.13.3.rel1.win32_1.0.0.202411081344/tools/bin/../lib/gcc/arm-none-eabi/13.3.1/../../../../arm-none-eabi/lib/thumb/v7-m/nofp\libc_nano.a(libc_a-mlock.o)
                0x08009180                __malloc_lock
 .text.__malloc_unlock
                0x0800918c        0xc C:/ST/STM32CubeIDE_1.18.0/STM32CubeIDE/plugins/com.st.stm32cube.ide.mcu.externaltools.gnu-tools-for-stm32.13.3.rel1.win32_1.0.0.202411081344/tools/bin/../lib/gcc/arm-none-eabi/13.3.1/../../../../arm-none-eabi/lib/thumb/v7-m/nofp\libc_nano.a(libc_a-mlock.o)
                0x0800918c                __malloc_unlock
 .text.__ssputs_r
                0x08009198       0xb6 C:/ST/STM32CubeIDE_1.18.0/STM32CubeIDE/plugins/com.st.stm32cube.ide.mcu.externaltools.gnu-tools-for-stm32.13.3.rel1.win32_1.0.0.202411081344/tools/bin/../lib/gcc/arm-none-eabi/13.3.1/../../../../arm-none-eabi/lib/thumb/v7-m/nofp\libc_nano.a(libc_a-nano-svfprintf.o)
                0x08009198                __ssputs_r
 *fill*         0x0800924e        0x2 
 .text._svfprintf_r
                0x08009250      0x1f8 C:/ST/STM32CubeIDE_1.18.0/STM32CubeIDE/plugins/com.st.stm32cube.ide.mcu.externaltools.gnu-tools-for-stm32.13.3.rel1.win32_1.0.0.202411081344/tools/bin/../lib/gcc/arm-none-eabi/13.3.1/../../../../arm-none-eabi/lib/thumb/v7-m/nofp\libc_nano.a(libc_a-nano-svfprintf.o)
                0x08009250                _svfiprintf_r
                0x08009250                _svfprintf_r
 .text.__sfputc_r
                0x08009448       0x2a C:/ST/STM32CubeIDE_1.18.0/STM32CubeIDE/plugins/com.st.stm32cube.ide.mcu.externaltools.gnu-tools-for-stm32.13.3.rel1.win32_1.0.0.202411081344/tools/bin/../lib/gcc/arm-none-eabi/13.3.1/../../../../arm-none-eabi/lib/thumb/v7-m/nofp\libc_nano.a(libc_a-nano-vfprintf.o)
 .text.__sfputs_r
                0x08009472       0x24 C:/ST/STM32CubeIDE_1.18.0/STM32CubeIDE/plugins/com.st.stm32cube.ide.mcu.externaltools.gnu-tools-for-stm32.13.3.rel1.win32_1.0.0.202411081344/tools/bin/../lib/gcc/arm-none-eabi/13.3.1/../../../../arm-none-eabi/lib/thumb/v7-m/nofp\libc_nano.a(libc_a-nano-vfprintf.o)
                0x08009472                __sfputs_r
 *fill*         0x08009496        0x2 
 .text._vfprintf_r
                0x08009498      0x230 C:/ST/STM32CubeIDE_1.18.0/STM32CubeIDE/plugins/com.st.stm32cube.ide.mcu.externaltools.gnu-tools-for-stm32.13.3.rel1.win32_1.0.0.202411081344/tools/bin/../lib/gcc/arm-none-eabi/13.3.1/../../../../arm-none-eabi/lib/thumb/v7-m/nofp\libc_nano.a(libc_a-nano-vfprintf.o)
                0x08009498                _vfprintf_r
                0x08009498                _vfiprintf_r
 .text._printf_common
                0x080096c8       0xe4 C:/ST/STM32CubeIDE_1.18.0/STM32CubeIDE/plugins/com.st.stm32cube.ide.mcu.externaltools.gnu-tools-for-stm32.13.3.rel1.win32_1.0.0.202411081344/tools/bin/../lib/gcc/arm-none-eabi/13.3.1/../../../../arm-none-eabi/lib/thumb/v7-m/nofp\libc_nano.a(libc_a-nano-vfprintf_i.o)
                0x080096c8                _printf_common
 .text._printf_i
                0x080097ac      0x23c C:/ST/STM32CubeIDE_1.18.0/STM32CubeIDE/plugins/com.st.stm32cube.ide.mcu.externaltools.gnu-tools-for-stm32.13.3.rel1.win32_1.0.0.202411081344/tools/bin/../lib/gcc/arm-none-eabi/13.3.1/../../../../arm-none-eabi/lib/thumb/v7-m/nofp\libc_nano.a(libc_a-nano-vfprintf_i.o)
                0x080097ac                _printf_i
 .text.__sflush_r
                0x080099e8      0x100 C:/ST/STM32CubeIDE_1.18.0/STM32CubeIDE/plugins/com.st.stm32cube.ide.mcu.externaltools.gnu-tools-for-stm32.13.3.rel1.win32_1.0.0.202411081344/tools/bin/../lib/gcc/arm-none-eabi/13.3.1/../../../../arm-none-eabi/lib/thumb/v7-m/nofp\libc_nano.a(libc_a-fflush.o)
                0x080099e8                __sflush_r
 .text._fflush_r
                0x08009ae8       0x50 C:/ST/STM32CubeIDE_1.18.0/STM32CubeIDE/plugins/com.st.stm32cube.ide.mcu.externaltools.gnu-tools-for-stm32.13.3.rel1.win32_1.0.0.202411081344/tools/bin/../lib/gcc/arm-none-eabi/13.3.1/../../../../arm-none-eabi/lib/thumb/v7-m/nofp\libc_nano.a(libc_a-fflush.o)
                0x08009ae8                _fflush_r
 .text.__swbuf_r
                0x08009b38       0x7c C:/ST/STM32CubeIDE_1.18.0/STM32CubeIDE/plugins/com.st.stm32cube.ide.mcu.externaltools.gnu-tools-for-stm32.13.3.rel1.win32_1.0.0.202411081344/tools/bin/../lib/gcc/arm-none-eabi/13.3.1/../../../../arm-none-eabi/lib/thumb/v7-m/nofp\libc_nano.a(libc_a-wbuf.o)
                0x08009b38                __swbuf_r
 .text.__swsetup_r
                0x08009bb4       0xac C:/ST/STM32CubeIDE_1.18.0/STM32CubeIDE/plugins/com.st.stm32cube.ide.mcu.externaltools.gnu-tools-for-stm32.13.3.rel1.win32_1.0.0.202411081344/tools/bin/../lib/gcc/arm-none-eabi/13.3.1/../../../../arm-none-eabi/lib/thumb/v7-m/nofp\libc_nano.a(libc_a-wsetup.o)
                0x08009bb4                __swsetup_r
 .text.memmove  0x08009c60       0x34 C:/ST/STM32CubeIDE_1.18.0/STM32CubeIDE/plugins/com.st.stm32cube.ide.mcu.externaltools.gnu-tools-for-stm32.13.3.rel1.win32_1.0.0.202411081344/tools/bin/../lib/gcc/arm-none-eabi/13.3.1/../../../../arm-none-eabi/lib/thumb/v7-m/nofp\libc_nano.a(libc_a-memmove.o)
                0x08009c60                memmove
 .text._raise_r
                0x08009c94       0x50 C:/ST/STM32CubeIDE_1.18.0/STM32CubeIDE/plugins/com.st.stm32cube.ide.mcu.externaltools.gnu-tools-for-stm32.13.3.rel1.win32_1.0.0.202411081344/tools/bin/../lib/gcc/arm-none-eabi/13.3.1/../../../../arm-none-eabi/lib/thumb/v7-m/nofp\libc_nano.a(libc_a-signal.o)
                0x08009c94                _raise_r
 .text.raise    0x08009ce4       0x10 C:/ST/STM32CubeIDE_1.18.0/STM32CubeIDE/plugins/com.st.stm32cube.ide.mcu.externaltools.gnu-tools-for-stm32.13.3.rel1.win32_1.0.0.202411081344/tools/bin/../lib/gcc/arm-none-eabi/13.3.1/../../../../arm-none-eabi/lib/thumb/v7-m/nofp\libc_nano.a(libc_a-signal.o)
                0x08009ce4                raise
 .text._kill_r  0x08009cf4       0x24 C:/ST/STM32CubeIDE_1.18.0/STM32CubeIDE/plugins/com.st.stm32cube.ide.mcu.externaltools.gnu-tools-for-stm32.13.3.rel1.win32_1.0.0.202411081344/tools/bin/../lib/gcc/arm-none-eabi/13.3.1/../../../../arm-none-eabi/lib/thumb/v7-m/nofp\libc_nano.a(libc_a-signalr.o)
                0x08009cf4                _kill_r
 .text._getpid_r
                0x08009d18        0x4 C:/ST/STM32CubeIDE_1.18.0/STM32CubeIDE/plugins/com.st.stm32cube.ide.mcu.externaltools.gnu-tools-for-stm32.13.3.rel1.win32_1.0.0.202411081344/tools/bin/../lib/gcc/arm-none-eabi/13.3.1/../../../../arm-none-eabi/lib/thumb/v7-m/nofp\libc_nano.a(libc_a-signalr.o)
                0x08009d18                _getpid_r
 .text._sbrk_r  0x08009d1c       0x20 C:/ST/STM32CubeIDE_1.18.0/STM32CubeIDE/plugins/com.st.stm32cube.ide.mcu.externaltools.gnu-tools-for-stm32.13.3.rel1.win32_1.0.0.202411081344/tools/bin/../lib/gcc/arm-none-eabi/13.3.1/../../../../arm-none-eabi/lib/thumb/v7-m/nofp\libc_nano.a(libc_a-sbrkr.o)
                0x08009d1c                _sbrk_r
 .text.memchr   0x08009d3c       0x1c C:/ST/STM32CubeIDE_1.18.0/STM32CubeIDE/plugins/com.st.stm32cube.ide.mcu.externaltools.gnu-tools-for-stm32.13.3.rel1.win32_1.0.0.202411081344/tools/bin/../lib/gcc/arm-none-eabi/13.3.1/../../../../arm-none-eabi/lib/thumb/v7-m/nofp\libc_nano.a(libc_a-memchr-stub.o)
                0x08009d3c                memchr
 .text._realloc_r
                0x08009d58       0x5c C:/ST/STM32CubeIDE_1.18.0/STM32CubeIDE/plugins/com.st.stm32cube.ide.mcu.externaltools.gnu-tools-for-stm32.13.3.rel1.win32_1.0.0.202411081344/tools/bin/../lib/gcc/arm-none-eabi/13.3.1/../../../../arm-none-eabi/lib/thumb/v7-m/nofp\libc_nano.a(libc_a-reallocr.o)
                0x08009d58                _realloc_r
 .text.__swhatbuf_r
                0x08009db4       0x4a C:/ST/STM32CubeIDE_1.18.0/STM32CubeIDE/plugins/com.st.stm32cube.ide.mcu.externaltools.gnu-tools-for-stm32.13.3.rel1.win32_1.0.0.202411081344/tools/bin/../lib/gcc/arm-none-eabi/13.3.1/../../../../arm-none-eabi/lib/thumb/v7-m/nofp\libc_nano.a(libc_a-makebuf.o)
                0x08009db4                __swhatbuf_r
 .text.__smakebuf_r
                0x08009dfe       0x78 C:/ST/STM32CubeIDE_1.18.0/STM32CubeIDE/plugins/com.st.stm32cube.ide.mcu.externaltools.gnu-tools-for-stm32.13.3.rel1.win32_1.0.0.202411081344/tools/bin/../lib/gcc/arm-none-eabi/13.3.1/../../../../arm-none-eabi/lib/thumb/v7-m/nofp\libc_nano.a(libc_a-makebuf.o)
                0x08009dfe                __smakebuf_r
 *fill*         0x08009e76        0x2 
 .text._fstat_r
                0x08009e78       0x24 C:/ST/STM32CubeIDE_1.18.0/STM32CubeIDE/plugins/com.st.stm32cube.ide.mcu.externaltools.gnu-tools-for-stm32.13.3.rel1.win32_1.0.0.202411081344/tools/bin/../lib/gcc/arm-none-eabi/13.3.1/../../../../arm-none-eabi/lib/thumb/v7-m/nofp\libc_nano.a(libc_a-fstatr.o)
                0x08009e78                _fstat_r
 .text._isatty_r
                0x08009e9c       0x20 C:/ST/STM32CubeIDE_1.18.0/STM32CubeIDE/plugins/com.st.stm32cube.ide.mcu.externaltools.gnu-tools-for-stm32.13.3.rel1.win32_1.0.0.202411081344/tools/bin/../lib/gcc/arm-none-eabi/13.3.1/../../../../arm-none-eabi/lib/thumb/v7-m/nofp\libc_nano.a(libc_a-isattyr.o)
                0x08009e9c                _isatty_r
 .text._malloc_usable_size_r
                0x08009ebc       0x10 C:/ST/STM32CubeIDE_1.18.0/STM32CubeIDE/plugins/com.st.stm32cube.ide.mcu.externaltools.gnu-tools-for-stm32.13.3.rel1.win32_1.0.0.202411081344/tools/bin/../lib/gcc/arm-none-eabi/13.3.1/../../../../arm-none-eabi/lib/thumb/v7-m/nofp\libc_nano.a(libc_a-msizer.o)
                0x08009ebc                _malloc_usable_size_r
 *(.glue_7)
 .glue_7        0x08009ecc        0x0 linker stubs
 *(.glue_7t)
 .glue_7t       0x08009ecc        0x0 linker stubs
 *(.eh_frame)
 .eh_frame      0x08009ecc        0x0 C:/ST/STM32CubeIDE_1.18.0/STM32CubeIDE/plugins/com.st.stm32cube.ide.mcu.externaltools.gnu-tools-for-stm32.13.3.rel1.win32_1.0.0.202411081344/tools/bin/../lib/gcc/arm-none-eabi/13.3.1/thumb/v7-m/nofp/crtbegin.o
 *(.init)
 .init          0x08009ecc        0x4 C:/ST/STM32CubeIDE_1.18.0/STM32CubeIDE/plugins/com.st.stm32cube.ide.mcu.externaltools.gnu-tools-for-stm32.13.3.rel1.win32_1.0.0.202411081344/tools/bin/../lib/gcc/arm-none-eabi/13.3.1/thumb/v7-m/nofp/crti.o
                0x08009ecc                _init
 .init          0x08009ed0        0x8 C:/ST/STM32CubeIDE_1.18.0/STM32CubeIDE/plugins/com.st.stm32cube.ide.mcu.externaltools.gnu-tools-for-stm32.13.3.rel1.win32_1.0.0.202411081344/tools/bin/../lib/gcc/arm-none-eabi/13.3.1/thumb/v7-m/nofp/crtn.o
 *(.fini)
 .fini          0x08009ed8        0x4 C:/ST/STM32CubeIDE_1.18.0/STM32CubeIDE/plugins/com.st.stm32cube.ide.mcu.externaltools.gnu-tools-for-stm32.13.3.rel1.win32_1.0.0.202411081344/tools/bin/../lib/gcc/arm-none-eabi/13.3.1/thumb/v7-m/nofp/crti.o
                0x08009ed8                _fini
 .fini          0x08009edc        0x8 C:/ST/STM32CubeIDE_1.18.0/STM32CubeIDE/plugins/com.st.stm32cube.ide.mcu.externaltools.gnu-tools-for-stm32.13.3.rel1.win32_1.0.0.202411081344/tools/bin/../lib/gcc/arm-none-eabi/13.3.1/thumb/v7-m/nofp/crtn.o
                0x08009ee4                        . = ALIGN (0x4)
                0x08009ee4                        _etext = .

.vfp11_veneer   0x08009ee4        0x0
 .vfp11_veneer  0x08009ee4        0x0 linker stubs

.v4_bx          0x08009ee4        0x0
 .v4_bx         0x08009ee4        0x0 linker stubs

.iplt           0x08009ee4        0x0
 .iplt          0x08009ee4        0x0 C:/ST/STM32CubeIDE_1.18.0/STM32CubeIDE/plugins/com.st.stm32cube.ide.mcu.externaltools.gnu-tools-for-stm32.13.3.rel1.win32_1.0.0.202411081344/tools/bin/../lib/gcc/arm-none-eabi/13.3.1/thumb/v7-m/nofp/crtbegin.o

.rodata         0x08009ee4      0xbb0
                0x08009ee4                        . = ALIGN (0x4)
 *(.rodata)
 .rodata        0x08009ee4      0x55a ./Core/Src/command.o
 *fill*         0x0800a43e        0x2 
 .rodata        0x0800a440       0x10 ./Core/Src/ls_comms.o
 .rodata        0x0800a450       0x27 ./Core/Src/main.o
 *fill*         0x0800a477        0x1 
 .rodata        0x0800a478      0x115 ./Core/Src/photo.o
 *(.rodata*)
 *fill*         0x0800a58d        0x3 
 .rodata.command_table
                0x0800a590      0x138 ./Core/Src/command.o
                0x0800a590                command_table
 .rodata.tjei_default_qt_luma_from_spec
                0x0800a6c8       0x40 ./Core/Src/photo.o
 .rodata.tjei_default_qt_chroma_from_paper
                0x0800a708       0x40 ./Core/Src/photo.o
 .rodata.tjei_default_ht_luma_dc_len
                0x0800a748       0x10 ./Core/Src/photo.o
 .rodata.tjei_default_ht_luma_dc
                0x0800a758        0xc ./Core/Src/photo.o
 .rodata.tjei_default_ht_chroma_dc_len
                0x0800a764       0x10 ./Core/Src/photo.o
 .rodata.tjei_default_ht_chroma_dc
                0x0800a774        0xc ./Core/Src/photo.o
 .rodata.tjei_default_ht_luma_ac_len
                0x0800a780       0x10 ./Core/Src/photo.o
 .rodata.tjei_default_ht_luma_ac
                0x0800a790       0xa2 ./Core/Src/photo.o
 *fill*         0x0800a832        0x2 
 .rodata.tjei_default_ht_chroma_ac_len
                0x0800a834       0x10 ./Core/Src/photo.o
 .rodata.tjei_default_ht_chroma_ac
                0x0800a844       0xa2 ./Core/Src/photo.o
 *fill*         0x0800a8e6        0x2 
 .rodata.tjei_zig_zag
                0x0800a8e8       0x40 ./Core/Src/photo.o
 .rodata.tjeik_jfif_id
                0x0800a928        0x5 ./Core/Src/photo.o
 *fill*         0x0800a92d        0x3 
 .rodata.tjeik_com_str
                0x0800a930       0x1d ./Core/Src/photo.o
 *fill*         0x0800a94d        0x3 
 .rodata.__func__.8
                0x0800a950        0xb ./Core/Src/photo.o
 *fill*         0x0800a95b        0x1 
 .rodata.__func__.7
                0x0800a95c        0xf ./Core/Src/photo.o
 *fill*         0x0800a96b        0x1 
 .rodata.__func__.6
                0x0800a96c        0xf ./Core/Src/photo.o
 *fill*         0x0800a97b        0x1 
 .rodata.__func__.5
                0x0800a97c       0x14 ./Core/Src/photo.o
 .rodata.__func__.4
                0x0800a990       0x1a ./Core/Src/photo.o
 *fill*         0x0800a9aa        0x2 
 .rodata.__func__.3
                0x0800a9ac       0x11 ./Core/Src/photo.o
 *fill*         0x0800a9bd        0x3 
 .rodata.aan_scales.2
                0x0800a9c0       0x20 ./Core/Src/photo.o
 .rodata.__func__.1
                0x0800a9e0       0x11 ./Core/Src/photo.o
 *fill*         0x0800a9f1        0x3 
 .rodata.__func__.0
                0x0800a9f4       0x15 ./Core/Src/photo.o
 *fill*         0x0800aa09        0x3 
 .rodata.AHBPrescTable
                0x0800aa0c       0x10 ./Core/Src/system_stm32f2xx.o
                0x0800aa0c                AHBPrescTable
 .rodata.APBPrescTable
                0x0800aa1c        0x8 ./Core/Src/system_stm32f2xx.o
                0x0800aa1c                APBPrescTable
 .rodata.__assert_func.str1.1
                0x0800aa24       0x6f C:/ST/STM32CubeIDE_1.18.0/STM32CubeIDE/plugins/com.st.stm32cube.ide.mcu.externaltools.gnu-tools-for-stm32.13.3.rel1.win32_1.0.0.202411081344/tools/bin/../lib/gcc/arm-none-eabi/13.3.1/../../../../arm-none-eabi/lib/thumb/v7-m/nofp\libc_nano.a(libc_a-assert.o)
                                 0x3d (size before relaxing)
 .rodata._svfprintf_r.str1.1
                0x0800aa93       0x11 C:/ST/STM32CubeIDE_1.18.0/STM32CubeIDE/plugins/com.st.stm32cube.ide.mcu.externaltools.gnu-tools-for-stm32.13.3.rel1.win32_1.0.0.202411081344/tools/bin/../lib/gcc/arm-none-eabi/13.3.1/../../../../arm-none-eabi/lib/thumb/v7-m/nofp\libc_nano.a(libc_a-nano-svfprintf.o)
 .rodata._vfprintf_r.str1.1
                0x0800aa93       0x11 C:/ST/STM32CubeIDE_1.18.0/STM32CubeIDE/plugins/com.st.stm32cube.ide.mcu.externaltools.gnu-tools-for-stm32.13.3.rel1.win32_1.0.0.202411081344/tools/bin/../lib/gcc/arm-none-eabi/13.3.1/../../../../arm-none-eabi/lib/thumb/v7-m/nofp\libc_nano.a(libc_a-nano-vfprintf.o)
 .rodata._printf_i.str1.1
                0x0800aa93       0x22 C:/ST/STM32CubeIDE_1.18.0/STM32CubeIDE/plugins/com.st.stm32cube.ide.mcu.externaltools.gnu-tools-for-stm32.13.3.rel1.win32_1.0.0.202411081344/tools/bin/../lib/gcc/arm-none-eabi/13.3.1/../../../../arm-none-eabi/lib/thumb/v7-m/nofp\libc_nano.a(libc_a-nano-vfprintf_i.o)
                0x0800aab8                        . = ALIGN (0x4)
 *fill*         0x0800aa93        0x1 

.ARM.extab      0x0800aa94        0x0
                0x0800aa94                        . = ALIGN (0x4)
 *(.ARM.extab* .gnu.linkonce.armextab.*)
                0x0800aa94                        . = ALIGN (0x4)

.ARM            0x0800aa94        0x8
                0x0800aa94                        . = ALIGN (0x4)
                0x0800aa94                        __exidx_start = .
 *(.ARM.exidx*)
 .ARM.exidx     0x0800aa94        0x8 C:/ST/STM32CubeIDE_1.18.0/STM32CubeIDE/plugins/com.st.stm32cube.ide.mcu.externaltools.gnu-tools-for-stm32.13.3.rel1.win32_1.0.0.202411081344/tools/bin/../lib/gcc/arm-none-eabi/13.3.1/thumb/v7-m/nofp\libgcc.a(_udivmoddi4.o)
                0x0800aa9c                        __exidx_end = .
                0x0800aa9c                        . = ALIGN (0x4)

.preinit_array  0x0800aa9c        0x0
                0x0800aa9c                        . = ALIGN (0x4)
                0x0800aa9c                        PROVIDE (__preinit_array_start = .)
 *(.preinit_array*)
                0x0800aa9c                        PROVIDE (__preinit_array_end = .)
                0x0800aa9c                        . = ALIGN (0x4)

.init_array     0x0800aa9c        0x4
                0x0800aa9c                        . = ALIGN (0x4)
                0x0800aa9c                        PROVIDE (__init_array_start = .)
 *(SORT_BY_NAME(.init_array.*))
 *(.init_array*)
 .init_array    0x0800aa9c        0x4 C:/ST/STM32CubeIDE_1.18.0/STM32CubeIDE/plugins/com.st.stm32cube.ide.mcu.externaltools.gnu-tools-for-stm32.13.3.rel1.win32_1.0.0.202411081344/tools/bin/../lib/gcc/arm-none-eabi/13.3.1/thumb/v7-m/nofp/crtbegin.o
                0x0800aaa0                        PROVIDE (__init_array_end = .)
                0x0800aaa0                        . = ALIGN (0x4)

.fini_array     0x0800aaa0        0x4
                0x0800aaa0                        . = ALIGN (0x4)
                [!provide]                        PROVIDE (__fini_array_start = .)
 *(SORT_BY_NAME(.fini_array.*))
 *(.fini_array*)
 .fini_array    0x0800aaa0        0x4 C:/ST/STM32CubeIDE_1.18.0/STM32CubeIDE/plugins/com.st.stm32cube.ide.mcu.externaltools.gnu-tools-for-stm32.13.3.rel1.win32_1.0.0.202411081344/tools/bin/../lib/gcc/arm-none-eabi/13.3.1/thumb/v7-m/nofp/crtbegin.o
                [!provide]                        PROVIDE (__fini_array_end = .)
                0x0800aaa4                        . = ALIGN (0x4)
                0x0800aaa4                        _sidata = LOADADDR (.data)

.rel.dyn        0x0800aaa4        0x0
 .rel.iplt      0x0800aaa4        0x0 C:/ST/STM32CubeIDE_1.18.0/STM32CubeIDE/plugins/com.st.stm32cube.ide.mcu.externaltools.gnu-tools-for-stm32.13.3.rel1.win32_1.0.0.202411081344/tools/bin/../lib/gcc/arm-none-eabi/13.3.1/thumb/v7-m/nofp/crtbegin.o

.data           0x20000000       0x68 load address 0x0800aaa4
                0x20000000                        . = ALIGN (0x4)
                0x20000000                        _sdata = .
 *(.data)
 *(.data*)
 .data.SystemCoreClock
                0x20000000        0x4 ./Core/Src/system_stm32f2xx.o
                0x20000000                SystemCoreClock
 .data.uwTickPrio
                0x20000004        0x4 ./Drivers/STM32F2xx_HAL_Driver/stm32f2xx_hal.o
                0x20000004                uwTickPrio
 .data.uwTickFreq
                0x20000008        0x1 ./Drivers/STM32F2xx_HAL_Driver/stm32f2xx_hal.o
                0x20000008                uwTickFreq
 *fill*         0x20000009        0x3 
 .data.__sglue  0x2000000c        0xc C:/ST/STM32CubeIDE_1.18.0/STM32CubeIDE/plugins/com.st.stm32cube.ide.mcu.externaltools.gnu-tools-for-stm32.13.3.rel1.win32_1.0.0.202411081344/tools/bin/../lib/gcc/arm-none-eabi/13.3.1/../../../../arm-none-eabi/lib/thumb/v7-m/nofp\libc_nano.a(libc_a-findfp.o)
                0x2000000c                __sglue
 .data._impure_ptr
                0x20000018        0x4 C:/ST/STM32CubeIDE_1.18.0/STM32CubeIDE/plugins/com.st.stm32cube.ide.mcu.externaltools.gnu-tools-for-stm32.13.3.rel1.win32_1.0.0.202411081344/tools/bin/../lib/gcc/arm-none-eabi/13.3.1/../../../../arm-none-eabi/lib/thumb/v7-m/nofp\libc_nano.a(libc_a-impure.o)
                0x20000018                _impure_ptr
 .data._impure_data
                0x2000001c       0x4c C:/ST/STM32CubeIDE_1.18.0/STM32CubeIDE/plugins/com.st.stm32cube.ide.mcu.externaltools.gnu-tools-for-stm32.13.3.rel1.win32_1.0.0.202411081344/tools/bin/../lib/gcc/arm-none-eabi/13.3.1/../../../../arm-none-eabi/lib/thumb/v7-m/nofp\libc_nano.a(libc_a-impure.o)
                0x2000001c                _impure_data
 *(.RamFunc)
 *(.RamFunc*)
                0x20000068                        . = ALIGN (0x4)
                0x20000068                        _edata = .

.igot.plt       0x20000068        0x0 load address 0x0800ab0c
 .igot.plt      0x20000068        0x0 C:/ST/STM32CubeIDE_1.18.0/STM32CubeIDE/plugins/com.st.stm32cube.ide.mcu.externaltools.gnu-tools-for-stm32.13.3.rel1.win32_1.0.0.202411081344/tools/bin/../lib/gcc/arm-none-eabi/13.3.1/thumb/v7-m/nofp/crtbegin.o
                0x20000068                        . = ALIGN (0x4)

.bss            0x20000068      0x678 load address 0x0800ab0c
                0x20000068                        _sbss = .
                0x20000068                        __bss_start__ = _sbss
 *(.bss)
 .bss           0x20000068       0x1c C:/ST/STM32CubeIDE_1.18.0/STM32CubeIDE/plugins/com.st.stm32cube.ide.mcu.externaltools.gnu-tools-for-stm32.13.3.rel1.win32_1.0.0.202411081344/tools/bin/../lib/gcc/arm-none-eabi/13.3.1/thumb/v7-m/nofp/crtbegin.o
 *(.bss*)
 .bss.hdcmi     0x20000084       0x40 ./Core/Src/dcmi.o
                0x20000084                hdcmi
 .bss.hsram1    0x200000c4       0x44 ./Core/Src/fsmc.o
                0x200000c4                hsram1
 .bss.FSMC_Initialized
                0x20000108        0x4 ./Core/Src/fsmc.o
 .bss.hi2c2     0x2000010c       0x54 ./Core/Src/i2c.o
                0x2000010c                hi2c2
 .bss.hi2c3     0x20000160       0x54 ./Core/Src/i2c.o
                0x20000160                hi2c3
 .bss.new_command_received
                0x200001b4        0x1 ./Core/Src/ls_comms.o
                0x200001b4                new_command_received
 *fill*         0x200001b5        0x3 
 .bss.tx_buffer
                0x200001b8       0x77 ./Core/Src/ls_comms.o
                0x200001b8                tx_buffer
 *fill*         0x2000022f        0x1 
 .bss.rx_buffer
                0x20000230        0x5 ./Core/Src/ls_comms.o
                0x20000230                rx_buffer
 *fill*         0x20000235        0x3 
 .bss.timestamp
                0x20000238        0x4 ./Core/Src/main.o
                0x20000238                timestamp
 .bss.timestamp_string
                0x2000023c        0x4 ./Core/Src/main.o
                0x2000023c                timestamp_string
 .bss.log_message
                0x20000240        0x4 ./Core/Src/main.o
                0x20000240                log_message
 .bss.mission_status
                0x20000244        0x4 ./Core/Src/main.o
                0x20000244                mission_status
 .bss.raw_buffer_1
                0x20000248        0x4 ./Core/Src/main.o
                0x20000248                raw_buffer_1
 .bss.raw_buffer_2
                0x2000024c        0x4 ./Core/Src/main.o
                0x2000024c                raw_buffer_2
 .bss.raw_buffer_3
                0x20000250        0x4 ./Core/Src/main.o
                0x20000250                raw_buffer_3
 .bss.raw_buffers
                0x20000254        0xc ./Core/Src/main.o
                0x20000254                raw_buffers
 .bss.compressed_metadata
                0x20000260      0x190 ./Core/Src/main.o
                0x20000260                compressed_metadata
 .bss.compressed_photo_space
                0x200003f0        0x4 ./Core/Src/main.o
                0x200003f0                compressed_photo_space
 .bss.current_compressed_address
                0x200003f4        0x4 ./Core/Src/main.o
                0x200003f4                current_compressed_address
 .bss.current_compressed_index
                0x200003f8        0x1 ./Core/Src/main.o
                0x200003f8                current_compressed_index
 *fill*         0x200003f9        0x3 
 .bss.ts_fram   0x200003fc        0x4 ./Core/Src/main.o
                0x200003fc                ts_fram
 .bss.photos_taken
                0x20000400        0x2 ./Core/Src/main.o
                0x20000400                photos_taken
 *fill*         0x20000402        0x2 
 .bss.total_frames_sent
                0x20000404        0x4 ./Core/Src/main.o
                0x20000404                total_frames_sent
 .bss.p         0x20000408        0x4 ./Core/Src/photo.o
                0x20000408                p
 .bss.p_raw     0x2000040c        0x4 ./Core/Src/photo.o
                0x2000040c                p_raw
 .bss.frame_done
                0x20000410        0x1 ./Core/Src/photo.o
                0x20000410                frame_done
 *fill*         0x20000411        0x3 
 .bss.hspi2     0x20000414       0x58 ./Core/Src/spi.o
                0x20000414                hspi2
 .bss.__sbrk_heap_end
                0x2000046c        0x4 ./Core/Src/sysmem.o
 .bss.htim11    0x20000470       0x48 ./Core/Src/tim.o
                0x20000470                htim11
 .bss.huart4    0x200004b8       0x48 ./Core/Src/usart.o
                0x200004b8                huart4
 .bss.huart5    0x20000500       0x48 ./Core/Src/usart.o
                0x20000500                huart5
 .bss.huart1    0x20000548       0x48 ./Core/Src/usart.o
                0x20000548                huart1
 .bss.uwTick    0x20000590        0x4 ./Drivers/STM32F2xx_HAL_Driver/stm32f2xx_hal.o
                0x20000590                uwTick
 .bss.__sf      0x20000594      0x138 C:/ST/STM32CubeIDE_1.18.0/STM32CubeIDE/plugins/com.st.stm32cube.ide.mcu.externaltools.gnu-tools-for-stm32.13.3.rel1.win32_1.0.0.202411081344/tools/bin/../lib/gcc/arm-none-eabi/13.3.1/../../../../arm-none-eabi/lib/thumb/v7-m/nofp\libc_nano.a(libc_a-findfp.o)
                0x20000594                __sf
 .bss.__stdio_exit_handler
                0x200006cc        0x4 C:/ST/STM32CubeIDE_1.18.0/STM32CubeIDE/plugins/com.st.stm32cube.ide.mcu.externaltools.gnu-tools-for-stm32.13.3.rel1.win32_1.0.0.202411081344/tools/bin/../lib/gcc/arm-none-eabi/13.3.1/../../../../arm-none-eabi/lib/thumb/v7-m/nofp\libc_nano.a(libc_a-findfp.o)
                0x200006cc                __stdio_exit_handler
 .bss.errno     0x200006d0        0x4 C:/ST/STM32CubeIDE_1.18.0/STM32CubeIDE/plugins/com.st.stm32cube.ide.mcu.externaltools.gnu-tools-for-stm32.13.3.rel1.win32_1.0.0.202411081344/tools/bin/../lib/gcc/arm-none-eabi/13.3.1/../../../../arm-none-eabi/lib/thumb/v7-m/nofp\libc_nano.a(libc_a-reent.o)
                0x200006d0                errno
 .bss.__lock___malloc_recursive_mutex
                0x200006d4        0x1 C:/ST/STM32CubeIDE_1.18.0/STM32CubeIDE/plugins/com.st.stm32cube.ide.mcu.externaltools.gnu-tools-for-stm32.13.3.rel1.win32_1.0.0.202411081344/tools/bin/../lib/gcc/arm-none-eabi/13.3.1/../../../../arm-none-eabi/lib/thumb/v7-m/nofp\libc_nano.a(libc_a-lock.o)
                0x200006d4                __lock___malloc_recursive_mutex
 .bss.__lock___sfp_recursive_mutex
                0x200006d5        0x1 C:/ST/STM32CubeIDE_1.18.0/STM32CubeIDE/plugins/com.st.stm32cube.ide.mcu.externaltools.gnu-tools-for-stm32.13.3.rel1.win32_1.0.0.202411081344/tools/bin/../lib/gcc/arm-none-eabi/13.3.1/../../../../arm-none-eabi/lib/thumb/v7-m/nofp\libc_nano.a(libc_a-lock.o)
                0x200006d5                __lock___sfp_recursive_mutex
 *fill*         0x200006d6        0x2 
 .bss.__malloc_sbrk_start
                0x200006d8        0x4 C:/ST/STM32CubeIDE_1.18.0/STM32CubeIDE/plugins/com.st.stm32cube.ide.mcu.externaltools.gnu-tools-for-stm32.13.3.rel1.win32_1.0.0.202411081344/tools/bin/../lib/gcc/arm-none-eabi/13.3.1/../../../../arm-none-eabi/lib/thumb/v7-m/nofp\libc_nano.a(libc_a-mallocr.o)
                0x200006d8                __malloc_sbrk_start
 .bss.__malloc_free_list
                0x200006dc        0x4 C:/ST/STM32CubeIDE_1.18.0/STM32CubeIDE/plugins/com.st.stm32cube.ide.mcu.externaltools.gnu-tools-for-stm32.13.3.rel1.win32_1.0.0.202411081344/tools/bin/../lib/gcc/arm-none-eabi/13.3.1/../../../../arm-none-eabi/lib/thumb/v7-m/nofp\libc_nano.a(libc_a-mallocr.o)
                0x200006dc                __malloc_free_list
 *(COMMON)
                0x200006e0                        . = ALIGN (0x4)
                0x200006e0                        _ebss = .
                0x200006e0                        __bss_end__ = _ebss

._user_heap_stack
                0x200006e0      0x600 load address 0x0800ab0c
                0x200006e0                        . = ALIGN (0x8)
                [!provide]                        PROVIDE (end = .)
                0x200006e0                        PROVIDE (_end = .)
                0x200008e0                        . = (. + _Min_Heap_Size)
 *fill*         0x200006e0      0x200 
                0x20000ce0                        . = (. + _Min_Stack_Size)
 *fill*         0x200008e0      0x400 
                0x20000ce0                        . = ALIGN (0x8)

/DISCARD/
 libc.a(*)
 libm.a(*)
 libgcc.a(*)

.ARM.attributes
                0x00000000       0x29
 *(.ARM.attributes)
 .ARM.attributes
                0x00000000       0x1d C:/ST/STM32CubeIDE_1.18.0/STM32CubeIDE/plugins/com.st.stm32cube.ide.mcu.externaltools.gnu-tools-for-stm32.13.3.rel1.win32_1.0.0.202411081344/tools/bin/../lib/gcc/arm-none-eabi/13.3.1/thumb/v7-m/nofp/crti.o
 .ARM.attributes
                0x0000001d       0x2d C:/ST/STM32CubeIDE_1.18.0/STM32CubeIDE/plugins/com.st.stm32cube.ide.mcu.externaltools.gnu-tools-for-stm32.13.3.rel1.win32_1.0.0.202411081344/tools/bin/../lib/gcc/arm-none-eabi/13.3.1/thumb/v7-m/nofp/crtbegin.o
 .ARM.attributes
                0x0000004a       0x2d ./Core/Src/command.o
 .ARM.attributes
                0x00000077       0x2d ./Core/Src/dcmi.o
 .ARM.attributes
                0x000000a4       0x2d ./Core/Src/fram.o
 .ARM.attributes
                0x000000d1       0x2d ./Core/Src/fsmc.o
 .ARM.attributes
                0x000000fe       0x2d ./Core/Src/gpio.o
 .ARM.attributes
                0x0000012b       0x2d ./Core/Src/i2c.o
 .ARM.attributes
                0x00000158       0x2d ./Core/Src/ls_comms.o
 .ARM.attributes
                0x00000185       0x2d ./Core/Src/main.o
 .ARM.attributes
                0x000001b2       0x2d ./Core/Src/photo.o
 .ARM.attributes
                0x000001df       0x2d ./Core/Src/spi.o
 .ARM.attributes
                0x0000020c       0x2d ./Core/Src/stm32f2xx_hal_msp.o
 .ARM.attributes
                0x00000239       0x2d ./Core/Src/stm32f2xx_it.o
 .ARM.attributes
                0x00000266       0x2d ./Core/Src/syscalls.o
 .ARM.attributes
                0x00000293       0x2d ./Core/Src/sysmem.o
 .ARM.attributes
                0x000002c0       0x2d ./Core/Src/system_stm32f2xx.o
 .ARM.attributes
                0x000002ed       0x2d ./Core/Src/tim.o
 .ARM.attributes
                0x0000031a       0x2d ./Core/Src/usart.o
 .ARM.attributes
                0x00000347       0x21 ./Core/Startup/startup_stm32f217zgtx.o
 .ARM.attributes
                0x00000368       0x2d ./Drivers/STM32F2xx_HAL_Driver/stm32f2xx_hal.o
 .ARM.attributes
                0x00000395       0x2d ./Drivers/STM32F2xx_HAL_Driver/stm32f2xx_hal_cortex.o
 .ARM.attributes
                0x000003c2       0x2d ./Drivers/STM32F2xx_HAL_Driver/stm32f2xx_hal_dcmi.o
 .ARM.attributes
                0x000003ef       0x2d ./Drivers/STM32F2xx_HAL_Driver/stm32f2xx_hal_dma.o
 .ARM.attributes
                0x0000041c       0x2d ./Drivers/STM32F2xx_HAL_Driver/stm32f2xx_hal_dma_ex.o
 .ARM.attributes
                0x00000449       0x2d ./Drivers/STM32F2xx_HAL_Driver/stm32f2xx_hal_gpio.o
 .ARM.attributes
                0x00000476       0x2d ./Drivers/STM32F2xx_HAL_Driver/stm32f2xx_hal_i2c.o
 .ARM.attributes
                0x000004a3       0x2d ./Drivers/STM32F2xx_HAL_Driver/stm32f2xx_hal_rcc.o
 .ARM.attributes
                0x000004d0       0x2d ./Drivers/STM32F2xx_HAL_Driver/stm32f2xx_hal_spi.o
 .ARM.attributes
                0x000004fd       0x2d ./Drivers/STM32F2xx_HAL_Driver/stm32f2xx_hal_sram.o
 .ARM.attributes
                0x0000052a       0x2d ./Drivers/STM32F2xx_HAL_Driver/stm32f2xx_hal_tim.o
 .ARM.attributes
                0x00000557       0x2d ./Drivers/STM32F2xx_HAL_Driver/stm32f2xx_hal_uart.o
 .ARM.attributes
                0x00000584       0x2d ./Drivers/STM32F2xx_HAL_Driver/stm32f2xx_ll_fsmc.o
 .ARM.attributes
                0x000005b1       0x2d C:/ST/STM32CubeIDE_1.18.0/STM32CubeIDE/plugins/com.st.stm32cube.ide.mcu.externaltools.gnu-tools-for-stm32.13.3.rel1.win32_1.0.0.202411081344/tools/bin/../lib/gcc/arm-none-eabi/13.3.1/../../../../arm-none-eabi/lib/thumb/v7-m/nofp\libc_nano.a(libc_a-assert.o)
 .ARM.attributes
                0x000005de       0x2d C:/ST/STM32CubeIDE_1.18.0/STM32CubeIDE/plugins/com.st.stm32cube.ide.mcu.externaltools.gnu-tools-for-stm32.13.3.rel1.win32_1.0.0.202411081344/tools/bin/../lib/gcc/arm-none-eabi/13.3.1/../../../../arm-none-eabi/lib/thumb/v7-m/nofp\libc_nano.a(libc_a-findfp.o)
 .ARM.attributes
                0x0000060b       0x2d C:/ST/STM32CubeIDE_1.18.0/STM32CubeIDE/plugins/com.st.stm32cube.ide.mcu.externaltools.gnu-tools-for-stm32.13.3.rel1.win32_1.0.0.202411081344/tools/bin/../lib/gcc/arm-none-eabi/13.3.1/../../../../arm-none-eabi/lib/thumb/v7-m/nofp\libc_nano.a(libc_a-fprintf.o)
 .ARM.attributes
                0x00000638       0x2d C:/ST/STM32CubeIDE_1.18.0/STM32CubeIDE/plugins/com.st.stm32cube.ide.mcu.externaltools.gnu-tools-for-stm32.13.3.rel1.win32_1.0.0.202411081344/tools/bin/../lib/gcc/arm-none-eabi/13.3.1/../../../../arm-none-eabi/lib/thumb/v7-m/nofp\libc_nano.a(libc_a-fwalk.o)
 .ARM.attributes
                0x00000665       0x2d C:/ST/STM32CubeIDE_1.18.0/STM32CubeIDE/plugins/com.st.stm32cube.ide.mcu.externaltools.gnu-tools-for-stm32.13.3.rel1.win32_1.0.0.202411081344/tools/bin/../lib/gcc/arm-none-eabi/13.3.1/../../../../arm-none-eabi/lib/thumb/v7-m/nofp\libc_nano.a(libc_a-snprintf.o)
 .ARM.attributes
                0x00000692       0x2d C:/ST/STM32CubeIDE_1.18.0/STM32CubeIDE/plugins/com.st.stm32cube.ide.mcu.externaltools.gnu-tools-for-stm32.13.3.rel1.win32_1.0.0.202411081344/tools/bin/../lib/gcc/arm-none-eabi/13.3.1/../../../../arm-none-eabi/lib/thumb/v7-m/nofp\libc_nano.a(libc_a-sprintf.o)
 .ARM.attributes
                0x000006bf       0x2d C:/ST/STM32CubeIDE_1.18.0/STM32CubeIDE/plugins/com.st.stm32cube.ide.mcu.externaltools.gnu-tools-for-stm32.13.3.rel1.win32_1.0.0.202411081344/tools/bin/../lib/gcc/arm-none-eabi/13.3.1/../../../../arm-none-eabi/lib/thumb/v7-m/nofp\libc_nano.a(libc_a-stdio.o)
 .ARM.attributes
                0x000006ec       0x2d C:/ST/STM32CubeIDE_1.18.0/STM32CubeIDE/plugins/com.st.stm32cube.ide.mcu.externaltools.gnu-tools-for-stm32.13.3.rel1.win32_1.0.0.202411081344/tools/bin/../lib/gcc/arm-none-eabi/13.3.1/../../../../arm-none-eabi/lib/thumb/v7-m/nofp\libc_nano.a(libc_a-memset.o)
 .ARM.attributes
                0x00000719       0x2d C:/ST/STM32CubeIDE_1.18.0/STM32CubeIDE/plugins/com.st.stm32cube.ide.mcu.externaltools.gnu-tools-for-stm32.13.3.rel1.win32_1.0.0.202411081344/tools/bin/../lib/gcc/arm-none-eabi/13.3.1/../../../../arm-none-eabi/lib/thumb/v7-m/nofp\libc_nano.a(libc_a-closer.o)
 .ARM.attributes
                0x00000746       0x2d C:/ST/STM32CubeIDE_1.18.0/STM32CubeIDE/plugins/com.st.stm32cube.ide.mcu.externaltools.gnu-tools-for-stm32.13.3.rel1.win32_1.0.0.202411081344/tools/bin/../lib/gcc/arm-none-eabi/13.3.1/../../../../arm-none-eabi/lib/thumb/v7-m/nofp\libc_nano.a(libc_a-reent.o)
 .ARM.attributes
                0x00000773       0x2d C:/ST/STM32CubeIDE_1.18.0/STM32CubeIDE/plugins/com.st.stm32cube.ide.mcu.externaltools.gnu-tools-for-stm32.13.3.rel1.win32_1.0.0.202411081344/tools/bin/../lib/gcc/arm-none-eabi/13.3.1/../../../../arm-none-eabi/lib/thumb/v7-m/nofp\libc_nano.a(libc_a-impure.o)
 .ARM.attributes
                0x000007a0       0x2d C:/ST/STM32CubeIDE_1.18.0/STM32CubeIDE/plugins/com.st.stm32cube.ide.mcu.externaltools.gnu-tools-for-stm32.13.3.rel1.win32_1.0.0.202411081344/tools/bin/../lib/gcc/arm-none-eabi/13.3.1/../../../../arm-none-eabi/lib/thumb/v7-m/nofp\libc_nano.a(libc_a-lseekr.o)
 .ARM.attributes
                0x000007cd       0x2d C:/ST/STM32CubeIDE_1.18.0/STM32CubeIDE/plugins/com.st.stm32cube.ide.mcu.externaltools.gnu-tools-for-stm32.13.3.rel1.win32_1.0.0.202411081344/tools/bin/../lib/gcc/arm-none-eabi/13.3.1/../../../../arm-none-eabi/lib/thumb/v7-m/nofp\libc_nano.a(libc_a-readr.o)
 .ARM.attributes
                0x000007fa       0x2d C:/ST/STM32CubeIDE_1.18.0/STM32CubeIDE/plugins/com.st.stm32cube.ide.mcu.externaltools.gnu-tools-for-stm32.13.3.rel1.win32_1.0.0.202411081344/tools/bin/../lib/gcc/arm-none-eabi/13.3.1/../../../../arm-none-eabi/lib/thumb/v7-m/nofp\libc_nano.a(libc_a-writer.o)
 .ARM.attributes
                0x00000827       0x2d C:/ST/STM32CubeIDE_1.18.0/STM32CubeIDE/plugins/com.st.stm32cube.ide.mcu.externaltools.gnu-tools-for-stm32.13.3.rel1.win32_1.0.0.202411081344/tools/bin/../lib/gcc/arm-none-eabi/13.3.1/../../../../arm-none-eabi/lib/thumb/v7-m/nofp\libc_nano.a(libc_a-errno.o)
 .ARM.attributes
                0x00000854       0x2d C:/ST/STM32CubeIDE_1.18.0/STM32CubeIDE/plugins/com.st.stm32cube.ide.mcu.externaltools.gnu-tools-for-stm32.13.3.rel1.win32_1.0.0.202411081344/tools/bin/../lib/gcc/arm-none-eabi/13.3.1/../../../../arm-none-eabi/lib/thumb/v7-m/nofp\libc_nano.a(libc_a-init.o)
 .ARM.attributes
                0x00000881       0x2d C:/ST/STM32CubeIDE_1.18.0/STM32CubeIDE/plugins/com.st.stm32cube.ide.mcu.externaltools.gnu-tools-for-stm32.13.3.rel1.win32_1.0.0.202411081344/tools/bin/../lib/gcc/arm-none-eabi/13.3.1/../../../../arm-none-eabi/lib/thumb/v7-m/nofp\libc_nano.a(libc_a-lock.o)
 .ARM.attributes
                0x000008ae       0x2d C:/ST/STM32CubeIDE_1.18.0/STM32CubeIDE/plugins/com.st.stm32cube.ide.mcu.externaltools.gnu-tools-for-stm32.13.3.rel1.win32_1.0.0.202411081344/tools/bin/../lib/gcc/arm-none-eabi/13.3.1/../../../../arm-none-eabi/lib/thumb/v7-m/nofp\libc_nano.a(libc_a-memcpy-stub.o)
 .ARM.attributes
                0x000008db       0x2d C:/ST/STM32CubeIDE_1.18.0/STM32CubeIDE/plugins/com.st.stm32cube.ide.mcu.externaltools.gnu-tools-for-stm32.13.3.rel1.win32_1.0.0.202411081344/tools/bin/../lib/gcc/arm-none-eabi/13.3.1/../../../../arm-none-eabi/lib/thumb/v7-m/nofp\libc_nano.a(libc_a-abort.o)
 .ARM.attributes
                0x00000908       0x2d C:/ST/STM32CubeIDE_1.18.0/STM32CubeIDE/plugins/com.st.stm32cube.ide.mcu.externaltools.gnu-tools-for-stm32.13.3.rel1.win32_1.0.0.202411081344/tools/bin/../lib/gcc/arm-none-eabi/13.3.1/../../../../arm-none-eabi/lib/thumb/v7-m/nofp\libc_nano.a(libc_a-freer.o)
 .ARM.attributes
                0x00000935       0x2d C:/ST/STM32CubeIDE_1.18.0/STM32CubeIDE/plugins/com.st.stm32cube.ide.mcu.externaltools.gnu-tools-for-stm32.13.3.rel1.win32_1.0.0.202411081344/tools/bin/../lib/gcc/arm-none-eabi/13.3.1/../../../../arm-none-eabi/lib/thumb/v7-m/nofp\libc_nano.a(libc_a-mallocr.o)
 .ARM.attributes
                0x00000962       0x2d C:/ST/STM32CubeIDE_1.18.0/STM32CubeIDE/plugins/com.st.stm32cube.ide.mcu.externaltools.gnu-tools-for-stm32.13.3.rel1.win32_1.0.0.202411081344/tools/bin/../lib/gcc/arm-none-eabi/13.3.1/../../../../arm-none-eabi/lib/thumb/v7-m/nofp\libc_nano.a(libc_a-mlock.o)
 .ARM.attributes
                0x0000098f       0x2d C:/ST/STM32CubeIDE_1.18.0/STM32CubeIDE/plugins/com.st.stm32cube.ide.mcu.externaltools.gnu-tools-for-stm32.13.3.rel1.win32_1.0.0.202411081344/tools/bin/../lib/gcc/arm-none-eabi/13.3.1/../../../../arm-none-eabi/lib/thumb/v7-m/nofp\libc_nano.a(libc_a-nano-svfprintf.o)
 .ARM.attributes
                0x000009bc       0x2d C:/ST/STM32CubeIDE_1.18.0/STM32CubeIDE/plugins/com.st.stm32cube.ide.mcu.externaltools.gnu-tools-for-stm32.13.3.rel1.win32_1.0.0.202411081344/tools/bin/../lib/gcc/arm-none-eabi/13.3.1/../../../../arm-none-eabi/lib/thumb/v7-m/nofp\libc_nano.a(libc_a-nano-vfprintf.o)
 .ARM.attributes
                0x000009e9       0x2d C:/ST/STM32CubeIDE_1.18.0/STM32CubeIDE/plugins/com.st.stm32cube.ide.mcu.externaltools.gnu-tools-for-stm32.13.3.rel1.win32_1.0.0.202411081344/tools/bin/../lib/gcc/arm-none-eabi/13.3.1/../../../../arm-none-eabi/lib/thumb/v7-m/nofp\libc_nano.a(libc_a-nano-vfprintf_i.o)
 .ARM.attributes
                0x00000a16       0x2d C:/ST/STM32CubeIDE_1.18.0/STM32CubeIDE/plugins/com.st.stm32cube.ide.mcu.externaltools.gnu-tools-for-stm32.13.3.rel1.win32_1.0.0.202411081344/tools/bin/../lib/gcc/arm-none-eabi/13.3.1/../../../../arm-none-eabi/lib/thumb/v7-m/nofp\libc_nano.a(libc_a-fflush.o)
 .ARM.attributes
                0x00000a43       0x2d C:/ST/STM32CubeIDE_1.18.0/STM32CubeIDE/plugins/com.st.stm32cube.ide.mcu.externaltools.gnu-tools-for-stm32.13.3.rel1.win32_1.0.0.202411081344/tools/bin/../lib/gcc/arm-none-eabi/13.3.1/../../../../arm-none-eabi/lib/thumb/v7-m/nofp\libc_nano.a(libc_a-wbuf.o)
 .ARM.attributes
                0x00000a70       0x2d C:/ST/STM32CubeIDE_1.18.0/STM32CubeIDE/plugins/com.st.stm32cube.ide.mcu.externaltools.gnu-tools-for-stm32.13.3.rel1.win32_1.0.0.202411081344/tools/bin/../lib/gcc/arm-none-eabi/13.3.1/../../../../arm-none-eabi/lib/thumb/v7-m/nofp\libc_nano.a(libc_a-wsetup.o)
 .ARM.attributes
                0x00000a9d       0x2d C:/ST/STM32CubeIDE_1.18.0/STM32CubeIDE/plugins/com.st.stm32cube.ide.mcu.externaltools.gnu-tools-for-stm32.13.3.rel1.win32_1.0.0.202411081344/tools/bin/../lib/gcc/arm-none-eabi/13.3.1/../../../../arm-none-eabi/lib/thumb/v7-m/nofp\libc_nano.a(libc_a-memmove.o)
 .ARM.attributes
                0x00000aca       0x2d C:/ST/STM32CubeIDE_1.18.0/STM32CubeIDE/plugins/com.st.stm32cube.ide.mcu.externaltools.gnu-tools-for-stm32.13.3.rel1.win32_1.0.0.202411081344/tools/bin/../lib/gcc/arm-none-eabi/13.3.1/../../../../arm-none-eabi/lib/thumb/v7-m/nofp\libc_nano.a(libc_a-signal.o)
 .ARM.attributes
                0x00000af7       0x2d C:/ST/STM32CubeIDE_1.18.0/STM32CubeIDE/plugins/com.st.stm32cube.ide.mcu.externaltools.gnu-tools-for-stm32.13.3.rel1.win32_1.0.0.202411081344/tools/bin/../lib/gcc/arm-none-eabi/13.3.1/../../../../arm-none-eabi/lib/thumb/v7-m/nofp\libc_nano.a(libc_a-signalr.o)
 .ARM.attributes
                0x00000b24       0x2d C:/ST/STM32CubeIDE_1.18.0/STM32CubeIDE/plugins/com.st.stm32cube.ide.mcu.externaltools.gnu-tools-for-stm32.13.3.rel1.win32_1.0.0.202411081344/tools/bin/../lib/gcc/arm-none-eabi/13.3.1/../../../../arm-none-eabi/lib/thumb/v7-m/nofp\libc_nano.a(libc_a-sbrkr.o)
 .ARM.attributes
                0x00000b51       0x2d C:/ST/STM32CubeIDE_1.18.0/STM32CubeIDE/plugins/com.st.stm32cube.ide.mcu.externaltools.gnu-tools-for-stm32.13.3.rel1.win32_1.0.0.202411081344/tools/bin/../lib/gcc/arm-none-eabi/13.3.1/../../../../arm-none-eabi/lib/thumb/v7-m/nofp\libc_nano.a(libc_a-memchr-stub.o)
 .ARM.attributes
                0x00000b7e       0x2d C:/ST/STM32CubeIDE_1.18.0/STM32CubeIDE/plugins/com.st.stm32cube.ide.mcu.externaltools.gnu-tools-for-stm32.13.3.rel1.win32_1.0.0.202411081344/tools/bin/../lib/gcc/arm-none-eabi/13.3.1/../../../../arm-none-eabi/lib/thumb/v7-m/nofp\libc_nano.a(libc_a-reallocr.o)
 .ARM.attributes
                0x00000bab       0x2d C:/ST/STM32CubeIDE_1.18.0/STM32CubeIDE/plugins/com.st.stm32cube.ide.mcu.externaltools.gnu-tools-for-stm32.13.3.rel1.win32_1.0.0.202411081344/tools/bin/../lib/gcc/arm-none-eabi/13.3.1/../../../../arm-none-eabi/lib/thumb/v7-m/nofp\libc_nano.a(libc_a-makebuf.o)
 .ARM.attributes
                0x00000bd8       0x2d C:/ST/STM32CubeIDE_1.18.0/STM32CubeIDE/plugins/com.st.stm32cube.ide.mcu.externaltools.gnu-tools-for-stm32.13.3.rel1.win32_1.0.0.202411081344/tools/bin/../lib/gcc/arm-none-eabi/13.3.1/../../../../arm-none-eabi/lib/thumb/v7-m/nofp\libc_nano.a(libc_a-fstatr.o)
 .ARM.attributes
                0x00000c05       0x2d C:/ST/STM32CubeIDE_1.18.0/STM32CubeIDE/plugins/com.st.stm32cube.ide.mcu.externaltools.gnu-tools-for-stm32.13.3.rel1.win32_1.0.0.202411081344/tools/bin/../lib/gcc/arm-none-eabi/13.3.1/../../../../arm-none-eabi/lib/thumb/v7-m/nofp\libc_nano.a(libc_a-isattyr.o)
 .ARM.attributes
                0x00000c32       0x2d C:/ST/STM32CubeIDE_1.18.0/STM32CubeIDE/plugins/com.st.stm32cube.ide.mcu.externaltools.gnu-tools-for-stm32.13.3.rel1.win32_1.0.0.202411081344/tools/bin/../lib/gcc/arm-none-eabi/13.3.1/../../../../arm-none-eabi/lib/thumb/v7-m/nofp\libc_nano.a(libc_a-msizer.o)
 .ARM.attributes
                0x00000c5f       0x1d C:/ST/STM32CubeIDE_1.18.0/STM32CubeIDE/plugins/com.st.stm32cube.ide.mcu.externaltools.gnu-tools-for-stm32.13.3.rel1.win32_1.0.0.202411081344/tools/bin/../lib/gcc/arm-none-eabi/13.3.1/thumb/v7-m/nofp\libgcc.a(_arm_addsubsf3.o)
 .ARM.attributes
                0x00000c7c       0x1d C:/ST/STM32CubeIDE_1.18.0/STM32CubeIDE/plugins/com.st.stm32cube.ide.mcu.externaltools.gnu-tools-for-stm32.13.3.rel1.win32_1.0.0.202411081344/tools/bin/../lib/gcc/arm-none-eabi/13.3.1/thumb/v7-m/nofp\libgcc.a(_arm_muldivsf3.o)
 .ARM.attributes
                0x00000c99       0x1d C:/ST/STM32CubeIDE_1.18.0/STM32CubeIDE/plugins/com.st.stm32cube.ide.mcu.externaltools.gnu-tools-for-stm32.13.3.rel1.win32_1.0.0.202411081344/tools/bin/../lib/gcc/arm-none-eabi/13.3.1/thumb/v7-m/nofp\libgcc.a(_arm_cmpsf2.o)
 .ARM.attributes
                0x00000cb6       0x1d C:/ST/STM32CubeIDE_1.18.0/STM32CubeIDE/plugins/com.st.stm32cube.ide.mcu.externaltools.gnu-tools-for-stm32.13.3.rel1.win32_1.0.0.202411081344/tools/bin/../lib/gcc/arm-none-eabi/13.3.1/thumb/v7-m/nofp\libgcc.a(_arm_fixsfsi.o)
 .ARM.attributes
                0x00000cd3       0x1d C:/ST/STM32CubeIDE_1.18.0/STM32CubeIDE/plugins/com.st.stm32cube.ide.mcu.externaltools.gnu-tools-for-stm32.13.3.rel1.win32_1.0.0.202411081344/tools/bin/../lib/gcc/arm-none-eabi/13.3.1/thumb/v7-m/nofp\libgcc.a(_aeabi_uldivmod.o)
 .ARM.attributes
                0x00000cf0       0x2d C:/ST/STM32CubeIDE_1.18.0/STM32CubeIDE/plugins/com.st.stm32cube.ide.mcu.externaltools.gnu-tools-for-stm32.13.3.rel1.win32_1.0.0.202411081344/tools/bin/../lib/gcc/arm-none-eabi/13.3.1/thumb/v7-m/nofp\libgcc.a(_udivmoddi4.o)
 .ARM.attributes
                0x00000d1d       0x1d C:/ST/STM32CubeIDE_1.18.0/STM32CubeIDE/plugins/com.st.stm32cube.ide.mcu.externaltools.gnu-tools-for-stm32.13.3.rel1.win32_1.0.0.202411081344/tools/bin/../lib/gcc/arm-none-eabi/13.3.1/thumb/v7-m/nofp\libgcc.a(_dvmd_tls.o)
 .ARM.attributes