Archive member included to satisfy reference by file (symbol)

C:/ST/STM32CubeIDE_1.18.0/STM32CubeIDE/plugins/com.st.stm32cube.ide.mcu.externaltools.gnu-tools-for-stm32.13.3.rel1.win32_1.0.0.202411081344/tools/bin/../lib/gcc/arm-none-eabi/13.3.1/../../../../arm-none-eabi/lib/thumb/v7-m/nofp\libc_nano.a(libc_a-assert.o)
                              ./Core/Src/photo.o (__assert_func)
C:/ST/STM32CubeIDE_1.18.0/STM32CubeIDE/plugins/com.st.stm32cube.ide.mcu.externaltools.gnu-tools-for-stm32.13.3.rel1.win32_1.0.0.202411081344/tools/bin/../lib/gcc/arm-none-eabi/13.3.1/../../../../arm-none-eabi/lib/thumb/v7-m/nofp\libc_nano.a(libc_a-exit.o)
                              C:/ST/STM32CubeIDE_1.18.0/STM32CubeIDE/plugins/com.st.stm32cube.ide.mcu.externaltools.gnu-tools-for-stm32.13.3.rel1.win32_1.0.0.202411081344/tools/bin/../lib/gcc/arm-none-eabi/13.3.1/../../../../arm-none-eabi/lib/thumb/v7-m/nofp/crt0.o (exit)
C:/ST/STM32CubeIDE_1.18.0/STM32CubeIDE/plugins/com.st.stm32cube.ide.mcu.externaltools.gnu-tools-for-stm32.13.3.rel1.win32_1.0.0.202411081344/tools/bin/../lib/gcc/arm-none-eabi/13.3.1/../../../../arm-none-eabi/lib/thumb/v7-m/nofp\libc_nano.a(libc_a-findfp.o)
                              C:/ST/STM32CubeIDE_1.18.0/STM32CubeIDE/plugins/com.st.stm32cube.ide.mcu.externaltools.gnu-tools-for-stm32.13.3.rel1.win32_1.0.0.202411081344/tools/bin/../lib/gcc/arm-none-eabi/13.3.1/../../../../arm-none-eabi/lib/thumb/v7-m/nofp\libc_nano.a(libc_a-exit.o) (__stdio_exit_handler)
C:/ST/STM32CubeIDE_1.18.0/STM32CubeIDE/plugins/com.st.stm32cube.ide.mcu.externaltools.gnu-tools-for-stm32.13.3.rel1.win32_1.0.0.202411081344/tools/bin/../lib/gcc/arm-none-eabi/13.3.1/../../../../arm-none-eabi/lib/thumb/v7-m/nofp\libc_nano.a(libc_a-fprintf.o)
                              C:/ST/STM32CubeIDE_1.18.0/STM32CubeIDE/plugins/com.st.stm32cube.ide.mcu.externaltools.gnu-tools-for-stm32.13.3.rel1.win32_1.0.0.202411081344/tools/bin/../lib/gcc/arm-none-eabi/13.3.1/../../../../arm-none-eabi/lib/thumb/v7-m/nofp\libc_nano.a(libc_a-assert.o) (fiprintf)
C:/ST/STM32CubeIDE_1.18.0/STM32CubeIDE/plugins/com.st.stm32cube.ide.mcu.externaltools.gnu-tools-for-stm32.13.3.rel1.win32_1.0.0.202411081344/tools/bin/../lib/gcc/arm-none-eabi/13.3.1/../../../../arm-none-eabi/lib/thumb/v7-m/nofp\libc_nano.a(libc_a-fwalk.o)
                              C:/ST/STM32CubeIDE_1.18.0/STM32CubeIDE/plugins/com.st.stm32cube.ide.mcu.externaltools.gnu-tools-for-stm32.13.3.rel1.win32_1.0.0.202411081344/tools/bin/../lib/gcc/arm-none-eabi/13.3.1/../../../../arm-none-eabi/lib/thumb/v7-m/nofp\libc_nano.a(libc_a-findfp.o) (_fwalk_sglue)
C:/ST/STM32CubeIDE_1.18.0/STM32CubeIDE/plugins/com.st.stm32cube.ide.mcu.externaltools.gnu-tools-for-stm32.13.3.rel1.win32_1.0.0.202411081344/tools/bin/../lib/gcc/arm-none-eabi/13.3.1/../../../../arm-none-eabi/lib/thumb/v7-m/nofp\libc_nano.a(libc_a-snprintf.o)
                              ./Core/Src/command.o (snprintf)
C:/ST/STM32CubeIDE_1.18.0/STM32CubeIDE/plugins/com.st.stm32cube.ide.mcu.externaltools.gnu-tools-for-stm32.13.3.rel1.win32_1.0.0.202411081344/tools/bin/../lib/gcc/arm-none-eabi/13.3.1/../../../../arm-none-eabi/lib/thumb/v7-m/nofp\libc_nano.a(libc_a-sprintf.o)
                              ./Core/Src/command.o (sprintf)
C:/ST/STM32CubeIDE_1.18.0/STM32CubeIDE/plugins/com.st.stm32cube.ide.mcu.externaltools.gnu-tools-for-stm32.13.3.rel1.win32_1.0.0.202411081344/tools/bin/../lib/gcc/arm-none-eabi/13.3.1/../../../../arm-none-eabi/lib/thumb/v7-m/nofp\libc_nano.a(libc_a-stdio.o)
                              C:/ST/STM32CubeIDE_1.18.0/STM32CubeIDE/plugins/com.st.stm32cube.ide.mcu.externaltools.gnu-tools-for-stm32.13.3.rel1.win32_1.0.0.202411081344/tools/bin/../lib/gcc/arm-none-eabi/13.3.1/../../../../arm-none-eabi/lib/thumb/v7-m/nofp\libc_nano.a(libc_a-findfp.o) (__sread)
C:/ST/STM32CubeIDE_1.18.0/STM32CubeIDE/plugins/com.st.stm32cube.ide.mcu.externaltools.gnu-tools-for-stm32.13.3.rel1.win32_1.0.0.202411081344/tools/bin/../lib/gcc/arm-none-eabi/13.3.1/../../../../arm-none-eabi/lib/thumb/v7-m/nofp\libc_nano.a(libc_a-memset.o)
                              C:/ST/STM32CubeIDE_1.18.0/STM32CubeIDE/plugins/com.st.stm32cube.ide.mcu.externaltools.gnu-tools-for-stm32.13.3.rel1.win32_1.0.0.202411081344/tools/bin/../lib/gcc/arm-none-eabi/13.3.1/../../../../arm-none-eabi/lib/thumb/v7-m/nofp/crt0.o (memset)
C:/ST/STM32CubeIDE_1.18.0/STM32CubeIDE/plugins/com.st.stm32cube.ide.mcu.externaltools.gnu-tools-for-stm32.13.3.rel1.win32_1.0.0.202411081344/tools/bin/../lib/gcc/arm-none-eabi/13.3.1/../../../../arm-none-eabi/lib/thumb/v7-m/nofp\libc_nano.a(libc_a-closer.o)
                              C:/ST/STM32CubeIDE_1.18.0/STM32CubeIDE/plugins/com.st.stm32cube.ide.mcu.externaltools.gnu-tools-for-stm32.13.3.rel1.win32_1.0.0.202411081344/tools/bin/../lib/gcc/arm-none-eabi/13.3.1/../../../../arm-none-eabi/lib/thumb/v7-m/nofp\libc_nano.a(libc_a-stdio.o) (_close_r)
[...]
Memory Configuration

Name             Origin             Length             Attributes
RAM              0x20000000         0x00020000         xrw
FLASH            0x08000000         0x00100000         xr
*default*        0x00000000         0xffffffff

Linker script and memory map

LOAD C:/ST/STM32CubeIDE_1.18.0/STM32CubeIDE/plugins/com.st.stm32cube.ide.mcu.externaltools.gnu-tools-for-stm32.13.3.rel1.win32_1.0.0.202411081344/tools/bin/../lib/gcc/arm-none-eabi/13.3.1/thumb/v7-m/nofp/crti.o
LOAD C:/ST/STM32CubeIDE_1.18.0/STM32CubeIDE/plugins/com.st.stm32cube.ide.mcu.externaltools.gnu-tools-for-stm32.13.3.rel1.win32_1.0.0.202411081344/tools/bin/../lib/gcc/arm-none-eabi/13.3.1/thumb/v7-m/nofp/crtbegin.o
LOAD C:/ST/STM32CubeIDE_1.18.0/STM32CubeIDE/plugins/com.st.stm32cube.ide.mcu.externaltools.gnu-tools-for-stm32.13.3.rel1.win32_1.0.0.202411081344/tools/bin/../lib/gcc/arm-none-eabi/13.3.1/../../../../arm-none-eabi/lib/thumb/v7-m/nofp/crt0.o
LOAD ./Core/Src/command.o
LOAD ./Core/Src/dcmi.o
LOAD ./Core/Src/fsmc.o
LOAD ./Core/Src/gpio.o
LOAD ./Core/Src/i2c.o
LOAD ./Core/Src/ls_comms.o
LOAD ./Core/Src/main.o
LOAD ./Core/Src/photo.o
LOAD ./Core/Src/spi.o
LOAD ./Core/Src/stm32f2xx_hal_msp.o
LOAD ./Core/Src/stm32f2xx_it.o
LOAD ./Core/Src/syscalls.o
LOAD ./Core/Src/sysmem.o
LOAD ./Core/Src/system_stm32f2xx.o
LOAD ./Core/Src/tim.o
LOAD ./Core/Src/usart.o
LOAD ./Core/Startup/startup_stm32f217zgtx.o
LOAD ./Drivers/STM32F2xx_HAL_Driver/stm32f2xx_hal.o
LOAD ./Drivers/STM32F2xx_HAL_Driver/stm32f2xx_hal_cortex.o
LOAD ./Drivers/STM32F2xx_HAL_Driver/stm32f2xx_hal_dcmi.o
LOAD ./Drivers/STM32F2xx_HAL_Driver/stm32f2xx_hal_dma.o
LOAD ./Drivers/STM32F2xx_HAL_Driver/stm32f2xx_hal_dma_ex.o
LOAD ./Drivers/STM32F2xx_HAL_Driver/stm32f2xx_hal_exti.o
LOAD ./Drivers/STM32F2xx_HAL_Driver/stm32f2xx_hal_flash.o
LOAD ./Drivers/STM32F2xx_HAL_Driver/stm32f2xx_hal_flash_ex.o
LOAD ./Drivers/STM32F2xx_HAL_Driver/stm32f2xx_hal_gpio.o
LOAD ./Drivers/STM32F2xx_HAL_Driver/stm32f2xx_hal_i2c.o
LOAD ./Drivers/STM32F2xx_HAL_Driver/stm32f2xx_hal_nand.o
LOAD ./Drivers/STM32F2xx_HAL_Driver/stm32f2xx_hal_nor.o
LOAD ./Drivers/STM32F2xx_HAL_Driver/stm32f2xx_hal_pccard.o
LOAD ./Drivers/STM32F2xx_HAL_Driver/stm32f2xx_hal_pwr.o
LOAD ./Drivers/STM32F2xx_HAL_Driver/stm32f2xx_hal_pwr_ex.o
LOAD ./Drivers/STM32F2xx_HAL_Driver/stm32f2xx_hal_rcc.o
LOAD ./Drivers/STM32F2xx_HAL_Driver/stm32f2xx_hal_rcc_ex.o
LOAD ./Drivers/STM32F2xx_HAL_Driver/stm32f2xx_hal_spi.o
LOAD ./Drivers/STM32F2xx_HAL_Driver/stm32f2xx_hal_sram.o
LOAD ./Drivers/STM32F2xx_HAL_Driver/stm32f2xx_hal_tim.o
LOAD ./Drivers/STM32F2xx_HAL_Driver/stm32f2xx_hal_tim_ex.o
LOAD ./Drivers/STM32F2xx_HAL_Driver/stm32f2xx_hal_uart.o
LOAD ./Drivers/STM32F2xx_HAL_Driver/stm32f2xx_ll_fsmc.o
START GROUP
LOAD C:/ST/STM32CubeIDE_1.18.0/STM32CubeIDE/plugins/com.st.stm32cube.ide.mcu.externaltools.gnu-tools-for-stm32.13.3.rel1.win32_1.0.0.202411081344/tools/bin/../lib/gcc/arm-none-eabi/13.3.1/../../../../arm-none-eabi/lib/thumb/v7-m/nofp\libc_nano.a
LOAD C:/ST/STM32CubeIDE_1.18.0/STM32CubeIDE/plugins/com.st.stm32cube.ide.mcu.externaltools.gnu-tools-for-stm32.13.3.rel1.win32_1.0.0.202411081344/tools/bin/../lib/gcc/arm-none-eabi/13.3.1/../../../../arm-none-eabi/lib/thumb/v7-m/nofp\libm.a
END GROUP
START GROUP
LOAD C:/ST/STM32CubeIDE_1.18.0/STM32CubeIDE/plugins/com.st.stm32cube.ide.mcu.externaltools.gnu-tools-for-stm32.13.3.rel1.win32_1.0.0.202411081344/tools/bin/../lib/gcc/arm-none-eabi/13.3.1/thumb/v7-m/nofp\libgcc.a
LOAD C:/ST/STM32CubeIDE_1.18.0/STM32CubeIDE/plugins/com.st.stm32cube.ide.mcu.externaltools.gnu-tools-for-stm32.13.3.rel1.win32_1.0.0.202411081344/tools/bin/../lib/gcc/arm-none-eabi/13.3.1/../../../../arm-none-eabi/lib/thumb/v7-m/nofp\libc_nano.a
END GROUP
START GROUP
LOAD C:/ST/STM32CubeIDE_1.18.0/STM32CubeIDE/plugins/com.st.stm32cube.ide.mcu.externaltools.gnu-tools-for-stm32.13.3.rel1.win32_1.0.0.202411081344/tools/bin/../lib/gcc/arm-none-eabi/13.3.1/thumb/v7-m/nofp\libgcc.a
LOAD C:/ST/STM32CubeIDE_1.18.0/STM32CubeIDE/plugins/com.st.stm32cube.ide.mcu.externaltools.gnu-tools-for-stm32.13.3.rel1.win32_1.0.0.202411081344/tools/bin/../lib/gcc/arm-none-eabi/13.3.1/../../../../arm-none-eabi/lib/thumb/v7-m/nofp\libc_nano.a
LOAD C:/ST/STM32CubeIDE_1.18.0/STM32CubeIDE/plugins/com.st.stm32cube.ide.mcu.externaltools.gnu-tools-for-stm32.13.3.rel1.win32_1.0.0.202411081344/tools/bin/../lib/gcc/arm-none-eabi/13.3.1/../../../../arm-none-eabi/lib/thumb/v7-m/nofp\libnosys.a
END GROUP
START GROUP
LOAD C:/ST/STM32CubeIDE_1.18.0/STM32CubeIDE/plugins/com.st.stm32cube.ide.mcu.externaltools.gnu-tools-for-stm32.13.3.rel1.win32_1.0.0.202411081344/tools/bin/../lib/gcc/arm-none-eabi/13.3.1/thumb/v7-m/nofp\libgcc.a
LOAD C:/ST/STM32CubeIDE_1.18.0/STM32CubeIDE/plugins/com.st.stm32cube.ide.mcu.externaltools.gnu-tools-for-stm32.13.3.rel1.win32_1.0.0.202411081344/tools/bin/../lib/gcc/arm-none-eabi/13.3.1/../../../../arm-none-eabi/lib/thumb/v7-m/nofp\libc_nano.a
LOAD C:/ST/STM32CubeIDE_1.18.0/STM32CubeIDE/plugins/com.st.stm32cube.ide.mcu.externaltools.gnu-tools-for-stm32.13.3.rel1.win32_1.0.0.202411081344/tools/bin/../lib/gcc/arm-none-eabi/13.3.1/../../../../arm-none-eabi/lib/thumb/v7-m/nofp\libnosys.a
END GROUP
LOAD C:/ST/STM32CubeIDE_1.18.0/STM32CubeIDE/plugins/com.st.stm32cube.ide.mcu.externaltools.gnu-tools-for-stm32.13.3.rel1.win32_1.0.0.202411081344/tools/bin/../lib/gcc/arm-none-eabi/13.3.1/thumb/v7-m/nofp/crtend.o
LOAD C:/ST/STM32CubeIDE_1.18.0/STM32CubeIDE/plugins/com.st.stm32cube.ide.mcu.externaltools.gnu-tools-for-stm32.13.3.rel1.win32_1.0.0.202411081344/tools/bin/../lib/gcc/arm-none-eabi/13.3.1/thumb/v7-m/nofp/crtn.o
                0x20020000                        _estack = (ORIGIN (RAM) + LENGTH (RAM))
                0x00000200                        _Min_Heap_Size = 0x200
                0x00000400                        _Min_Stack_Size = 0x400

.isr_vector     0x08000000      0x184
                0x08000000                        . = ALIGN (0x4)
 *(.isr_vector)
 .isr_vector    0x08000000      0x184 ./Core/Startup/startup_stm32f217zgtx.o
                0x08000000                g_pfnVectors
                0x08000184                        . = ALIGN (0x4)

.text           0x08000184     0x91d4
                0x08000184                        . = ALIGN (0x4)
 *(.text)
 .text          0x08000184       0x40 C:/ST/STM32CubeIDE_1.18.0/STM32CubeIDE/plugins/com.st.stm32cube.ide.mcu.externaltools.gnu-tools-for-stm32.13.3.rel1.win32_1.0.0.202411081344/tools/bin/../lib/gcc/arm-none-eabi/13.3.1/thumb/v7-m/nofp/crtbegin.o
 .text          0x080001c4      0x21c C:/ST/STM32CubeIDE_1.18.0/STM32CubeIDE/plugins/com.st.stm32cube.ide.mcu.externaltools.gnu-tools-for-stm32.13.3.rel1.win32_1.0.0.202411081344/tools/bin/../lib/gcc/arm-none-eabi/13.3.1/thumb/v7-m/nofp\libgcc.a(_arm_addsubsf3.o)
                0x080001c4                __aeabi_frsub
                0x080001cc                __subsf3
                0x080001cc                __aeabi_fsub
                0x080001d0                __aeabi_fadd
                0x080001d0                __addsf3
                0x08000330                __aeabi_ui2f
                0x08000330                __floatunsisf
                0x08000338                __aeabi_i2f
                0x08000338                __floatsisf
                0x08000354                __aeabi_ul2f
                0x08000354                __floatundisf
                0x08000364                __aeabi_l2f
                0x08000364                __floatdisf
 .text          0x080003e0      0x2a0 C:/ST/STM32CubeIDE_1.18.0/STM32CubeIDE/plugins/com.st.stm32cube.ide.mcu.externaltools.gnu-tools-for-stm32.13.3.rel1.win32_1.0.0.202411081344/tools/bin/../lib/gcc/arm-none-eabi/13.3.1/thumb/v7-m/nofp\libgcc.a(_arm_muldivsf3.o)
                0x080003e0                __mulsf3
                0x080003e0                __aeabi_fmul
                0x08000548                __aeabi_fdiv
                0x08000548                __divsf3
 .text          0x08000680       0xec C:/ST/STM32CubeIDE_1.18.0/STM32CubeIDE/plugins/com.st.stm32cube.ide.mcu.externaltools.gnu-tools-for-stm32.13.3.rel1.win32_1.0.0.202411081344/tools/bin/../lib/gcc/arm-none-eabi/13.3.1/thumb/v7-m/nofp\libgcc.a(_arm_cmpsf2.o)
                0x08000680                __gesf2
                0x08000680                __gtsf2
                0x08000688                __lesf2
                0x08000688                __ltsf2
                0x08000690                __nesf2
                0x08000690                __eqsf2
                0x08000690                __cmpsf2
                0x080006f0                __aeabi_cfrcmple
                0x080006f8                __aeabi_cfcmpeq
                0x080006f8                __aeabi_cfcmple
                0x08000708                __aeabi_fcmpeq
                0x0800071c                __aeabi_fcmplt
                0x08000730                __aeabi_fcmple
                0x08000744                __aeabi_fcmpge
                0x08000758                __aeabi_fcmpgt
 .text          0x0800076c       0x4c C:/ST/STM32CubeIDE_1.18.0/STM32CubeIDE/plugins/com.st.stm32cube.ide.mcu.externaltools.gnu-tools-for-stm32.13.3.rel1.win32_1.0.0.202411081344/tools/bin/../lib/gcc/arm-none-eabi/13.3.1/thumb/v7-m/nofp\libgcc.a(_arm_fixsfsi.o)
                0x0800076c                __aeabi_f2iz
                0x0800076c                __fixsfsi
 .text          0x080007b8       0x30 C:/ST/STM32CubeIDE_1.18.0/STM32CubeIDE/plugins/com.st.stm32cube.ide.mcu.externaltools.gnu-tools-for-stm32.13.3.rel1.win32_1.0.0.202411081344/tools/bin/../lib/gcc/arm-none-eabi/13.3.1/thumb/v7-m/nofp\libgcc.a(_aeabi_uldivmod.o)
                0x080007b8                __aeabi_uldivmod
 .text          0x080007e8      0x300 C:/ST/STM32CubeIDE_1.18.0/STM32CubeIDE/plugins/com.st.stm32cube.ide.mcu.externaltools.gnu-tools-for-stm32.13.3.rel1.win32_1.0.0.202411081344/tools/bin/../lib/gcc/arm-none-eabi/13.3.1/thumb/v7-m/nofp\libgcc.a(_udivmoddi4.o)
                0x080007e8                __udivmoddi4
 .text          0x08000ae8        0x4 C:/ST/STM32CubeIDE_1.18.0/STM32CubeIDE/plugins/com.st.stm32cube.ide.mcu.externaltools.gnu-tools-for-stm32.13.3.rel1.win32_1.0.0.202411081344/tools/bin/../lib/gcc/arm-none-eabi/13.3.1/thumb/v7-m/nofp\libgcc.a(_dvmd_tls.o)
                0x08000ae8                __aeabi_idiv0
                0x08000ae8                __aeabi_ldiv0
 *(.text*)
 .text.CMD_TakePicture
                0x08000aec      0x12c ./Core/Src/command.o
                0x08000aec                CMD_TakePicture
 .text.CMD_TakePictureDelayed
                0x08000c18      0x194 ./Core/Src/command.o
                0x08000c18                CMD_TakePictureDelayed
 .text.CMD_TransmitFrameCompressed
                0x08000dac      0x13c ./Core/Src/command.o
                0x08000dac                CMD_TransmitFrameCompressed
 .text.CMD_TransmitFrameRaw
                0x08000ee8      0x134 ./Core/Src/command.o
                0x08000ee8                CMD_TransmitFrameRaw
 .text.CMD_MemoryState
                0x0800101c       0x14 ./Core/Src/command.o
                0x0800101c                CMD_MemoryState
 .text.CMD_EraseRawBuffer
                0x08001030       0x14 ./Core/Src/command.o
                0x08001030                CMD_EraseRawBuffer
 .text.CMD_EraseCompressedBuffer
                0x08001044       0x14 ./Core/Src/command.o
                0x08001044                CMD_EraseCompressedBuffer
 .text.CMD_GetStatus
                0x08001058       0x14 ./Core/Src/command.o
                0x08001058                CMD_GetStatus
 .text.CMD_BackupVolatileMemory
                0x0800106c       0x14 ./Core/Src/command.o
                0x0800106c                CMD_BackupVolatileMemory
 .text.CMD_ResetPayload
                0x08001080       0x14 ./Core/Src/command.o
                0x08001080                CMD_ResetPayload
 .text.CMD_DumpMemorySRAM
                0x08001094       0x14 ./Core/Src/command.o
                0x08001094                CMD_DumpMemorySRAM
 .text.CMD_DumpMemoryFRAM
                0x080010a8       0x14 ./Core/Src/command.o
                0x080010a8                CMD_DumpMemoryFRAM
 .text.CMD_DumpPhoto
                0x080010bc       0x14 ./Core/Src/command.o
                0x080010bc                CMD_DumpPhoto
 .text.GetCommand
                0x080010d0       0x90 ./Core/Src/command.o
                0x080010d0                GetCommand
 .text.ExecuteCommand
                0x08001160       0x9c ./Core/Src/command.o
                0x08001160                ExecuteCommand
 .text.FillTxBufferWithZeroes
                0x080011fc       0x30 ./Core/Src/command.o
                0x080011fc                FillTxBufferWithZeroes
 .text.MX_DCMI_Init
                0x0800122c       0x50 ./Core/Src/dcmi.o
                0x0800122c                MX_DCMI_Init
 .text.HAL_DCMI_MspInit
                0x0800127c      0x154 ./Core/Src/dcmi.o
                0x0800127c                HAL_DCMI_MspInit
 .text.MX_FSMC_Init
                0x080013d0       0xb8 ./Core/Src/fsmc.o
                0x080013d0                MX_FSMC_Init
 .text.HAL_FSMC_MspInit
                0x08001488       0xe0 ./Core/Src/fsmc.o
 .text.HAL_SRAM_MspInit
                0x08001568       0x14 ./Core/Src/fsmc.o
                0x08001568                HAL_SRAM_MspInit
 .text.MX_GPIO_Init
                0x0800157c      0x1b4 ./Core/Src/gpio.o
                0x0800157c                MX_GPIO_Init
 .text.MX_I2C2_Init
                0x08001730       0x5c ./Core/Src/i2c.o
                0x08001730                MX_I2C2_Init
 .text.MX_I2C3_Init
                0x0800178c       0x5c ./Core/Src/i2c.o
                0x0800178c                MX_I2C3_Init
 .text.HAL_I2C_MspInit
                0x080017e8      0x140 ./Core/Src/i2c.o
                0x080017e8                HAL_I2C_MspInit
 .text.TransmitBufferUART
                0x08001928       0x1c ./Core/Src/ls_comms.o
                0x08001928                TransmitBufferUART
 .text.Log      0x08001944       0x5c ./Core/Src/ls_comms.o
                0x08001944                Log
 .text.CopyVolatile
                0x080019a0       0x40 ./Core/Src/ls_comms.o
                0x080019a0                CopyVolatile
 .text.TransformTs
                0x080019e0       0x28 ./Core/Src/ls_comms.o
                0x080019e0                TransformTs
 .text.main     0x08001a08      0x100 ./Core/Src/main.o
                0x08001a08                main
 .text.SystemClock_Config
                0x08001b08       0x8c ./Core/Src/main.o
                0x08001b08                SystemClock_Config
 .text.Error_Handler
                0x08001b94        0xc ./Core/Src/main.o
                0x08001b94                Error_Handler
 .text.floorf_custom
                0x08001ba0       0x56 ./Core/Src/photo.o
 .text.tjei_be_word
                0x08001bf6       0x2a ./Core/Src/photo.o
 .text.tjei_write
                0x08001c20       0xd0 ./Core/Src/photo.o
 .text.tjei_write_DQT
                0x08001cf0       0x88 ./Core/Src/photo.o
 .text.tjei_write_DHT
                0x08001d78       0xec ./Core/Src/photo.o
 .text.tjei_huff_get_code_lengths
                0x08001e64       0x68 ./Core/Src/photo.o
 .text.tjei_huff_get_codes
                0x08001ecc       0xa0 ./Core/Src/photo.o
 .text.tjei_huff_get_extended
                0x08001f6c       0x66 ./Core/Src/photo.o
 .text.tjei_calculate_variable_length_int
                0x08001fd2       0x6e ./Core/Src/photo.o
 .text.tjei_write_bits
                0x08002040       0x8e ./Core/Src/photo.o
 *fill*         0x080020ce        0x2 
 .text.tjei_fdct
                0x080020d0      0x4a0 ./Core/Src/photo.o
 .text.tjei_encode_and_write_MCU
                0x08002570      0x3f0 ./Core/Src/photo.o
 .text.tjei_huff_expand
                0x08002960      0x2cc ./Core/Src/photo.o
 .text.tjei_encode_main
                0x08002c2c      0xb14 ./Core/Src/photo.o
 .text.tjei_memory_func
                0x08003740       0x4e ./Core/Src/photo.o
 *fill*         0x0800378e        0x2 
 .text.tje_encode_to_memory
                0x08003790       0x60 ./Core/Src/photo.o
                0x08003790                tje_encode_to_memory
 .text.tje_encode_with_func
                0x080037f0      0x2e4 ./Core/Src/photo.o
                0x080037f0                tje_encode_with_func
 .text.DCMICapture
                0x08003ad4      0x114 ./Core/Src/photo.o
                0x08003ad4                DCMICapture
 .text.ComputeBlackPercentage
                0x08003be8       0xa0 ./Core/Src/photo.o
                0x08003be8                ComputeBlackPercentage
 .text.CompressToJPEG
                0x08003c88      0x154 ./Core/Src/photo.o
                0x08003c88                CompressToJPEG
 .text.init_camera_buffers
                0x08003ddc       0xd0 ./Core/Src/photo.o
                0x08003ddc                init_camera_buffers
 .text.MX_SPI2_Init
                0x08003eac       0x5c ./Core/Src/spi.o
                0x08003eac                MX_SPI2_Init
 .text.HAL_SPI_MspInit
                0x08003f08       0x90 ./Core/Src/spi.o
                0x08003f08                HAL_SPI_MspInit
 .text.HAL_MspInit
                0x08003f98       0x4c ./Core/Src/stm32f2xx_hal_msp.o
                0x08003f98                HAL_MspInit
 .text.NMI_Handler
                0x08003fe4        0x8 ./Core/Src/stm32f2xx_it.o
                0x08003fe4                NMI_Handler
 .text.HardFault_Handler
                0x08003fec        0x8 ./Core/Src/stm32f2xx_it.o
                0x08003fec                HardFault_Handler
 .text.MemManage_Handler
                0x08003ff4        0x8 ./Core/Src/stm32f2xx_it.o
                0x08003ff4                MemManage_Handler
 .text.BusFault_Handler
                0x08003ffc        0x8 ./Core/Src/stm32f2xx_it.o
                0x08003ffc                BusFault_Handler
 .text.UsageFault_Handler
                0x08004004        0x8 ./Core/Src/stm32f2xx_it.o
                0x08004004                UsageFault_Handler
 .text.SVC_Handler
                0x0800400c        0xc ./Core/Src/stm32f2xx_it.o
                0x0800400c                SVC_Handler
 .text.DebugMon_Handler
                0x08004018        0xc ./Core/Src/stm32f2xx_it.o
                0x08004018                DebugMon_Handler
 .text.PendSV_Handler
                0x08004024        0xc ./Core/Src/stm32f2xx_it.o
                0x08004024                PendSV_Handler
 .text.SysTick_Handler
                0x08004030        0xc ./Core/Src/stm32f2xx_it.o
                0x08004030                SysTick_Handler
 .text._getpid  0x0800403c        0xe ./Core/Src/syscalls.o
                0x0800403c                _getpid
 .text._kill    0x0800404a       0x20 ./Core/Src/syscalls.o
                0x0800404a                _kill
 .text._exit    0x0800406a       0x16 ./Core/Src/syscalls.o
                0x0800406a                _exit
 .text._read    0x08004080       0x3a ./Core/Src/syscalls.o
                0x08004080                _read
 .text._write   0x080040ba       0x38 ./Core/Src/syscalls.o
                0x080040ba                _write
 .text._close   0x080040f2       0x16 ./Core/Src/syscalls.o
                0x080040f2                _close
 .text._fstat   0x08004108       0x1e ./Core/Src/syscalls.o
                0x08004108                _fstat
 .text._isatty  0x08004126       0x14 ./Core/Src/syscalls.o
                0x08004126                _isatty
 .text._lseek   0x0800413a       0x18 ./Core/Src/syscalls.o
                0x0800413a                _lseek
 *fill*         0x08004152        0x2 
 .text._sbrk    0x08004154       0x6c ./Core/Src/sysmem.o
                0x08004154                _sbrk
 .text.SystemInit
                0x080041c0        0xc ./Core/Src/system_stm32f2xx.o
                0x080041c0                SystemInit
 .text.MX_TIM11_Init
                0x080041cc       0x98 ./Core/Src/tim.o
                0x080041cc                MX_TIM11_Init
 .text.HAL_TIM_Base_MspInit
                0x08004264       0x40 ./Core/Src/tim.o
                0x08004264                HAL_TIM_Base_MspInit
 .text.HAL_TIM_MspPostInit
                0x080042a4       0x74 ./Core/Src/tim.o
                0x080042a4                HAL_TIM_MspPostInit
 .text.MX_UART4_Init
                0x08004318       0x54 ./Core/Src/usart.o
                0x08004318                MX_UART4_Init
 .text.MX_UART5_Init
                0x0800436c       0x54 ./Core/Src/usart.o
                0x0800436c                MX_UART5_Init
 .text.MX_USART1_UART_Init
                0x080043c0       0x54 ./Core/Src/usart.o
                0x080043c0                MX_USART1_UART_Init
 .text.HAL_UART_MspInit
                0x08004414      0x1a8 ./Core/Src/usart.o
                0x08004414                HAL_UART_MspInit
 .text.Reset_Handler
                0x080045bc       0x50 ./Core/Startup/startup_stm32f217zgtx.o
                0x080045bc                Reset_Handler
 .text.Default_Handler
                0x0800460c        0x2 ./Core/Startup/startup_stm32f217zgtx.o
                0x0800460c                RTC_Alarm_IRQHandler
                0x0800460c                HASH_RNG_IRQHandler
                0x0800460c                EXTI2_IRQHandler
                0x0800460c                TIM8_CC_IRQHandler
                0x0800460c                TIM1_CC_IRQHandler
                0x0800460c                DMA2_Stream5_IRQHandler
                0x0800460c                DMA1_Stream5_IRQHandler
                0x0800460c                PVD_IRQHandler
                0x0800460c                SDIO_IRQHandler
                0x0800460c                TAMP_STAMP_IRQHandler
                0x0800460c                CAN2_RX1_IRQHandler
                0x0800460c                EXTI3_IRQHandler
                0x0800460c                TIM8_TRG_COM_TIM14_IRQHandler
                0x0800460c                TIM1_UP_TIM10_IRQHandler
                0x0800460c                TIM8_UP_TIM13_IRQHandler
                0x0800460c                I2C3_ER_IRQHandler
                0x0800460c                EXTI0_IRQHandler
                0x0800460c                I2C2_EV_IRQHandler
                0x0800460c                DMA1_Stream2_IRQHandler
                0x0800460c                CAN1_RX0_IRQHandler
                0x0800460c                OTG_HS_WKUP_IRQHandler
                0x0800460c                CAN2_SCE_IRQHandler
                0x0800460c                DMA2_Stream2_IRQHandler
                0x0800460c                SPI1_IRQHandler
                0x0800460c                TIM6_DAC_IRQHandler
                0x0800460c                TIM1_BRK_TIM9_IRQHandler
                0x0800460c                DCMI_IRQHandler
                0x0800460c                CAN2_RX0_IRQHandler
                0x0800460c                DMA2_Stream3_IRQHandler
                0x0800460c                USART6_IRQHandler
                0x0800460c                USART3_IRQHandler
                0x0800460c                CRYP_IRQHandler
                0x0800460c                CAN1_RX1_IRQHandler
                0x0800460c                UART5_IRQHandler
                0x0800460c                DMA2_Stream0_IRQHandler
                0x0800460c                TIM4_IRQHandler
                0x0800460c                I2C1_EV_IRQHandler
                0x0800460c                DMA1_Stream6_IRQHandler
                0x0800460c                DMA1_Stream1_IRQHandler
                0x0800460c                UART4_IRQHandler
                0x0800460c                TIM3_IRQHandler
                0x0800460c                RCC_IRQHandler
                0x0800460c                TIM8_BRK_TIM12_IRQHandler
                0x0800460c                Default_Handler
                0x0800460c                EXTI15_10_IRQHandler
                0x0800460c                ADC_IRQHandler
                0x0800460c                DMA1_Stream7_IRQHandler
                0x0800460c                TIM7_IRQHandler
                0x0800460c                CAN2_TX_IRQHandler
                0x0800460c                TIM5_IRQHandler
                0x0800460c                DMA2_Stream7_IRQHandler
                0x0800460c                I2C3_EV_IRQHandler
                0x0800460c                EXTI9_5_IRQHandler
                0x0800460c                RTC_WKUP_IRQHandler
                0x0800460c                ETH_WKUP_IRQHandler
                0x0800460c                SPI2_IRQHandler
                0x0800460c                OTG_HS_EP1_IN_IRQHandler
                0x0800460c                DMA1_Stream0_IRQHandler
                0x0800460c                CAN1_TX_IRQHandler
                0x0800460c                EXTI4_IRQHandler
                0x0800460c                FSMC_IRQHandler
                0x0800460c                ETH_IRQHandler
                0x0800460c                OTG_HS_EP1_OUT_IRQHandler
                0x0800460c                WWDG_IRQHandler
                0x0800460c                TIM2_IRQHandler
                0x0800460c                OTG_FS_WKUP_IRQHandler
                0x0800460c                TIM1_TRG_COM_TIM11_IRQHandler
                0x0800460c                OTG_HS_IRQHandler
                0x0800460c                EXTI1_IRQHandler
                0x0800460c                USART2_IRQHandler
                0x0800460c                I2C2_ER_IRQHandler
                0x0800460c                DMA2_Stream1_IRQHandler
                0x0800460c                CAN1_SCE_IRQHandler
                0x0800460c                FLASH_IRQHandler
                0x0800460c                DMA2_Stream4_IRQHandler
                0x0800460c                USART1_IRQHandler
                0x0800460c                OTG_FS_IRQHandler
                0x0800460c                SPI3_IRQHandler
                0x0800460c                DMA1_Stream4_IRQHandler
                0x0800460c                I2C1_ER_IRQHandler
                0x0800460c                DMA2_Stream6_IRQHandler
                0x0800460c                DMA1_Stream3_IRQHandler
 *fill*         0x0800460e        0x2 
 .text.HAL_Init
                0x08004610       0x44 ./Drivers/STM32F2xx_HAL_Driver/stm32f2xx_hal.o
                0x08004610                HAL_Init
 .text.HAL_InitTick
                0x08004654       0x60 ./Drivers/STM32F2xx_HAL_Driver/stm32f2xx_hal.o
                0x08004654                HAL_InitTick
 .text.HAL_IncTick
                0x080046b4       0x24 ./Drivers/STM32F2xx_HAL_Driver/stm32f2xx_hal.o
                0x080046b4                HAL_IncTick
 .text.HAL_GetTick
                0x080046d8       0x14 ./Drivers/STM32F2xx_HAL_Driver/stm32f2xx_hal.o
                0x080046d8                HAL_GetTick
 .text.__NVIC_SetPriorityGrouping
                0x080046ec       0x48 ./Drivers/STM32F2xx_HAL_Driver/stm32f2xx_hal_cortex.o
 .text.__NVIC_GetPriorityGrouping
                0x08004734       0x1c ./Drivers/STM32F2xx_HAL_Driver/stm32f2xx_hal_cortex.o
 .text.__NVIC_SetPriority
                0x08004750       0x54 ./Drivers/STM32F2xx_HAL_Driver/stm32f2xx_hal_cortex.o
 .text.NVIC_EncodePriority
                0x080047a4       0x64 ./Drivers/STM32F2xx_HAL_Driver/stm32f2xx_hal_cortex.o
 .text.SysTick_Config
                0x08004808       0x44 ./Drivers/STM32F2xx_HAL_Driver/stm32f2xx_hal_cortex.o
 .text.HAL_NVIC_SetPriorityGrouping
                0x0800484c       0x16 ./Drivers/STM32F2xx_HAL_Driver/stm32f2xx_hal_cortex.o
                0x0800484c                HAL_NVIC_SetPriorityGrouping
 .text.HAL_NVIC_SetPriority
                0x08004862       0x38 ./Drivers/STM32F2xx_HAL_Driver/stm32f2xx_hal_cortex.o
                0x08004862                HAL_NVIC_SetPriority
 .text.HAL_SYSTICK_Config
                0x0800489a       0x18 ./Drivers/STM32F2xx_HAL_Driver/stm32f2xx_hal_cortex.o
                0x0800489a                HAL_SYSTICK_Config
 .text.HAL_DCMI_Init
                0x080048b2       0xcc ./Drivers/STM32F2xx_HAL_Driver/stm32f2xx_hal_dcmi.o
                0x080048b2                HAL_DCMI_Init
 *fill*         0x0800497e        0x2 
 .text.HAL_DCMI_Start_DMA
                0x08004980      0x188 ./Drivers/STM32F2xx_HAL_Driver/stm32f2xx_hal_dcmi.o
                0x08004980                HAL_DCMI_Start_DMA
 .text.HAL_DCMI_ErrorCallback
                0x08004b08       0x12 ./Drivers/STM32F2xx_HAL_Driver/stm32f2xx_hal_dcmi.o
                0x08004b08                HAL_DCMI_ErrorCallback
 .text.DCMI_DMAXferCplt
                0x08004b1a      0x126 ./Drivers/STM32F2xx_HAL_Driver/stm32f2xx_hal_dcmi.o
 .text.DCMI_DMAError
                0x08004c40       0x3a ./Drivers/STM32F2xx_HAL_Driver/stm32f2xx_hal_dcmi.o
 .text.HAL_DMA_Start_IT
                0x08004c7a       0xb0 ./Drivers/STM32F2xx_HAL_Driver/stm32f2xx_hal_dma.o
                0x08004c7a                HAL_DMA_Start_IT
 .text.DMA_SetConfig
                0x08004d2a       0x5a ./Drivers/STM32F2xx_HAL_Driver/stm32f2xx_hal_dma.o
 .text.HAL_DMAEx_MultiBufferStart_IT
                0x08004d84     0x1290 ./Drivers/STM32F2xx_HAL_Driver/stm32f2xx_hal_dma_ex.o
                0x08004d84                HAL_DMAEx_MultiBufferStart_IT
 .text.HAL_DMAEx_ChangeMemory
                0x08006014       0x32 ./Drivers/STM32F2xx_HAL_Driver/stm32f2xx_hal_dma_ex.o
                0x08006014                HAL_DMAEx_ChangeMemory
 .text.DMA_MultiBufferSetConfig
                0x08006046       0x4a ./Drivers/STM32F2xx_HAL_Driver/stm32f2xx_hal_dma_ex.o
 .text.HAL_GPIO_Init
                0x08006090      0x33c ./Drivers/STM32F2xx_HAL_Driver/stm32f2xx_hal_gpio.o
                0x08006090                HAL_GPIO_Init
 .text.HAL_GPIO_WritePin
                0x080063cc       0x30 ./Drivers/STM32F2xx_HAL_Driver/stm32f2xx_hal_gpio.o
                0x080063cc                HAL_GPIO_WritePin
 .text.HAL_I2C_Init
                0x080063fc      0x288 ./Drivers/STM32F2xx_HAL_Driver/stm32f2xx_hal_i2c.o
                0x080063fc                HAL_I2C_Init
 .text.HAL_RCC_OscConfig
                0x08006684      0x4a8 ./Drivers/STM32F2xx_HAL_Driver/stm32f2xx_hal_rcc.o
                0x08006684                HAL_RCC_OscConfig
 .text.HAL_RCC_ClockConfig
                0x08006b2c      0x1d8 ./Drivers/STM32F2xx_HAL_Driver/stm32f2xx_hal_rcc.o
                0x08006b2c                HAL_RCC_ClockConfig
 .text.HAL_RCC_GetSysClockFreq
                0x08006d04      0x218 ./Drivers/STM32F2xx_HAL_Driver/stm32f2xx_hal_rcc.o
                0x08006d04                HAL_RCC_GetSysClockFreq
 .text.HAL_RCC_GetHCLKFreq
                0x08006f1c       0x14 ./Drivers/STM32F2xx_HAL_Driver/stm32f2xx_hal_rcc.o
                0x08006f1c                HAL_RCC_GetHCLKFreq
 .text.HAL_RCC_GetPCLK1Freq
                0x08006f30       0x44 ./Drivers/STM32F2xx_HAL_Driver/stm32f2xx_hal_rcc.o
                0x08006f30                HAL_RCC_GetPCLK1Freq
 .text.HAL_RCC_GetPCLK2Freq
                0x08006f74       0x44 ./Drivers/STM32F2xx_HAL_Driver/stm32f2xx_hal_rcc.o
                0x08006f74                HAL_RCC_GetPCLK2Freq
 .text.HAL_SPI_Init
                0x08006fb8      0x112 ./Drivers/STM32F2xx_HAL_Driver/stm32f2xx_hal_spi.o
                0x08006fb8                HAL_SPI_Init
 .text.HAL_SRAM_Init
                0x080070ca       0x9a ./Drivers/STM32F2xx_HAL_Driver/stm32f2xx_hal_sram.o
                0x080070ca                HAL_SRAM_Init
 .text.HAL_TIM_Base_Init
                0x08007164       0x9e ./Drivers/STM32F2xx_HAL_Driver/stm32f2xx_hal_tim.o
                0x08007164                HAL_TIM_Base_Init
 .text.HAL_TIM_PWM_Init
                0x08007202       0x9e ./Drivers/STM32F2xx_HAL_Driver/stm32f2xx_hal_tim.o
                0x08007202                HAL_TIM_PWM_Init
 .text.HAL_TIM_PWM_MspInit
                0x080072a0       0x12 ./Drivers/STM32F2xx_HAL_Driver/stm32f2xx_hal_tim.o
                0x080072a0                HAL_TIM_PWM_MspInit
 *fill*         0x080072b2        0x2 
 .text.HAL_TIM_PWM_Start
                0x080072b4      0x190 ./Drivers/STM32F2xx_HAL_Driver/stm32f2xx_hal_tim.o
                0x080072b4                HAL_TIM_PWM_Start
 .text.HAL_TIM_PWM_ConfigChannel
                0x08007444      0x184 ./Drivers/STM32F2xx_HAL_Driver/stm32f2xx_hal_tim.o
                0x08007444                HAL_TIM_PWM_ConfigChannel
 .text.TIM_Base_SetConfig
                0x080075c8      0x154 ./Drivers/STM32F2xx_HAL_Driver/stm32f2xx_hal_tim.o
                0x080075c8                TIM_Base_SetConfig
 .text.TIM_OC1_SetConfig
                0x0800771c       0xe0 ./Drivers/STM32F2xx_HAL_Driver/stm32f2xx_hal_tim.o
 .text.TIM_OC2_SetConfig
                0x080077fc       0xe8 ./Drivers/STM32F2xx_HAL_Driver/stm32f2xx_hal_tim.o
                0x080077fc                TIM_OC2_SetConfig
 .text.TIM_OC3_SetConfig
                0x080078e4       0xe8 ./Drivers/STM32F2xx_HAL_Driver/stm32f2xx_hal_tim.o
 .text.TIM_OC4_SetConfig
                0x080079cc       0xa8 ./Drivers/STM32F2xx_HAL_Driver/stm32f2xx_hal_tim.o
 .text.TIM_CCxChannelCmd
                0x08007a74       0x48 ./Drivers/STM32F2xx_HAL_Driver/stm32f2xx_hal_tim.o
                0x08007a74                TIM_CCxChannelCmd
 .text.HAL_UART_Init
                0x08007abc       0xa0 ./Drivers/STM32F2xx_HAL_Driver/stm32f2xx_hal_uart.o
                0x08007abc                HAL_UART_Init
 .text.HAL_UART_Transmit_IT
                0x08007b5c       0x6a ./Drivers/STM32F2xx_HAL_Driver/stm32f2xx_hal_uart.o
                0x08007b5c                HAL_UART_Transmit_IT
 .text.HAL_UART_Receive_IT
                0x08007bc6       0x4a ./Drivers/STM32F2xx_HAL_Driver/stm32f2xx_hal_uart.o
                0x08007bc6                HAL_UART_Receive_IT
 .text.UART_Start_Receive_IT
                0x08007c10       0x72 ./Drivers/STM32F2xx_HAL_Driver/stm32f2xx_hal_uart.o
                0x08007c10                UART_Start_Receive_IT
 *fill*         0x08007c82        0x2 
 .text.UART_SetConfig
                0x08007c84      0x1d4 ./Drivers/STM32F2xx_HAL_Driver/stm32f2xx_hal_uart.o
 .text.FSMC_NORSRAM_Init
                0x08007e58       0xc0 ./Drivers/STM32F2xx_HAL_Driver/stm32f2xx_ll_fsmc.o
                0x08007e58                FSMC_NORSRAM_Init
 .text.FSMC_NORSRAM_Timing_Init
                0x08007f18       0x5a ./Drivers/STM32F2xx_HAL_Driver/stm32f2xx_ll_fsmc.o
                0x08007f18                FSMC_NORSRAM_Timing_Init
 *fill*         0x08007f72        0x2 
 .text.FSMC_NORSRAM_Extended_Timing_Init
                0x08007f74       0x70 ./Drivers/STM32F2xx_HAL_Driver/stm32f2xx_ll_fsmc.o
                0x08007f74                FSMC_NORSRAM_Extended_Timing_Init
 .text.__assert_func
                0x08007fe4       0x3c C:/ST/STM32CubeIDE_1.18.0/STM32CubeIDE/plugins/com.st.stm32cube.ide.mcu.externaltools.gnu-tools-for-stm32.13.3.rel1.win32_1.0.0.202411081344/tools/bin/../lib/gcc/arm-none-eabi/13.3.1/../../../../arm-none-eabi/lib/thumb/v7-m/nofp\libc_nano.a(libc_a-assert.o)
                0x08007fe4                __assert_func
 .text.std      0x08008020       0x6c C:/ST/STM32CubeIDE_1.18.0/STM32CubeIDE/plugins/com.st.stm32cube.ide.mcu.externaltools.gnu-tools-for-stm32.13.3.rel1.win32_1.0.0.202411081344/tools/bin/../lib/gcc/arm-none-eabi/13.3.1/../../../../arm-none-eabi/lib/thumb/v7-m/nofp\libc_nano.a(libc_a-findfp.o)
 .text.stdio_exit_handler
                0x0800808c       0x18 C:/ST/STM32CubeIDE_1.18.0/STM32CubeIDE/plugins/com.st.stm32cube.ide.mcu.externaltools.gnu-tools-for-stm32.13.3.rel1.win32_1.0.0.202411081344/tools/bin/../lib/gcc/arm-none-eabi/13.3.1/../../../../arm-none-eabi/lib/thumb/v7-m/nofp\libc_nano.a(libc_a-findfp.o)
 .text.cleanup_stdio
                0x080080a4       0x40 C:/ST/STM32CubeIDE_1.18.0/STM32CubeIDE/plugins/com.st.stm32cube.ide.mcu.externaltools.gnu-tools-for-stm32.13.3.rel1.win32_1.0.0.202411081344/tools/bin/../lib/gcc/arm-none-eabi/13.3.1/../../../../arm-none-eabi/lib/thumb/v7-m/nofp\libc_nano.a(libc_a-findfp.o)
 .text.global_stdio_init.part.0
                0x080080e4       0x3c C:/ST/STM32CubeIDE_1.18.0/STM32CubeIDE/plugins/com.st.stm32cube.ide.mcu.externaltools.gnu-tools-for-stm32.13.3.rel1.win32_1.0.0.202411081344/tools/bin/../lib/gcc/arm-none-eabi/13.3.1/../../../../arm-none-eabi/lib/thumb/v7-m/nofp\libc_nano.a(libc_a-findfp.o)
 .text.__sfp_lock_acquire
                0x08008120        0xc C:/ST/STM32CubeIDE_1.18.0/STM32CubeIDE/plugins/com.st.stm32cube.ide.mcu.externaltools.gnu-tools-for-stm32.13.3.rel1.win32_1.0.0.202411081344/tools/bin/../lib/gcc/arm-none-eabi/13.3.1/../../../../arm-none-eabi/lib/thumb/v7-m/nofp\libc_nano.a(libc_a-findfp.o)
                0x08008120                __sfp_lock_acquire
 .text.__sfp_lock_release
                0x0800812c        0xc C:/ST/STM32CubeIDE_1.18.0/STM32CubeIDE/plugins/com.st.stm32cube.ide.mcu.externaltools.gnu-tools-for-stm32.13.3.rel1.win32_1.0.0.202411081344/tools/bin/../lib/gcc/arm-none-eabi/13.3.1/../../../../arm-none-eabi/lib/thumb/v7-m/nofp\libc_nano.a(libc_a-findfp.o)
                0x0800812c                __sfp_lock_release
 .text.__sinit  0x08008138       0x30 C:/ST/STM32CubeIDE_1.18.0/STM32CubeIDE/plugins/com.st.stm32cube.ide.mcu.externaltools.gnu-tools-for-stm32.13.3.rel1.win32_1.0.0.202411081344/tools/bin/../lib/gcc/arm-none-eabi/13.3.1/../../../../arm-none-eabi/lib/thumb/v7-m/nofp\libc_nano.a(libc_a-findfp.o)
                0x08008138                __sinit
 .text.fprintf  0x08008168       0x24 C:/ST/STM32CubeIDE_1.18.0/STM32CubeIDE/plugins/com.st.stm32cube.ide.mcu.externaltools.gnu-tools-for-stm32.13.3.rel1.win32_1.0.0.202411081344/tools/bin/../lib/gcc/arm-none-eabi/13.3.1/../../../../arm-none-eabi/lib/thumb/v7-m/nofp\libc_nano.a(libc_a-fprintf.o)
                0x08008168                fiprintf
                0x08008168                fprintf
 .text._fwalk_sglue
                0x0800818c       0x3c C:/ST/STM32CubeIDE_1.18.0/STM32CubeIDE/plugins/com.st.stm32cube.ide.mcu.externaltools.gnu-tools-for-stm32.13.3.rel1.win32_1.0.0.202411081344/tools/bin/../lib/gcc/arm-none-eabi/13.3.1/../../../../arm-none-eabi/lib/thumb/v7-m/nofp\libc_nano.a(libc_a-fwalk.o)
                0x0800818c                _fwalk_sglue
 .text.snprintf
                0x080081c8       0x6c C:/ST/STM32CubeIDE_1.18.0/STM32CubeIDE/plugins/com.st.stm32cube.ide.mcu.externaltools.gnu-tools-for-stm32.13.3.rel1.win32_1.0.0.202411081344/tools/bin/../lib/gcc/arm-none-eabi/13.3.1/../../../../arm-none-eabi/lib/thumb/v7-m/nofp\libc_nano.a(libc_a-snprintf.o)
                0x080081c8                sniprintf
                0x080081c8                snprintf
 .text.sprintf  0x08008234       0x44 C:/ST/STM32CubeIDE_1.18.0/STM32CubeIDE/plugins/com.st.stm32cube.ide.mcu.externaltools.gnu-tools-for-stm32.13.3.rel1.win32_1.0.0.202411081344/tools/bin/../lib/gcc/arm-none-eabi/13.3.1/../../../../arm-none-eabi/lib/thumb/v7-m/nofp\libc_nano.a(libc_a-sprintf.o)
                0x08008234                siprintf
                0x08008234                sprintf
 .text.__sread  0x08008278       0x22 C:/ST/STM32CubeIDE_1.18.0/STM32CubeIDE/plugins/com.st.stm32cube.ide.mcu.externaltools.gnu-tools-for-stm32.13.3.rel1.win32_1.0.0.202411081344/tools/bin/../lib/gcc/arm-none-eabi/13.3.1/../../../../arm-none-eabi/lib/thumb/v7-m/nofp\libc_nano.a(libc_a-stdio.o)
                0x08008278                __sread
 .text.__swrite
                0x0800829a       0x38 C:/ST/STM32CubeIDE_1.18.0/STM32CubeIDE/plugins/com.st.stm32cube.ide.mcu.externaltools.gnu-tools-for-stm32.13.3.rel1.win32_1.0.0.202411081344/tools/bin/../lib/gcc/arm-none-eabi/13.3.1/../../../../arm-none-eabi/lib/thumb/v7-m/nofp\libc_nano.a(libc_a-stdio.o)
                0x0800829a                __swrite
 .text.__sseek  0x080082d2       0x24 C:/ST/STM32CubeIDE_1.18.0/STM32CubeIDE/plugins/com.st.stm32cube.ide.mcu.externaltools.gnu-tools-for-stm32.13.3.rel1.win32_1.0.0.202411081344/tools/bin/../lib/gcc/arm-none-eabi/13.3.1/../../../../arm-none-eabi/lib/thumb/v7-m/nofp\libc_nano.a(libc_a-stdio.o)
                0x080082d2                __sseek
 .text.__sclose
                0x080082f6        0x8 C:/ST/STM32CubeIDE_1.18.0/STM32CubeIDE/plugins/com.st.stm32cube.ide.mcu.externaltools.gnu-tools-for-stm32.13.3.rel1.win32_1.0.0.202411081344/tools/bin/../lib/gcc/arm-none-eabi/13.3.1/../../../../arm-none-eabi/lib/thumb/v7-m/nofp\libc_nano.a(libc_a-stdio.o)
                0x080082f6                __sclose
 .text.memset   0x080082fe       0x10 C:/ST/STM32CubeIDE_1.18.0/STM32CubeIDE/plugins/com.st.stm32cube.ide.mcu.externaltools.gnu-tools-for-stm32.13.3.rel1.win32_1.0.0.202411081344/tools/bin/../lib/gcc/arm-none-eabi/13.3.1/../../../../arm-none-eabi/lib/thumb/v7-m/nofp\libc_nano.a(libc_a-memset.o)
                0x080082fe                memset
 *fill*         0x0800830e        0x2 
 .text._close_r
                0x08008310       0x20 C:/ST/STM32CubeIDE_1.18.0/STM32CubeIDE/plugins/com.st.stm32cube.ide.mcu.externaltools.gnu-tools-for-stm32.13.3.rel1.win32_1.0.0.202411081344/tools/bin/../lib/gcc/arm-none-eabi/13.3.1/../../../../arm-none-eabi/lib/thumb/v7-m/nofp\libc_nano.a(libc_a-closer.o)
                0x08008310                _close_r
 .text._lseek_r
                0x08008330       0x24 C:/ST/STM32CubeIDE_1.18.0/STM32CubeIDE/plugins/com.st.stm32cube.ide.mcu.externaltools.gnu-tools-for-stm32.13.3.rel1.win32_1.0.0.202411081344/tools/bin/../lib/gcc/arm-none-eabi/13.3.1/../../../../arm-none-eabi/lib/thumb/v7-m/nofp\libc_nano.a(libc_a-lseekr.o)
                0x08008330                _lseek_r
 .text._read_r  0x08008354       0x24 C:/ST/STM32CubeIDE_1.18.0/STM32CubeIDE/plugins/com.st.stm32cube.ide.mcu.externaltools.gnu-tools-for-stm32.13.3.rel1.win32_1.0.0.202411081344/tools/bin/../lib/gcc/arm-none-eabi/13.3.1/../../../../arm-none-eabi/lib/thumb/v7-m/nofp\libc_nano.a(libc_a-readr.o)
                0x08008354                _read_r
 .text._write_r
                0x08008378       0x24 C:/ST/STM32CubeIDE_1.18.0/STM32CubeIDE/plugins/com.st.stm32cube.ide.mcu.externaltools.gnu-tools-for-stm32.13.3.rel1.win32_1.0.0.202411081344/tools/bin/../lib/gcc/arm-none-eabi/13.3.1/../../../../arm-none-eabi/lib/thumb/v7-m/nofp\libc_nano.a(libc_a-writer.o)
                0x08008378                _write_r
 .text.__errno  0x0800839c        0xc C:/ST/STM32CubeIDE_1.18.0/STM32CubeIDE/plugins/com.st.stm32cube.ide.mcu.externaltools.gnu-tools-for-stm32.13.3.rel1.win32_1.0.0.202411081344/tools/bin/../lib/gcc/arm-none-eabi/13.3.1/../../../../arm-none-eabi/lib/thumb/v7-m/nofp\libc_nano.a(libc_a-errno.o)
                0x0800839c                __errno
 .text.__libc_init_array
                0x080083a8       0x48 C:/ST/STM32CubeIDE_1.18.0/STM32CubeIDE/plugins/com.st.stm32cube.ide.mcu.externaltools.gnu-tools-for-stm32.13.3.rel1.win32_1.0.0.202411081344/tools/bin/../lib/gcc/arm-none-eabi/13.3.1/../../../../arm-none-eabi/lib/thumb/v7-m/nofp\libc_nano.a(libc_a-init.o)
                0x080083a8                __libc_init_array
 .text.__retarget_lock_init_recursive
                0x080083f0        0x2 C:/ST/STM32CubeIDE_1.18.0/STM32CubeIDE/plugins/com.st.stm32cube.ide.mcu.externaltools.gnu-tools-for-stm32.13.3.rel1.win32_1.0.0.202411081344/tools/bin/../lib/gcc/arm-none-eabi/13.3.1/../../../../arm-none-eabi/lib/thumb/v7-m/nofp\libc_nano.a(libc_a-lock.o)
                0x080083f0                __retarget_lock_init_recursive
 .text.__retarget_lock_acquire_recursive
                0x080083f2        0x2 C:/ST/STM32CubeIDE_1.18.0/STM32CubeIDE/plugins/com.st.stm32cube.ide.mcu.externaltools.gnu-tools-for-stm32.13.3.rel1.win32_1.0.0.202411081344/tools/bin/../lib/gcc/arm-none-eabi/13.3.1/../../../../arm-none-eabi/lib/thumb/v7-m/nofp\libc_nano.a(libc_a-lock.o)
                0x080083f2                __retarget_lock_acquire_recursive
 .text.__retarget_lock_release_recursive
                0x080083f4        0x2 C:/ST/STM32CubeIDE_1.18.0/STM32CubeIDE/plugins/com.st.stm32cube.ide.mcu.externaltools.gnu-tools-for-stm32.13.3.rel1.win32_1.0.0.202411081344/tools/bin/../lib/gcc/arm-none-eabi/13.3.1/../../../../arm-none-eabi/lib/thumb/v7-m/nofp\libc_nano.a(libc_a-lock.o)
                0x080083f4                __retarget_lock_release_recursive
 .text.memcpy   0x080083f6       0x1c C:/ST/STM32CubeIDE_1.18.0/STM32CubeIDE/plugins/com.st.stm32cube.ide.mcu.externaltools.gnu-tools-for-stm32.13.3.rel1.win32_1.0.0.202411081344/tools/bin/../lib/gcc/arm-none-eabi/13.3.1/../../../../arm-none-eabi/lib/thumb/v7-m/nofp\libc_nano.a(libc_a-memcpy-stub.o)
                0x080083f6                memcpy
 .text.abort    0x08008412        0xe C:/ST/STM32CubeIDE_1.18.0/STM32CubeIDE/plugins/com.st.stm32cube.ide.mcu.externaltools.gnu-tools-for-stm32.13.3.rel1.win32_1.0.0.202411081344/tools/bin/../lib/gcc/arm-none-eabi/13.3.1/../../../../arm-none-eabi/lib/thumb/v7-m/nofp\libc_nano.a(libc_a-abort.o)
                0x08008412                abort
 .text._free_r  0x08008420       0x90 C:/ST/STM32CubeIDE_1.18.0/STM32CubeIDE/plugins/com.st.stm32cube.ide.mcu.externaltools.gnu-tools-for-stm32.13.3.rel1.win32_1.0.0.202411081344/tools/bin/../lib/gcc/arm-none-eabi/13.3.1/../../../../arm-none-eabi/lib/thumb/v7-m/nofp\libc_nano.a(libc_a-freer.o)
                0x08008420                _free_r
 .text.sbrk_aligned
                0x080084b0       0x44 C:/ST/STM32CubeIDE_1.18.0/STM32CubeIDE/plugins/com.st.stm32cube.ide.mcu.externaltools.gnu-tools-for-stm32.13.3.rel1.win32_1.0.0.202411081344/tools/bin/../lib/gcc/arm-none-eabi/13.3.1/../../../../arm-none-eabi/lib/thumb/v7-m/nofp\libc_nano.a(libc_a-mallocr.o)
 .text._malloc_r
                0x080084f4      0x100 C:/ST/STM32CubeIDE_1.18.0/STM32CubeIDE/plugins/com.st.stm32cube.ide.mcu.externaltools.gnu-tools-for-stm32.13.3.rel1.win32_1.0.0.202411081344/tools/bin/../lib/gcc/arm-none-eabi/13.3.1/../../../../arm-none-eabi/lib/thumb/v7-m/nofp\libc_nano.a(libc_a-mallocr.o)
                0x080084f4                _malloc_r
 .text.__malloc_lock
                0x080085f4        0xc C:/ST/STM32CubeIDE_1.18.0/STM32CubeIDE/plugins/com.st.stm32cube.ide.mcu.externaltools.gnu-tools-for-stm32.13.3.rel1.win32_1.0.0.202411081344/tools/bin/../lib/gcc/arm-none-eabi/13.3.1/../../../../arm-none-eabi/lib/thumb/v7-m/nofp\libc_nano.a(libc_a-mlock.o)
                0x080085f4                __malloc_lock
 .text.__malloc_unlock
                0x08008600        0xc C:/ST/STM32CubeIDE_1.18.0/STM32CubeIDE/plugins/com.st.stm32cube.ide.mcu.externaltools.gnu-tools-for-stm32.13.3.rel1.win32_1.0.0.202411081344/tools/bin/../lib/gcc/arm-none-eabi/13.3.1/../../../../arm-none-eabi/lib/thumb/v7-m/nofp\libc_nano.a(libc_a-mlock.o)
                0x08008600                __malloc_unlock
 .text.__ssputs_r
                0x0800860c       0xb6 C:/ST/STM32CubeIDE_1.18.0/STM32CubeIDE/plugins/com.st.stm32cube.ide.mcu.externaltools.gnu-tools-for-stm32.13.3.rel1.win32_1.0.0.202411081344/tools/bin/../lib/gcc/arm-none-eabi/13.3.1/../../../../arm-none-eabi/lib/thumb/v7-m/nofp\libc_nano.a(libc_a-nano-svfprintf.o)
                0x0800860c                __ssputs_r
 *fill*         0x080086c2        0x2 
 .text._svfprintf_r
                0x080086c4      0x1f8 C:/ST/STM32CubeIDE_1.18.0/STM32CubeIDE/plugins/com.st.stm32cube.ide.mcu.externaltools.gnu-tools-for-stm32.13.3.rel1.win32_1.0.0.202411081344/tools/bin/../lib/gcc/arm-none-eabi/13.3.1/../../../../arm-none-eabi/lib/thumb/v7-m/nofp\libc_nano.a(libc_a-nano-svfprintf.o)
                0x080086c4                _svfiprintf_r
                0x080086c4                _svfprintf_r
 .text.__sfputc_r
                0x080088bc       0x2a C:/ST/STM32CubeIDE_1.18.0/STM32CubeIDE/plugins/com.st.stm32cube.ide.mcu.externaltools.gnu-tools-for-stm32.13.3.rel1.win32_1.0.0.202411081344/tools/bin/../lib/gcc/arm-none-eabi/13.3.1/../../../../arm-none-eabi/lib/thumb/v7-m/nofp\libc_nano.a(libc_a-nano-vfprintf.o)
 .text.__sfputs_r
                0x080088e6       0x24 C:/ST/STM32CubeIDE_1.18.0/STM32CubeIDE/plugins/com.st.stm32cube.ide.mcu.externaltools.gnu-tools-for-stm32.13.3.rel1.win32_1.0.0.202411081344/tools/bin/../lib/gcc/arm-none-eabi/13.3.1/../../../../arm-none-eabi/lib/thumb/v7-m/nofp\libc_nano.a(libc_a-nano-vfprintf.o)
                0x080088e6                __sfputs_r
 *fill*         0x0800890a        0x2 
 .text._vfprintf_r
                0x0800890c      0x230 C:/ST/STM32CubeIDE_1.18.0/STM32CubeIDE/plugins/com.st.stm32cube.ide.mcu.externaltools.gnu-tools-for-stm32.13.3.rel1.win32_1.0.0.202411081344/tools/bin/../lib/gcc/arm-none-eabi/13.3.1/../../../../arm-none-eabi/lib/thumb/v7-m/nofp\libc_nano.a(libc_a-nano-vfprintf.o)
                0x0800890c                _vfprintf_r
                0x0800890c                _vfiprintf_r
 .text._printf_common
                0x08008b3c       0xe4 C:/ST/STM32CubeIDE_1.18.0/STM32CubeIDE/plugins/com.st.stm32cube.ide.mcu.externaltools.gnu-tools-for-stm32.13.3.rel1.win32_1.0.0.202411081344/tools/bin/../lib/gcc/arm-none-eabi/13.3.1/../../../../arm-none-eabi/lib/thumb/v7-m/nofp\libc_nano.a(libc_a-nano-vfprintf_i.o)
                0x08008b3c                _printf_common
 .text._printf_i
                0x08008c20      0x23c C:/ST/STM32CubeIDE_1.18.0/STM32CubeIDE/plugins/com.st.stm32cube.ide.mcu.externaltools.gnu-tools-for-stm32.13.3.rel1.win32_1.0.0.202411081344/tools/bin/../lib/gcc/arm-none-eabi/13.3.1/../../../../arm-none-eabi/lib/thumb/v7-m/nofp\libc_nano.a(libc_a-nano-vfprintf_i.o)
                0x08008c20                _printf_i
 .text.__sflush_r
                0x08008e5c      0x100 C:/ST/STM32CubeIDE_1.18.0/STM32CubeIDE/plugins/com.st.stm32cube.ide.mcu.externaltools.gnu-tools-for-stm32.13.3.rel1.win32_1.0.0.202411081344/tools/bin/../lib/gcc/arm-none-eabi/13.3.1/../../../../arm-none-eabi/lib/thumb/v7-m/nofp\libc_nano.a(libc_a-fflush.o)
                0x08008e5c                __sflush_r
 .text._fflush_r
                0x08008f5c       0x50 C:/ST/STM32CubeIDE_1.18.0/STM32CubeIDE/plugins/com.st.stm32cube.ide.mcu.externaltools.gnu-tools-for-stm32.13.3.rel1.win32_1.0.0.202411081344/tools/bin/../lib/gcc/arm-none-eabi/13.3.1/../../../../arm-none-eabi/lib/thumb/v7-m/nofp\libc_nano.a(libc_a-fflush.o)
                0x08008f5c                _fflush_r
 .text.__swbuf_r
                0x08008fac       0x7c C:/ST/STM32CubeIDE_1.18.0/STM32CubeIDE/plugins/com.st.stm32cube.ide.mcu.externaltools.gnu-tools-for-stm32.13.3.rel1.win32_1.0.0.202411081344/tools/bin/../lib/gcc/arm-none-eabi/13.3.1/../../../../arm-none-eabi/lib/thumb/v7-m/nofp\libc_nano.a(libc_a-wbuf.o)
                0x08008fac                __swbuf_r
 .text.__swsetup_r
                0x08009028       0xac C:/ST/STM32CubeIDE_1.18.0/STM32CubeIDE/plugins/com.st.stm32cube.ide.mcu.externaltools.gnu-tools-for-stm32.13.3.rel1.win32_1.0.0.202411081344/tools/bin/../lib/gcc/arm-none-eabi/13.3.1/../../../../arm-none-eabi/lib/thumb/v7-m/nofp\libc_nano.a(libc_a-wsetup.o)
                0x08009028                __swsetup_r
 .text.memmove  0x080090d4       0x34 C:/ST/STM32CubeIDE_1.18.0/STM32CubeIDE/plugins/com.st.stm32cube.ide.mcu.externaltools.gnu-tools-for-stm32.13.3.rel1.win32_1.0.0.202411081344/tools/bin/../lib/gcc/arm-none-eabi/13.3.1/../../../../arm-none-eabi/lib/thumb/v7-m/nofp\libc_nano.a(libc_a-memmove.o)
                0x080090d4                memmove
 .text._raise_r
                0x08009108       0x50 C:/ST/STM32CubeIDE_1.18.0/STM32CubeIDE/plugins/com.st.stm32cube.ide.mcu.externaltools.gnu-tools-for-stm32.13.3.rel1.win32_1.0.0.202411081344/tools/bin/../lib/gcc/arm-none-eabi/13.3.1/../../../../arm-none-eabi/lib/thumb/v7-m/nofp\libc_nano.a(libc_a-signal.o)
                0x08009108                _raise_r
 .text.raise    0x08009158       0x10 C:/ST/STM32CubeIDE_1.18.0/STM32CubeIDE/plugins/com.st.stm32cube.ide.mcu.externaltools.gnu-tools-for-stm32.13.3.rel1.win32_1.0.0.202411081344/tools/bin/../lib/gcc/arm-none-eabi/13.3.1/../../../../arm-none-eabi/lib/thumb/v7-m/nofp\libc_nano.a(libc_a-signal.o)
                0x08009158                raise
 .text._kill_r  0x08009168       0x24 C:/ST/STM32CubeIDE_1.18.0/STM32CubeIDE/plugins/com.st.stm32cube.ide.mcu.externaltools.gnu-tools-for-stm32.13.3.rel1.win32_1.0.0.202411081344/tools/bin/../lib/gcc/arm-none-eabi/13.3.1/../../../../arm-none-eabi/lib/thumb/v7-m/nofp\libc_nano.a(libc_a-signalr.o)
                0x08009168                _kill_r
 .text._getpid_r
                0x0800918c        0x4 C:/ST/STM32CubeIDE_1.18.0/STM32CubeIDE/plugins/com.st.stm32cube.ide.mcu.externaltools.gnu-tools-for-stm32.13.3.rel1.win32_1.0.0.202411081344/tools/bin/../lib/gcc/arm-none-eabi/13.3.1/../../../../arm-none-eabi/lib/thumb/v7-m/nofp\libc_nano.a(libc_a-signalr.o)
                0x0800918c                _getpid_r
 .text._sbrk_r  0x08009190       0x20 C:/ST/STM32CubeIDE_1.18.0/STM32CubeIDE/plugins/com.st.stm32cube.ide.mcu.externaltools.gnu-tools-for-stm32.13.3.rel1.win32_1.0.0.202411081344/tools/bin/../lib/gcc/arm-none-eabi/13.3.1/../../../../arm-none-eabi/lib/thumb/v7-m/nofp\libc_nano.a(libc_a-sbrkr.o)
                0x08009190                _sbrk_r
 .text.memchr   0x080091b0       0x1c C:/ST/STM32CubeIDE_1.18.0/STM32CubeIDE/plugins/com.st.stm32cube.ide.mcu.externaltools.gnu-tools-for-stm32.13.3.rel1.win32_1.0.0.202411081344/tools/bin/../lib/gcc/arm-none-eabi/13.3.1/../../../../arm-none-eabi/lib/thumb/v7-m/nofp\libc_nano.a(libc_a-memchr-stub.o)
                0x080091b0                memchr
 .text._realloc_r
                0x080091cc       0x5c C:/ST/STM32CubeIDE_1.18.0/STM32CubeIDE/plugins/com.st.stm32cube.ide.mcu.externaltools.gnu-tools-for-stm32.13.3.rel1.win32_1.0.0.202411081344/tools/bin/../lib/gcc/arm-none-eabi/13.3.1/../../../../arm-none-eabi/lib/thumb/v7-m/nofp\libc_nano.a(libc_a-reallocr.o)
                0x080091cc                _realloc_r
 .text.__swhatbuf_r
                0x08009228       0x4a C:/ST/STM32CubeIDE_1.18.0/STM32CubeIDE/plugins/com.st.stm32cube.ide.mcu.externaltools.gnu-tools-for-stm32.13.3.rel1.win32_1.0.0.202411081344/tools/bin/../lib/gcc/arm-none-eabi/13.3.1/../../../../arm-none-eabi/lib/thumb/v7-m/nofp\libc_nano.a(libc_a-makebuf.o)
                0x08009228                __swhatbuf_r
 .text.__smakebuf_r
                0x08009272       0x78 C:/ST/STM32CubeIDE_1.18.0/STM32CubeIDE/plugins/com.st.stm32cube.ide.mcu.externaltools.gnu-tools-for-stm32.13.3.rel1.win32_1.0.0.202411081344/tools/bin/../lib/gcc/arm-none-eabi/13.3.1/../../../../arm-none-eabi/lib/thumb/v7-m/nofp\libc_nano.a(libc_a-makebuf.o)
                0x08009272                __smakebuf_r
 *fill*         0x080092ea        0x2 
 .text._fstat_r
                0x080092ec       0x24 C:/ST/STM32CubeIDE_1.18.0/STM32CubeIDE/plugins/com.st.stm32cube.ide.mcu.externaltools.gnu-tools-for-stm32.13.3.rel1.win32_1.0.0.202411081344/tools/bin/../lib/gcc/arm-none-eabi/13.3.1/../../../../arm-none-eabi/lib/thumb/v7-m/nofp\libc_nano.a(libc_a-fstatr.o)
                0x080092ec                _fstat_r
 .text._isatty_r
                0x08009310       0x20 C:/ST/STM32CubeIDE_1.18.0/STM32CubeIDE/plugins/com.st.stm32cube.ide.mcu.externaltools.gnu-tools-for-stm32.13.3.rel1.win32_1.0.0.202411081344/tools/bin/../lib/gcc/arm-none-eabi/13.3.1/../../../../arm-none-eabi/lib/thumb/v7-m/nofp\libc_nano.a(libc_a-isattyr.o)
                0x08009310                _isatty_r
 .text._malloc_usable_size_r
                0x08009330       0x10 C:/ST/STM32CubeIDE_1.18.0/STM32CubeIDE/plugins/com.st.stm32cube.ide.mcu.externaltools.gnu-tools-for-stm32.13.3.rel1.win32_1.0.0.202411081344/tools/bin/../lib/gcc/arm-none-eabi/13.3.1/../../../../arm-none-eabi/lib/thumb/v7-m/nofp\libc_nano.a(libc_a-msizer.o)
                0x08009330                _malloc_usable_size_r
 *(.glue_7)
 .glue_7        0x08009340        0x0 linker stubs
 *(.glue_7t)
 .glue_7t       0x08009340        0x0 linker stubs
 *(.eh_frame)
 .eh_frame      0x08009340        0x0 C:/ST/STM32CubeIDE_1.18.0/STM32CubeIDE/plugins/com.st.stm32cube.ide.mcu.externaltools.gnu-tools-for-stm32.13.3.rel1.win32_1.0.0.202411081344/tools/bin/../lib/gcc/arm-none-eabi/13.3.1/thumb/v7-m/nofp/crtbegin.o
 *(.init)
 .init          0x08009340        0x4 C:/ST/STM32CubeIDE_1.18.0/STM32CubeIDE/plugins/com.st.stm32cube.ide.mcu.externaltools.gnu-tools-for-stm32.13.3.rel1.win32_1.0.0.202411081344/tools/bin/../lib/gcc/arm-none-eabi/13.3.1/thumb/v7-m/nofp/crti.o
                0x08009340                _init
 .init          0x08009344        0x8 C:/ST/STM32CubeIDE_1.18.0/STM32CubeIDE/plugins/com.st.stm32cube.ide.mcu.externaltools.gnu-tools-for-stm32.13.3.rel1.win32_1.0.0.202411081344/tools/bin/../lib/gcc/arm-none-eabi/13.3.1/thumb/v7-m/nofp/crtn.o
 *(.fini)
 .fini          0x0800934c        0x4 C:/ST/STM32CubeIDE_1.18.0/STM32CubeIDE/plugins/com.st.stm32cube.ide.mcu.externaltools.gnu-tools-for-stm32.13.3.rel1.win32_1.0.0.202411081344/tools/bin/../lib/gcc/arm-none-eabi/13.3.1/thumb/v7-m/nofp/crti.o
                0x0800934c                _fini
 .fini          0x08009350        0x8 C:/ST/STM32CubeIDE_1.18.0/STM32CubeIDE/plugins/com.st.stm32cube.ide.mcu.externaltools.gnu-tools-for-stm32.13.3.rel1.win32_1.0.0.202411081344/tools/bin/../lib/gcc/arm-none-eabi/13.3.1/thumb/v7-m/nofp/crtn.o
                0x08009358                        . = ALIGN (0x4)
                0x08009358                        _etext = .

.vfp11_veneer   0x08009358        0x0
 .vfp11_veneer  0x08009358        0x0 linker stubs

.v4_bx          0x08009358        0x0
 .v4_bx         0x08009358        0x0 linker stubs

.iplt           0x08009358        0x0
 .iplt          0x08009358        0x0 C:/ST/STM32CubeIDE_1.18.0/STM32CubeIDE/plugins/com.st.stm32cube.ide.mcu.externaltools.gnu-tools-for-stm32.13.3.rel1.win32_1.0.0.202411081344/tools/bin/../lib/gcc/arm-none-eabi/13.3.1/thumb/v7-m/nofp/crtbegin.o

.rodata         0x08009358      0xbac
                0x08009358                        . = ALIGN (0x4)
 *(.rodata)
 .rodata        0x08009358      0x55a ./Core/Src/command.o
 *fill*         0x080098b2        0x2 
 .rodata        0x080098b4       0x10 ./Core/Src/ls_comms.o
 .rodata        0x080098c4       0x21 ./Core/Src/main.o
 *fill*         0x080098e5        0x3 
 .rodata        0x080098e8      0x115 ./Core/Src/photo.o
 *(.rodata*)
 *fill*         0x080099fd        0x3 
 .rodata.command_table
                0x08009a00      0x138 ./Core/Src/command.o
                0x08009a00                command_table
 .rodata.tjei_default_qt_luma_from_spec
                0x08009b38       0x40 ./Core/Src/photo.o
 .rodata.tjei_default_qt_chroma_from_paper
                0x08009b78       0x40 ./Core/Src/photo.o
 .rodata.tjei_default_ht_luma_dc_len
                0x08009bb8       0x10 ./Core/Src/photo.o
 .rodata.tjei_default_ht_luma_dc
                0x08009bc8        0xc ./Core/Src/photo.o
 .rodata.tjei_default_ht_chroma_dc_len
                0x08009bd4       0x10 ./Core/Src/photo.o
 .rodata.tjei_default_ht_chroma_dc
                0x08009be4        0xc ./Core/Src/photo.o
 .rodata.tjei_default_ht_luma_ac_len
                0x08009bf0       0x10 ./Core/Src/photo.o
 .rodata.tjei_default_ht_luma_ac
                0x08009c00       0xa2 ./Core/Src/photo.o
 *fill*         0x08009ca2        0x2 
 .rodata.tjei_default_ht_chroma_ac_len
                0x08009ca4       0x10 ./Core/Src/photo.o
 .rodata.tjei_default_ht_chroma_ac
                0x08009cb4       0xa2 ./Core/Src/photo.o
 *fill*         0x08009d56        0x2 
 .rodata.tjei_zig_zag
                0x08009d58       0x40 ./Core/Src/photo.o
 .rodata.tjeik_jfif_id
                0x08009d98        0x5 ./Core/Src/photo.o
 *fill*         0x08009d9d        0x3 
 .rodata.tjeik_com_str
                0x08009da0       0x1d ./Core/Src/photo.o
 *fill*         0x08009dbd        0x3 
 .rodata.__func__.8
                0x08009dc0        0xb ./Core/Src/photo.o
 *fill*         0x08009dcb        0x1 
 .rodata.__func__.7
                0x08009dcc        0xf ./Core/Src/photo.o
 *fill*         0x08009ddb        0x1 
 .rodata.__func__.6
                0x08009ddc        0xf ./Core/Src/photo.o
 *fill*         0x08009deb        0x1 
 .rodata.__func__.5
                0x08009dec       0x14 ./Core/Src/photo.o
 .rodata.__func__.4
                0x08009e00       0x1a ./Core/Src/photo.o
 *fill*         0x08009e1a        0x2 
 .rodata.__func__.3
                0x08009e1c       0x11 ./Core/Src/photo.o
 *fill*         0x08009e2d        0x3 
 .rodata.aan_scales.2
                0x08009e30       0x20 ./Core/Src/photo.o
 .rodata.__func__.1
                0x08009e50       0x11 ./Core/Src/photo.o
 *fill*         0x08009e61        0x3 
 .rodata.__func__.0
                0x08009e64       0x15 ./Core/Src/photo.o
 *fill*         0x08009e79        0x3 
 .rodata.AHBPrescTable
                0x08009e7c       0x10 ./Core/Src/system_stm32f2xx.o
                0x08009e7c                AHBPrescTable
 .rodata.APBPrescTable
                0x08009e8c        0x8 ./Core/Src/system_stm32f2xx.o
                0x08009e8c                APBPrescTable
 .rodata.__assert_func.str1.1
                0x08009e94       0x6f C:/ST/STM32CubeIDE_1.18.0/STM32CubeIDE/plugins/com.st.stm32cube.ide.mcu.externaltools.gnu-tools-for-stm32.13.3.rel1.win32_1.0.0.202411081344/tools/bin/../lib/gcc/arm-none-eabi/13.3.1/../../../../arm-none-eabi/lib/thumb/v7-m/nofp\libc_nano.a(libc_a-assert.o)
                                 0x3d (size before relaxing)
 .rodata._svfprintf_r.str1.1
                0x08009f03       0x11 C:/ST/STM32CubeIDE_1.18.0/STM32CubeIDE/plugins/com.st.stm32cube.ide.mcu.externaltools.gnu-tools-for-stm32.13.3.rel1.win32_1.0.0.202411081344/tools/bin/../lib/gcc/arm-none-eabi/13.3.1/../../../../arm-none-eabi/lib/thumb/v7-m/nofp\libc_nano.a(libc_a-nano-svfprintf.o)
 .rodata._vfprintf_r.str1.1
                0x08009f03       0x11 C:/ST/STM32CubeIDE_1.18.0/STM32CubeIDE/plugins/com.st.stm32cube.ide.mcu.externaltools.gnu-tools-for-stm32.13.3.rel1.win32_1.0.0.202411081344/tools/bin/../lib/gcc/arm-none-eabi/13.3.1/../../../../arm-none-eabi/lib/thumb/v7-m/nofp\libc_nano.a(libc_a-nano-vfprintf.o)
 .rodata._printf_i.str1.1
                0x08009f03       0x22 C:/ST/STM32CubeIDE_1.18.0/STM32CubeIDE/plugins/com.st.stm32cube.ide.mcu.externaltools.gnu-tools-for-stm32.13.3.rel1.win32_1.0.0.202411081344/tools/bin/../lib/gcc/arm-none-eabi/13.3.1/../../../../arm-none-eabi/lib/thumb/v7-m/nofp\libc_nano.a(libc_a-nano-vfprintf_i.o)
                0x08009f28                        . = ALIGN (0x4)
 *fill*         0x08009f03        0x1 

.ARM.extab      0x08009f04        0x0
                0x08009f04                        . = ALIGN (0x4)
 *(.ARM.extab* .gnu.linkonce.armextab.*)
                0x08009f04                        . = ALIGN (0x4)

.ARM            0x08009f04        0x8
                0x08009f04                        . = ALIGN (0x4)
                0x08009f04                        __exidx_start = .
 *(.ARM.exidx*)
 .ARM.exidx     0x08009f04        0x8 C:/ST/STM32CubeIDE_1.18.0/STM32CubeIDE/plugins/com.st.stm32cube.ide.mcu.externaltools.gnu-tools-for-stm32.13.3.rel1.win32_1.0.0.202411081344/tools/bin/../lib/gcc/arm-none-eabi/13.3.1/thumb/v7-m/nofp\libgcc.a(_udivmoddi4.o)
                0x08009f0c                        __exidx_end = .
                0x08009f0c                        . = ALIGN (0x4)

.preinit_array  0x08009f0c        0x0
                0x08009f0c                        . = ALIGN (0x4)
                0x08009f0c                        PROVIDE (__preinit_array_start = .)
 *(.preinit_array*)
                0x08009f0c                        PROVIDE (__preinit_array_end = .)
                0x08009f0c                        . = ALIGN (0x4)

.init_array     0x08009f0c        0x4
                0x08009f0c                        . = ALIGN (0x4)
                0x08009f0c                        PROVIDE (__init_array_start = .)
 *(SORT_BY_NAME(.init_array.*))
 *(.init_array*)
 .init_array    0x08009f0c        0x4 C:/ST/STM32CubeIDE_1.18.0/STM32CubeIDE/plugins/com.st.stm32cube.ide.mcu.externaltools.gnu-tools-for-stm32.13.3.rel1.win32_1.0.0.202411081344/tools/bin/../lib/gcc/arm-none-eabi/13.3.1/thumb/v7-m/nofp/crtbegin.o
                0x08009f10                        PROVIDE (__init_array_end = .)
                0x08009f10                        . = ALIGN (0x4)

.fini_array     0x08009f10        0x4
                0x08009f10                        . = ALIGN (0x4)
                [!provide]                        PROVIDE (__fini_array_start = .)
 *(SORT_BY_NAME(.fini_array.*))
 *(.fini_array*)
 .fini_array    0x08009f10        0x4 C:/ST/STM32CubeIDE_1.18.0/STM32CubeIDE/plugins/com.st.stm32cube.ide.mcu.externaltools.gnu-tools-for-stm32.13.3.rel1.win32_1.0.0.202411081344/tools/bin/../lib/gcc/arm-none-eabi/13.3.1/thumb/v7-m/nofp/crtbegin.o
                [!provide]                        PROVIDE (__fini_array_end = .)
                0x08009f14                        . = ALIGN (0x4)
                0x08009f14                        _sidata = LOADADDR (.data)

.rel.dyn        0x08009f14        0x0
 .rel.iplt      0x08009f14        0x0 C:/ST/STM32CubeIDE_1.18.0/STM32CubeIDE/plugins/com.st.stm32cube.ide.mcu.externaltools.gnu-tools-for-stm32.13.3.rel1.win32_1.0.0.202411081344/tools/bin/../lib/gcc/arm-none-eabi/13.3.1/thumb/v7-m/nofp/crtbegin.o

.data           0x20000000       0x68 load address 0x08009f14
                0x20000000                        . = ALIGN (0x4)
                0x20000000                        _sdata = .
 *(.data)
 *(.data*)
 .data.SystemCoreClock
                0x20000000        0x4 ./Core/Src/system_stm32f2xx.o
                0x20000000                SystemCoreClock
 .data.uwTickPrio
                0x20000004        0x4 ./Drivers/STM32F2xx_HAL_Driver/stm32f2xx_hal.o
                0x20000004                uwTickPrio
 .data.uwTickFreq
                0x20000008        0x1 ./Drivers/STM32F2xx_HAL_Driver/stm32f2xx_hal.o
                0x20000008                uwTickFreq
 *fill*         0x20000009        0x3 
 .data.__sglue  0x2000000c        0xc C:/ST/STM32CubeIDE_1.18.0/STM32CubeIDE/plugins/com.st.stm32cube.ide.mcu.externaltools.gnu-tools-for-stm32.13.3.rel1.win32_1.0.0.202411081344/tools/bin/../lib/gcc/arm-none-eabi/13.3.1/../../../../arm-none-eabi/lib/thumb/v7-m/nofp\libc_nano.a(libc_a-findfp.o)
                0x2000000c                __sglue
 .data._impure_ptr
                0x20000018        0x4 C:/ST/STM32CubeIDE_1.18.0/STM32CubeIDE/plugins/com.st.stm32cube.ide.mcu.externaltools.gnu-tools-for-stm32.13.3.rel1.win32_1.0.0.202411081344/tools/bin/../lib/gcc/arm-none-eabi/13.3.1/../../../../arm-none-eabi/lib/thumb/v7-m/nofp\libc_nano.a(libc_a-impure.o)
                0x20000018                _impure_ptr
 .data._impure_data
                0x2000001c       0x4c C:/ST/STM32CubeIDE_1.18.0/STM32CubeIDE/plugins/com.st.stm32cube.ide.mcu.externaltools.gnu-tools-for-stm32.13.3.rel1.win32_1.0.0.202411081344/tools/bin/../lib/gcc/arm-none-eabi/13.3.1/../../../../arm-none-eabi/lib/thumb/v7-m/nofp\libc_nano.a(libc_a-impure.o)
                0x2000001c                _impure_data
 *(.RamFunc)
 *(.RamFunc*)
                0x20000068                        . = ALIGN (0x4)
                0x20000068                        _edata = .

.igot.plt       0x20000068        0x0 load address 0x08009f7c
 .igot.plt      0x20000068        0x0 C:/ST/STM32CubeIDE_1.18.0/STM32CubeIDE/plugins/com.st.stm32cube.ide.mcu.externaltools.gnu-tools-for-stm32.13.3.rel1.win32_1.0.0.202411081344/tools/bin/../lib/gcc/arm-none-eabi/13.3.1/thumb/v7-m/nofp/crtbegin.o
                0x20000068                        . = ALIGN (0x4)

.bss            0x20000068      0x668 load address 0x08009f7c
                0x20000068                        _sbss = .
                0x20000068                        __bss_start__ = _sbss
 *(.bss)
 .bss           0x20000068       0x1c C:/ST/STM32CubeIDE_1.18.0/STM32CubeIDE/plugins/com.st.stm32cube.ide.mcu.externaltools.gnu-tools-for-stm32.13.3.rel1.win32_1.0.0.202411081344/tools/bin/../lib/gcc/arm-none-eabi/13.3.1/thumb/v7-m/nofp/crtbegin.o
 *(.bss*)
 .bss.hdcmi     0x20000084       0x40 ./Core/Src/dcmi.o
                0x20000084                hdcmi
 .bss.hsram1    0x200000c4       0x44 ./Core/Src/fsmc.o
                0x200000c4                hsram1
 .bss.FSMC_Initialized
                0x20000108        0x4 ./Core/Src/fsmc.o
 .bss.hi2c2     0x2000010c       0x54 ./Core/Src/i2c.o
                0x2000010c                hi2c2
 .bss.hi2c3     0x20000160       0x54 ./Core/Src/i2c.o
                0x20000160                hi2c3
 .bss.new_command_received
                0x200001b4        0x1 ./Core/Src/ls_comms.o
                0x200001b4                new_command_received
 *fill*         0x200001b5        0x3 
 .bss.tx_buffer
                0x200001b8       0x77 ./Core/Src/ls_comms.o
                0x200001b8                tx_buffer
 *fill*         0x2000022f        0x1 
 .bss.rx_buffer
                0x20000230        0x5 ./Core/Src/ls_comms.o
                0x20000230                rx_buffer
 *fill*         0x20000235        0x3 
 .bss.timestamp
                0x20000238        0x4 ./Core/Src/main.o
                0x20000238                timestamp
 .bss.timestamp_string
                0x2000023c        0x4 ./Core/Src/main.o
                0x2000023c                timestamp_string
 .bss.log_message
                0x20000240        0x4 ./Core/Src/main.o
                0x20000240                log_message
 .bss.raw_buffer_1
                0x20000244        0x4 ./Core/Src/main.o
                0x20000244                raw_buffer_1
 .bss.raw_buffer_2
                0x20000248        0x4 ./Core/Src/main.o
                0x20000248                raw_buffer_2
 .bss.raw_buffer_3
                0x2000024c        0x4 ./Core/Src/main.o
                0x2000024c                raw_buffer_3
 .bss.raw_buffers
                0x20000250        0xc ./Core/Src/main.o
                0x20000250                raw_buffers
 .bss.compressed_metadata
                0x2000025c      0x190 ./Core/Src/main.o
                0x2000025c                compressed_metadata
 .bss.compressed_photo_space
                0x200003ec        0x4 ./Core/Src/main.o
                0x200003ec                compressed_photo_space
 .bss.current_compressed_address
                0x200003f0        0x4 ./Core/Src/main.o
                0x200003f0                current_compressed_address
 .bss.current_compressed_index
                0x200003f4        0x1 ./Core/Src/main.o
                0x200003f4                current_compressed_index
 *fill*         0x200003f5        0x1 
 .bss.raw_photo_number_global
                0x200003f6        0x2 ./Core/Src/main.o
                0x200003f6                raw_photo_number_global
 .bss.p         0x200003f8        0x4 ./Core/Src/photo.o
                0x200003f8                p
 .bss.p_raw     0x200003fc        0x4 ./Core/Src/photo.o
                0x200003fc                p_raw
 .bss.frame_done
                0x20000400        0x1 ./Core/Src/photo.o
                0x20000400                frame_done
 *fill*         0x20000401        0x3 
 .bss.hspi2     0x20000404       0x58 ./Core/Src/spi.o
                0x20000404                hspi2
 .bss.__sbrk_heap_end
                0x2000045c        0x4 ./Core/Src/sysmem.o
 .bss.htim11    0x20000460       0x48 ./Core/Src/tim.o
                0x20000460                htim11
 .bss.huart4    0x200004a8       0x48 ./Core/Src/usart.o
                0x200004a8                huart4
 .bss.huart5    0x200004f0       0x48 ./Core/Src/usart.o
                0x200004f0                huart5
 .bss.huart1    0x20000538       0x48 ./Core/Src/usart.o
                0x20000538                huart1
 .bss.uwTick    0x20000580        0x4 ./Drivers/STM32F2xx_HAL_Driver/stm32f2xx_hal.o
                0x20000580                uwTick
 .bss.__sf      0x20000584      0x138 C:/ST/STM32CubeIDE_1.18.0/STM32CubeIDE/plugins/com.st.stm32cube.ide.mcu.externaltools.gnu-tools-for-stm32.13.3.rel1.win32_1.0.0.202411081344/tools/bin/../lib/gcc/arm-none-eabi/13.3.1/../../../../arm-none-eabi/lib/thumb/v7-m/nofp\libc_nano.a(libc_a-findfp.o)
                0x20000584                __sf
 .bss.__stdio_exit_handler
                0x200006bc        0x4 C:/ST/STM32CubeIDE_1.18.0/STM32CubeIDE/plugins/com.st.stm32cube.ide.mcu.externaltools.gnu-tools-for-stm32.13.3.rel1.win32_1.0.0.202411081344/tools/bin/../lib/gcc/arm-none-eabi/13.3.1/../../../../arm-none-eabi/lib/thumb/v7-m/nofp\libc_nano.a(libc_a-findfp.o)
                0x200006bc                __stdio_exit_handler
 .bss.errno     0x200006c0        0x4 C:/ST/STM32CubeIDE_1.18.0/STM32CubeIDE/plugins/com.st.stm32cube.ide.mcu.externaltools.gnu-tools-for-stm32.13.3.rel1.win32_1.0.0.202411081344/tools/bin/../lib/gcc/arm-none-eabi/13.3.1/../../../../arm-none-eabi/lib/thumb/v7-m/nofp\libc_nano.a(libc_a-reent.o)
                0x200006c0                errno
 .bss.__lock___malloc_recursive_mutex
                0x200006c4        0x1 C:/ST/STM32CubeIDE_1.18.0/STM32CubeIDE/plugins/com.st.stm32cube.ide.mcu.externaltools.gnu-tools-for-stm32.13.3.rel1.win32_1.0.0.202411081344/tools/bin/../lib/gcc/arm-none-eabi/13.3.1/../../../../arm-none-eabi/lib/thumb/v7-m/nofp\libc_nano.a(libc_a-lock.o)
                0x200006c4                __lock___malloc_recursive_mutex
 .bss.__lock___sfp_recursive_mutex
                0x200006c5        0x1 C:/ST/STM32CubeIDE_1.18.0/STM32CubeIDE/plugins/com.st.stm32cube.ide.mcu.externaltools.gnu-tools-for-stm32.13.3.rel1.win32_1.0.0.202411081344/tools/bin/../lib/gcc/arm-none-eabi/13.3.1/../../../../arm-none-eabi/lib/thumb/v7-m/nofp\libc_nano.a(libc_a-lock.o)
                0x200006c5                __lock___sfp_recursive_mutex
 *fill*         0x200006c6        0x2 
 .bss.__malloc_sbrk_start
                0x200006c8        0x4 C:/ST/STM32CubeIDE_1.18.0/STM32CubeIDE/plugins/com.st.stm32cube.ide.mcu.externaltools.gnu-tools-for-stm32.13.3.rel1.win32_1.0.0.202411081344/tools/bin/../lib/gcc/arm-none-eabi/13.3.1/../../../../arm-none-eabi/lib/thumb/v7-m/nofp\libc_nano.a(libc_a-mallocr.o)
                0x200006c8                __malloc_sbrk_start
 .bss.__malloc_free_list
                0x200006cc        0x4 C:/ST/STM32CubeIDE_1.18.0/STM32CubeIDE/plugins/com.st.stm32cube.ide.mcu.externaltools.gnu-tools-for-stm32.13.3.rel1.win32_1.0.0.202411081344/tools/bin/../lib/gcc/arm-none-eabi/13.3.1/../../../../arm-none-eabi/lib/thumb/v7-m/nofp\libc_nano.a(libc_a-mallocr.o)
                0x200006cc                __malloc_free_list
 *(COMMON)
                0x200006d0                        . = ALIGN (0x4)
                0x200006d0                        _ebss = .
                0x200006d0                        __bss_end__ = _ebss

._user_heap_stack
                0x200006d0      0x600 load address 0x08009f7c
                0x200006d0                        . = ALIGN (0x8)
                [!provide]                        PROVIDE (end = .)
                0x200006d0                        PROVIDE (_end = .)
                0x200008d0                        . = (. + _Min_Heap_Size)
 *fill*         0x200006d0      0x200 
                0x20000cd0                        . = (. + _Min_Stack_Size)
 *fill*         0x200008d0      0x400 
                0x20000cd0                        . = ALIGN (0x8)

/DISCARD/
 libc.a(*)
 libm.a(*)
 libgcc.a(*)

.ARM.attributes
                0x00000000       0x29
 *(.ARM.attributes)
 .ARM.attributes
                0x00000000       0x1d C:/ST/STM32CubeIDE_1.18.0/STM32CubeIDE/plugins/com.st.stm32cube.ide.mcu.externaltools.gnu-tools-for-stm32.13.3.rel1.win32_1.0.0.202411081344/tools/bin/../lib/gcc/arm-none-eabi/13.3.1/thumb/v7-m/nofp/crti.o
 .ARM.attributes
                0x0000001d       0x2d C:/ST/STM32CubeIDE_1.18.0/STM32CubeIDE/plugins/com.st.stm32cube.ide.mcu.externaltools.gnu-tools-for-stm32.13.3.rel1.win32_1.0.0.202411081344/tools/bin/../lib/gcc/arm-none-eabi/13.3.1/thumb/v7-m/nofp/crtbegin.o
 .ARM.attributes
                0x0000004a       0x2d ./Core/Src/command.o
 .ARM.attributes
                0x00000077       0x2d ./Core/Src/dcmi.o
 .ARM.attributes
                0x000000a4       0x2d ./Core/Src/fsmc.o
 .ARM.attributes
                0x000000d1       0x2d ./Core/Src/gpio.o
 .ARM.attributes
                0x000000fe       0x2d ./Core/Src/i2c.o
 .ARM.attributes
                0x0000012b       0x2d ./Core/Src/ls_comms.o
 .ARM.attributes
                0x00000158       0x2d ./Core/Src/main.o
 .ARM.attributes
                0x00000185       0x2d ./Core/Src/photo.o
 .ARM.attributes
                0x000001b2       0x2d ./Core/Src/spi.o
 .ARM.attributes
                0x000001df       0x2d ./Core/Src/stm32f2xx_hal_msp.o
 .ARM.attributes
                0x0000020c       0x2d ./Core/Src/stm32f2xx_it.o
 .ARM.attributes
                0x00000239       0x2d ./Core/Src/syscalls.o
 .ARM.attributes
                0x00000266       0x2d ./Core/Src/sysmem.o
 .ARM.attributes
                0x00000293       0x2d ./Core/Src/system_stm32f2xx.o
 .ARM.attributes
                0x000002c0       0x2d ./Core/Src/tim.o
 .ARM.attributes
                0x000002ed       0x2d ./Core/Src/usart.o
 .ARM.attributes
                0x0000031a       0x21 ./Core/Startup/startup_stm32f217zgtx.o
 .ARM.attributes
                0x0000033b       0x2d ./Drivers/STM32F2xx_HAL_Driver/stm32f2xx_hal.o
 .ARM.attributes
                0x00000368       0x2d ./Drivers/STM32F2xx_HAL_Driver/stm32f2xx_hal_cortex.o
 .ARM.attributes
                0x00000395       0x2d ./Drivers/STM32F2xx_HAL_Driver/stm32f2xx_hal_dcmi.o
 .ARM.attributes
                0x000003c2       0x2d ./Drivers/STM32F2xx_HAL_Driver/stm32f2xx_hal_dma.o
 .ARM.attributes
                0x000003ef       0x2d ./Drivers/STM32F2xx_HAL_Driver/stm32f2xx_hal_dma_ex.o
 .ARM.attributes
                0x0000041c       0x2d ./Drivers/STM32F2xx_HAL_Driver/stm32f2xx_hal_gpio.o
 .ARM.attributes
                0x00000449       0x2d ./Drivers/STM32F2xx_HAL_Driver/stm32f2xx_hal_i2c.o
 .ARM.attributes
                0x00000476       0x2d ./Drivers/STM32F2xx_HAL_Driver/stm32f2xx_hal_rcc.o
 .ARM.attributes
                0x000004a3       0x2d ./Drivers/STM32F2xx_HAL_Driver/stm32f2xx_hal_spi.o
 .ARM.attributes
                0x000004d0       0x2d ./Drivers/STM32F2xx_HAL_Driver/stm32f2xx_hal_sram.o
 .ARM.attributes
                0x000004fd       0x2d ./Drivers/STM32F2xx_HAL_Driver/stm32f2xx_hal_tim.o
 .ARM.attributes
                0x0000052a       0x2d ./Drivers/STM32F2xx_HAL_Driver/stm32f2xx_hal_uart.o
 .ARM.attributes
                0x00000557       0x2d ./Drivers/STM32F2xx_HAL_Driver/stm32f2xx_ll_fsmc.o
 .ARM.attributes
                0x00000584       0x2d C:/ST/STM32CubeIDE_1.18.0/STM32CubeIDE/plugins/com.st.stm32cube.ide.mcu.externaltools.gnu-tools-for-stm32.13.3.rel1.win32_1.0.0.202411081344/tools/bin/../lib/gcc/arm-none-eabi/13.3.1/../../../../arm-none-eabi/lib/thumb/v7-m/nofp\libc_nano.a(libc_a-assert.o)
 .ARM.attributes
                0x000005b1       0x2d C:/ST/STM32CubeIDE_1.18.0/STM32CubeIDE/plugins/com.st.stm32cube.ide.mcu.externaltools.gnu-tools-for-stm32.13.3.rel1.win32_1.0.0.202411081344/tools/bin/../lib/gcc/arm-none-eabi/13.3.1/../../../../arm-none-eabi/lib/thumb/v7-m/nofp\libc_nano.a(libc_a-findfp.o)
 .ARM.attributes
                0x000005de       0x2d C:/ST/STM32CubeIDE_1.18.0/STM32CubeIDE/plugins/com.st.stm32cube.ide.mcu.externaltools.gnu-tools-for-stm32.13.3.rel1.win32_1.0.0.202411081344/tools/bin/../lib/gcc/arm-none-eabi/13.3.1/../../../../arm-none-eabi/lib/thumb/v7-m/nofp\libc_nano.a(libc_a-fprintf.o)
 .ARM.attributes
                0x0000060b       0x2d C:/ST/STM32CubeIDE_1.18.0/STM32CubeIDE/plugins/com.st.stm32cube.ide.mcu.externaltools.gnu-tools-for-stm32.13.3.rel1.win32_1.0.0.202411081344/tools/bin/../lib/gcc/arm-none-eabi/13.3.1/../../../../arm-none-eabi/lib/thumb/v7-m/nofp\libc_nano.a(libc_a-fwalk.o)
 .ARM.attributes
                0x00000638       0x2d C:/ST/STM32CubeIDE_1.18.0/STM32CubeIDE/plugins/com.st.stm32cube.ide.mcu.externaltools.gnu-tools-for-stm32.13.3.rel1.win32_1.0.0.202411081344/tools/bin/../lib/gcc/arm-none-eabi/13.3.1/../../../../arm-none-eabi/lib/thumb/v7-m/nofp\libc_nano.a(libc_a-snprintf.o)
 .ARM.attributes
                0x00000665       0x2d C:/ST/STM32CubeIDE_1.18.0/STM32CubeIDE/plugins/com.st.stm32cube.ide.mcu.externaltools.gnu-tools-for-stm32.13.3.rel1.win32_1.0.0.202411081344/tools/bin/../lib/gcc/arm-none-eabi/13.3.1/../../../../arm-none-eabi/lib/thumb/v7-m/nofp\libc_nano.a(libc_a-sprintf.o)
 .ARM.attributes
                0x00000692       0x2d C:/ST/STM32CubeIDE_1.18.0/STM32CubeIDE/plugins/com.st.stm32cube.ide.mcu.externaltools.gnu-tools-for-stm32.13.3.rel1.win32_1.0.0.202411081344/tools/bin/../lib/gcc/arm-none-eabi/13.3.1/../../../../arm-none-eabi/lib/thumb/v7-m/nofp\libc_nano.a(libc_a-stdio.o)
 .ARM.attributes
                0x000006bf       0x2d C:/ST/STM32CubeIDE_1.18.0/STM32CubeIDE/plugins/com.st.stm32cube.ide.mcu.externaltools.gnu-tools-for-stm32.13.3.rel1.win32_1.0.0.202411081344/tools/bin/../lib/gcc/arm-none-eabi/13.3.1/../../../../arm-none-eabi/lib/thumb/v7-m/nofp\libc_nano.a(libc_a-memset.o)
 .ARM.attributes
                0x000006ec       0x2d C:/ST/STM32CubeIDE_1.18.0/STM32CubeIDE/plugins/com.st.stm32cube.ide.mcu.externaltools.gnu-tools-for-stm32.13.3.rel1.win32_1.0.0.202411081344/tools/bin/../lib/gcc/arm-none-eabi/13.3.1/../../../../arm-none-eabi/lib/thumb/v7-m/nofp\libc_nano.a(libc_a-closer.o)
 .ARM.attributes
                0x00000719       0x2d C:/ST/STM32CubeIDE_1.18.0/STM32CubeIDE/plugins/com.st.stm32cube.ide.mcu.externaltools.gnu-tools-for-stm32.13.3.rel1.win32_1.0.0.202411081344/tools/bin/../lib/gcc/arm-none-eabi/13.3.1/../../../../arm-none-eabi/lib/thumb/v7-m/nofp\libc_nano.a(libc_a-reent.o)
 .ARM.attributes
                0x00000746       0x2d C:/ST/STM32CubeIDE_1.18.0/STM32CubeIDE/plugins/com.st.stm32cube.ide.mcu.externaltools.gnu-tools-for-stm32.13.3.rel1.win32_1.0.0.202411081344/tools/bin/../lib/gcc/arm-none-eabi/13.3.1/../../../../arm-none-eabi/lib/thumb/v7-m/nofp\libc_nano.a(libc_a-impure.o)
 .ARM.attributes
                0x00000773       0x2d C:/ST/STM32CubeIDE_1.18.0/STM32CubeIDE/plugins/com.st.stm32cube.ide.mcu.externaltools.gnu-tools-for-stm32.13.3.rel1.win32_1.0.0.202411081344/tools/bin/../lib/gcc/arm-none-eabi/13.3.1/../../../../arm-none-eabi/lib/thumb/v7-m/nofp\libc_nano.a(libc_a-lseekr.o)
 .ARM.attributes
                0x000007a0       0x2d C:/ST/STM32CubeIDE_1.18.0/STM32CubeIDE/plugins/com.st.stm32cube.ide.mcu.externaltools.gnu-tools-for-stm32.13.3.rel1.win32_1.0.0.202411081344/tools/bin/../lib/gcc/arm-none-eabi/13.3.1/../../../../arm-none-eabi/lib/thumb/v7-m/nofp\libc_nano.a(libc_a-readr.o)
 .ARM.attributes
                0x000007cd       0x2d C:/ST/STM32CubeIDE_1.18.0/STM32CubeIDE/plugins/com.st.stm32cube.ide.mcu.externaltools.gnu-tools-for-stm32.13.3.rel1.win32_1.0.0.202411081344/tools/bin/../lib/gcc/arm-none-eabi/13.3.1/../../../../arm-none-eabi/lib/thumb/v7-m/nofp\libc_nano.a(libc_a-writer.o)
 .ARM.attributes
                0x000007fa       0x2d C:/ST/STM32CubeIDE_1.18.0/STM32CubeIDE/plugins/com.st.stm32cube.ide.mcu.externaltools.gnu-tools-for-stm32.13.3.rel1.win32_1.0.0.202411081344/tools/bin/../lib/gcc/arm-none-eabi/13.3.1/../../../../arm-none-eabi/lib/thumb/v7-m/nofp\libc_nano.a(libc_a-errno.o)
 .ARM.attributes
                0x00000827       0x2d C:/ST/STM32CubeIDE_1.18.0/STM32CubeIDE/plugins/com.st.stm32cube.ide.mcu.externaltools.gnu-tools-for-stm32.13.3.rel1.win32_1.0.0.202411081344/tools/bin/../lib/gcc/arm-none-eabi/13.3.1/../../../../arm-none-eabi/lib/thumb/v7-m/nofp\libc_nano.a(libc_a-init.o)
 .ARM.attributes
                0x00000854       0x2d C:/ST/STM32CubeIDE_1.18.0/STM32CubeIDE/plugins/com.st.stm32cube.ide.mcu.externaltools.gnu-tools-for-stm32.13.3.rel1.win32_1.0.0.202411081344/tools/bin/../lib/gcc/arm-none-eabi/13.3.1/../../../../arm-none-eabi/lib/thumb/v7-m/nofp\libc_nano.a(libc_a-lock.o)
 .ARM.attributes
                0x00000881       0x2d C:/ST/STM32CubeIDE_1.18.0/STM32CubeIDE/plugins/com.st.stm32cube.ide.mcu.externaltools.gnu-tools-for-stm32.13.3.rel1.win32_1.0.0.202411081344/tools/bin/../lib/gcc/arm-none-eabi/13.3.1/../../../../arm-none-eabi/lib/thumb/v7-m/nofp\libc_nano.a(libc_a-memcpy-stub.o)
 .ARM.attributes
                0x000008ae       0x2d C:/ST/STM32CubeIDE_1.18.0/STM32CubeIDE/plugins/com.st.stm32cube.ide.mcu.externaltools.gnu-tools-for-stm32.13.3.rel1.win32_1.0.0.202411081344/tools/bin/../lib/gcc/arm-none-eabi/13.3.1/../../../../arm-none-eabi/lib/thumb/v7-m/nofp\libc_nano.a(libc_a-abort.o)
 .ARM.attributes
                0x000008db       0x2d C:/ST/STM32CubeIDE_1.18.0/STM32CubeIDE/plugins/com.st.stm32cube.ide.mcu.externaltools.gnu-tools-for-stm32.13.3.rel1.win32_1.0.0.202411081344/tools/bin/../lib/gcc/arm-none-eabi/13.3.1/../../../../arm-none-eabi/lib/thumb/v7-m/nofp\libc_nano.a(libc_a-freer.o)
 .ARM.attributes
                0x00000908       0x2d C:/ST/STM32CubeIDE_1.18.0/STM32CubeIDE/plugins/com.st.stm32cube.ide.mcu.externaltools.gnu-tools-for-stm32.13.3.rel1.win32_1.0.0.202411081344/tools/bin/../lib/gcc/arm-none-eabi/13.3.1/../../../../arm-none-eabi/lib/thumb/v7-m/nofp\libc_nano.a(libc_a-mallocr.o)
 .ARM.attributes
                0x00000935       0x2d C:/ST/STM32CubeIDE_1.18.0/STM32CubeIDE/plugins/com.st.stm32cube.ide.mcu.externaltools.gnu-tools-for-stm32.13.3.rel1.win32_1.0.0.202411081344/tools/bin/../lib/gcc/arm-none-eabi/13.3.1/../../../../arm-none-eabi/lib/thumb/v7-m/nofp\libc_nano.a(libc_a-mlock.o)
 .ARM.attributes
                0x00000962       0x2d C:/ST/STM32CubeIDE_1.18.0/STM32CubeIDE/plugins/com.st.stm32cube.ide.mcu.externaltools.gnu-tools-for-stm32.13.3.rel1.win32_1.0.0.202411081344/tools/bin/../lib/gcc/arm-none-eabi/13.3.1/../../../../arm-none-eabi/lib/thumb/v7-m/nofp\libc_nano.a(libc_a-nano-svfprintf.o)
 .ARM.attributes
                0x0000098f       0x2d C:/ST/STM32CubeIDE_1.18.0/STM32CubeIDE/plugins/com.st.stm32cube.ide.mcu.externaltools.gnu-tools-for-stm32.13.3.rel1.win32_1.0.0.202411081344/tools/bin/../lib/gcc/arm-none-eabi/13.3.1/../../../../arm-none-eabi/lib/thumb/v7-m/nofp\libc_nano.a(libc_a-nano-vfprintf.o)
 .ARM.attributes
                0x000009bc       0x2d C:/ST/STM32CubeIDE_1.18.0/STM32CubeIDE/plugins/com.st.stm32cube.ide.mcu.externaltools.gnu-tools-for-stm32.13.3.rel1.win32_1.0.0.202411081344/tools/bin/../lib/gcc/arm-none-eabi/13.3.1/../../../../arm-none-eabi/lib/thumb/v7-m/nofp\libc_nano.a(libc_a-nano-vfprintf_i.o)
 .ARM.attributes
                0x000009e9       0x2d C:/ST/STM32CubeIDE_1.18.0/STM32CubeIDE/plugins/com.st.stm32cube.ide.mcu.externaltools.gnu-tools-for-stm32.13.3.rel1.win32_1.0.0.202411081344/tools/bin/../lib/gcc/arm-none-eabi/13.3.1/../../../../arm-none-eabi/lib/thumb/v7-m/nofp\libc_nano.a(libc_a-fflush.o)
 .ARM.attributes
                0x00000a16       0x2d C:/ST/STM32CubeIDE_1.18.0/STM32CubeIDE/plugins/com.st.stm32cube.ide.mcu.externaltools.gnu-tools-for-stm32.13.3.rel1.win32_1.0.0.202411081344/tools/bin/../lib/gcc/arm-none-eabi/13.3.1/../../../../arm-none-eabi/lib/thumb/v7-m/nofp\libc_nano.a(libc_a-wbuf.o)
 .ARM.attributes
                0x00000a43       0x2d C:/ST/STM32CubeIDE_1.18.0/STM32CubeIDE/plugins/com.st.stm32cube.ide.mcu.externaltools.gnu-tools-for-stm32.13.3.rel1.win32_1.0.0.202411081344/tools/bin/../lib/gcc/arm-none-eabi/13.3.1/../../../../arm-none-eabi/lib/thumb/v7-m/nofp\libc_nano.a(libc_a-wsetup.o)
 .ARM.attributes
                0x00000a70       0x2d C:/ST/STM32CubeIDE_1.18.0/STM32CubeIDE/plugins/com.st.stm32cube.ide.mcu.externaltools.gnu-tools-for-stm32.13.3.rel1.win32_1.0.0.202411081344/tools/bin/../lib/gcc/arm-none-eabi/13.3.1/../../../../arm-none-eabi/lib/thumb/v7-m/nofp\libc_nano.a(libc_a-memmove.o)
 .ARM.attributes
                0x00000a9d       0x2d C:/ST/STM32CubeIDE_1.18.0/STM32CubeIDE/plugins/com.st.stm32cube.ide.mcu.externaltools.gnu-tools-for-stm32.13.3.rel1.win32_1.0.0.202411081344/tools/bin/../lib/gcc/arm-none-eabi/13.3.1/../../../../arm-none-eabi/lib/thumb/v7-m/nofp\libc_nano.a(libc_a-signal.o)
 .ARM.attributes
                0x00000aca       0x2d C:/ST/STM32CubeIDE_1.18.0/STM32CubeIDE/plugins/com.st.stm32cube.ide.mcu.externaltools.gnu-tools-for-stm32.13.3.rel1.win32_1.0.0.202411081344/tools/bin/../lib/gcc/arm-none-eabi/13.3.1/../../../../arm-none-eabi/lib/thumb/v7-m/nofp\libc_nano.a(libc_a-signalr.o)
 .ARM.attributes
                0x00000af7       0x2d C:/ST/STM32CubeIDE_1.18.0/STM32CubeIDE/plugins/com.st.stm32cube.ide.mcu.externaltools.gnu-tools-for-stm32.13.3.rel1.win32_1.0.0.202411081344/tools/bin/../lib/gcc/arm-none-eabi/13.3.1/../../../../arm-none-eabi/lib/thumb/v7-m/nofp\libc_nano.a(libc_a-sbrkr.o)
 .ARM.attributes
                0x00000b24       0x2d C:/ST/STM32CubeIDE_1.18.0/STM32CubeIDE/plugins/com.st.stm32cube.ide.mcu.externaltools.gnu-tools-for-stm32.13.3.rel1.win32_1.0.0.202411081344/tools/bin/../lib/gcc/arm-none-eabi/13.3.1/../../../../arm-none-eabi/lib/thumb/v7-m/nofp\libc_nano.a(libc_a-memchr-stub.o)
 .ARM.attributes
                0x00000b51       0x2d C:/ST/STM32CubeIDE_1.18.0/STM32CubeIDE/plugins/com.st.stm32cube.ide.mcu.externaltools.gnu-tools-for-stm32.13.3.rel1.win32_1.0.0.202411081344/tools/bin/../lib/gcc/arm-none-eabi/13.3.1/../../../../arm-none-eabi/lib/thumb/v7-m/nofp\libc_nano.a(libc_a-reallocr.o)
 .ARM.attributes
                0x00000b7e       0x2d C:/ST/STM32CubeIDE_1.18.0/STM32CubeIDE/plugins/com.st.stm32cube.ide.mcu.externaltools.gnu-tools-for-stm32.13.3.rel1.win32_1.0.0.202411081344/tools/bin/../lib/gcc/arm-none-eabi/13.3.1/../../../../arm-none-eabi/lib/thumb/v7-m/nofp\libc_nano.a(libc_a-makebuf.o)
 .ARM.attributes
                0x00000bab       0x2d C:/ST/STM32CubeIDE_1.18.0/STM32CubeIDE/plugins/com.st.stm32cube.ide.mcu.externaltools.gnu-tools-for-stm32.13.3.rel1.win32_1.0.0.202411081344/tools/bin/../lib/gcc/arm-none-eabi/13.3.1/../../../../arm-none-eabi/lib/thumb/v7-m/nofp\libc_nano.a(libc_a-fstatr.o)
 .ARM.attributes
                0x00000bd8       0x2d C:/ST/STM32CubeIDE_1.18.0/STM32CubeIDE/plugins/com.st.stm32cube.ide.mcu.externaltools.gnu-tools-for-stm32.13.3.rel1.win32_1.0.0.202411081344/tools/bin/../lib/gcc/arm-none-eabi/13.3.1/../../../../arm-none-eabi/lib/thumb/v7-m/nofp\libc_nano.a(libc_a-isattyr.o)
 .ARM.attributes
                0x00000c05       0x2d C:/ST/STM32CubeIDE_1.18.0/STM32CubeIDE/plugins/com.st.stm32cube.ide.mcu.externaltools.gnu-tools-for-stm32.13.3.rel1.win32_1.0.0.202411081344/tools/bin/../lib/gcc/arm-none-eabi/13.3.1/../../../../arm-none-eabi/lib/thumb/v7-m/nofp\libc_nano.a(libc_a-msizer.o)
 .ARM.attributes
                0x00000c32       0x1d C:/ST/STM32CubeIDE_1.18.0/STM32CubeIDE/plugins/com.st.stm32cube.ide.mcu.externaltools.gnu-tools-for-stm32.13.3.rel1.win32_1.0.0.202411081344/tools/bin/../lib/gcc/arm-none-eabi/13.3.1/thumb/v7-m/nofp\libgcc.a(_arm_addsubsf3.o)
 .ARM.attributes
                0x00000c4f       0x1d C:/ST/STM32CubeIDE_1.18.0/STM32CubeIDE/plugins/com.st.stm32cube.ide.mcu.externaltools.gnu-tools-for-stm32.13.3.rel1.win32_1.0.0.202411081344/tools/bin/../lib/gcc/arm-none-eabi/13.3.1/thumb/v7-m/nofp\libgcc.a(_arm_muldivsf3.o)
 .ARM.attributes
                0x00000c6c       0x1d C:/ST/STM32CubeIDE_1.18.0/STM32CubeIDE/plugins/com.st.stm32cube.ide.mcu.externaltools.gnu-tools-for-stm32.13.3.rel1.win32_1.0.0.202411081344/tools/bin/../lib/gcc/arm-none-eabi/13.3.1/thumb/v7-m/nofp\libgcc.a(_arm_cmpsf2.o)
 .ARM.attributes
                0x00000c89       0x1d C:/ST/STM32CubeIDE_1.18.0/STM32CubeIDE/plugins/com.st.stm32cube.ide.mcu.externaltools.gnu-tools-for-stm32.13.3.rel1.win32_1.0.0.202411081344/tools/bin/../lib/gcc/arm-none-eabi/13.3.1/thumb/v7-m/nofp\libgcc.a(_arm_fixsfsi.o)
 .ARM.attributes
                0x00000ca6       0x1d C:/ST/STM32CubeIDE_1.18.0/STM32CubeIDE/plugins/com.st.stm32cube.ide.mcu.externaltools.gnu-tools-for-stm32.13.3.rel1.win32_1.0.0.202411081344/tools/bin/../lib/gcc/arm-none-eabi/13.3.1/thumb/v7-m/nofp\libgcc.a(_aeabi_uldivmod.o)
 .ARM.attributes
                0x00000cc3       0x2d C:/ST/STM32CubeIDE_1.18.0/STM32CubeIDE/plugins/com.st.stm32cube.ide.mcu.externaltools.gnu-tools-for-stm32.13.3.rel1.win32_1.0.0.202411081344/tools/bin/../lib/gcc/arm-none-eabi/13.3.1/thumb/v7-m/nofp\libgcc.a(_udivmoddi4.o)
 .ARM.attributes
                0x00000cf0       0x1d C:/ST/STM32CubeIDE_1.18.0/STM32CubeIDE/plugins/com.st.stm32cube.ide.mcu.externaltools.gnu-tools-for-stm32.13.3.rel1.win32_1.0.0.202411081344/tools/bin/../lib/gcc/arm-none-eabi/13.3.1/thumb/v7-m/nofp\libgcc.a(_dvmd_tls.o)
 .ARM.attributes
                0x00000d0d       0x1d C:/ST/STM32CubeIDE_1.18.0/STM32CubeIDE/plugins/com.st.stm32cube.ide.mcu.externaltools.gnu-tools-for-stm32.13.3.rel1.win32_1.0.0.202411081344/tools/bin/../lib/gcc/arm-none-eabi/13.3.1/thumb/v7-m/nofp/crtn.o
OUTPUT(Unsam-SpaceSnap.elf elf32-littlearm)
LOAD linker stubs
LOAD C:/ST/STM32CubeIDE_1.18.0/STM32CubeIDE/plugins/com.st.stm32cube.ide.mcu.externaltools.gnu-tools-for-stm32.13.3.rel1.win32_1.0.0.202411081344/tools/bin/../lib/gcc/arm-none-eabi/13.3.1/../../../../arm-none-eabi/lib/thumb/v7-m/nofp\libc.a
LOAD C:/ST/STM32CubeIDE_1.18.0/STM32CubeIDE/plugins/com.st.stm32cube.ide.mcu.externaltools.gnu-tools-for-stm32.13.3.rel1.win32_1.0.0.202411081344/tools/bin/../lib/gcc/arm-none-eabi/13.3.1/../../../../arm-none-eabi/lib/thumb/v7-m/nofp\libm.a
LOAD C:/ST/STM32CubeIDE_1.18.0/STM32CubeIDE/plugins/com.st.stm32cube.ide.mcu.externaltools.gnu-tools-for-stm32.13.3.rel1.win32_1.0.0.202411081344/tools/bin/../lib/gcc/arm-none-eabi/13.3.1/thumb/v7-m/nofp\libgcc.a

.debug_info     0x00000000    0x17fb6
 .debug_info    0x00000000      0x99b ./Core/Src/command.o
 .debug_info    0x0000099b      0x963 ./Core/Src/dcmi.o
 .debug_info    0x000012fe      0x96d ./Core/Src/fsmc.o
 .debug_info    0x00001c6b      0x479 ./Core/Src/gpio.o
 .debug_info    0x000020e4      0x9dc ./Core/Src/i2c.o
 .debug_info    0x00002ac0      0xab3 ./Core/Src/ls_comms.o
 .debug_info    0x00003573      0xbf8 ./Core/Src/main.o
 .debug_info    0x0000416b     0x2802 ./Core/Src/photo.o
 .debug_info    0x0000696d      0x94d ./Core/Src/spi.o
 .debug_info    0x000072ba      0x269 ./Core/Src/stm32f2xx_hal_msp.o
 .debug_info    0x00007523      0x112 ./Core/Src/stm32f2xx_it.o
 .debug_info    0x00007635      0x6a3 ./Core/Src/syscalls.o
 .debug_info    0x00007cd8      0x168 ./Core/Src/sysmem.o
 .debug_info    0x00007e40      0x31f ./Core/Src/system_stm32f2xx.o
 .debug_info    0x0000815f      0xb06 ./Core/Src/tim.o
 .debug_info    0x00008c65      0x9ef ./Core/Src/usart.o
 .debug_info    0x00009654       0x30 ./Core/Startup/startup_stm32f217zgtx.o
 .debug_info    0x00009684      0x9c9 ./Drivers/STM32F2xx_HAL_Driver/stm32f2xx_hal.o
 .debug_info    0x0000a04d      0xd81 ./Drivers/STM32F2xx_HAL_Driver/stm32f2xx_hal_cortex.o