C:/Users/Us/STM32Cube/Repository/STM32Cube_FW_F2_V1.9.5/Drivers/STM32F2xx_HAL_Driver/Src/stm32f2xx_hal_dcmi.c:195:19:HAL_DCMI_Init	16	static
C:/Users/Us/STM32Cube/Repository/STM32Cube_FW_F2_V1.9.5/Drivers/STM32F2xx_HAL_Driver/Src/stm32f2xx_hal_dcmi.c:278:19:HAL_DCMI_DeInit	16	static
C:/Users/Us/STM32Cube/Repository/STM32Cube_FW_F2_V1.9.5/Drivers/STM32F2xx_HAL_Driver/Src/stm32f2xx_hal_dcmi.c:310:13:HAL_DCMI_MspInit	16	static
C:/Users/Us/STM32Cube/Repository/STM32Cube_FW_F2_V1.9.5/Drivers/STM32F2xx_HAL_Driver/Src/stm32f2xx_hal_dcmi.c:326:13:HAL_DCMI_MspDeInit	16	static
C:/Users/Us/STM32Cube/Repository/STM32Cube_FW_F2_V1.9.5/Drivers/STM32F2xx_HAL_Driver/Src/stm32f2xx_hal_dcmi.c:365:19:HAL_DCMI_Start_DMA	40	static
C:/Users/Us/STM32Cube/Repository/STM32Cube_FW_F2_V1.9.5/Drivers/STM32F2xx_HAL_Driver/Src/stm32f2xx_hal_dcmi.c:471:19:HAL_DCMI_Stop	24	static
C:/Users/Us/STM32Cube/Repository/STM32Cube_FW_F2_V1.9.5/Drivers/STM32F2xx_HAL_Driver/Src/stm32f2xx_hal_dcmi.c:524:19:HAL_DCMI_Suspend	24	static
C:/Users/Us/STM32Cube/Repository/STM32Cube_FW_F2_V1.9.5/Drivers/STM32F2xx_HAL_Driver/Src/stm32f2xx_hal_dcmi.c:570:19:HAL_DCMI_Resume	16	static
C:/Users/Us/STM32Cube/Repository/STM32Cube_FW_F2_V1.9.5/Drivers/STM32F2xx_HAL_Driver/Src/stm32f2xx_hal_dcmi.c:596:6:HAL_DCMI_IRQHandler	24	static
C:/Users/Us/STM32Cube/Repository/STM32Cube_FW_F2_V1.9.5/Drivers/STM32F2xx_HAL_Driver/Src/stm32f2xx_hal_dcmi.c:702:13:HAL_DCMI_ErrorCallback	16	static
C:/Users/Us/STM32Cube/Repository/STM32Cube_FW_F2_V1.9.5/Drivers/STM32F2xx_HAL_Driver/Src/stm32f2xx_hal_dcmi.c:718:13:HAL_DCMI_LineEventCallback	16	static
C:/Users/Us/STM32Cube/Repository/STM32Cube_FW_F2_V1.9.5/Drivers/STM32F2xx_HAL_Driver/Src/stm32f2xx_hal_dcmi.c:733:13:HAL_DCMI_VsyncEventCallback	16	static
C:/Users/Us/STM32Cube/Repository/STM32Cube_FW_F2_V1.9.5/Drivers/STM32F2xx_HAL_Driver/Src/stm32f2xx_hal_dcmi.c:749:13:HAL_DCMI_FrameEventCallback	16	static
C:/Users/Us/STM32Cube/Repository/STM32Cube_FW_F2_V1.9.5/Drivers/STM32F2xx_HAL_Driver/Src/stm32f2xx_hal_dcmi.c:789:19:HAL_DCMI_ConfigCrop	24	static
C:/Users/Us/STM32Cube/Repository/STM32Cube_FW_F2_V1.9.5/Drivers/STM32F2xx_HAL_Driver/Src/stm32f2xx_hal_dcmi.c:823:19:HAL_DCMI_DisableCrop	16	static
C:/Users/Us/STM32Cube/Repository/STM32Cube_FW_F2_V1.9.5/Drivers/STM32F2xx_HAL_Driver/Src/stm32f2xx_hal_dcmi.c:849:19:HAL_DCMI_EnableCrop	16	static
C:/Users/Us/STM32Cube/Repository/STM32Cube_FW_F2_V1.9.5/Drivers/STM32F2xx_HAL_Driver/Src/stm32f2xx_hal_dcmi.c:877:20:HAL_DCMI_ConfigSyncUnmask	16	static
C:/Users/Us/STM32Cube/Repository/STM32Cube_FW_F2_V1.9.5/Drivers/STM32F2xx_HAL_Driver/Src/stm32f2xx_hal_dcmi.c:926:23:HAL_DCMI_GetState	16	static
C:/Users/Us/STM32Cube/Repository/STM32Cube_FW_F2_V1.9.5/Drivers/STM32F2xx_HAL_Driver/Src/stm32f2xx_hal_dcmi.c:937:10:HAL_DCMI_GetError	16	static
C:/Users/Us/STM32Cube/Repository/STM32Cube_FW_F2_V1.9.5/Drivers/STM32F2xx_HAL_Driver/Src/stm32f2xx_hal_dcmi.c:1142:13:DCMI_DMAXferCplt	24	static
C:/Users/Us/STM32Cube/Repository/STM32Cube_FW_F2_V1.9.5/Drivers/STM32F2xx_HAL_Driver/Src/stm32f2xx_hal_dcmi.c:1207:13:DCMI_DMAError	24	static
