../Core/Inc/jpeg.h:185:21:floorf_custom	24	static
../Core/Inc/jpeg.h:377:17:tjei_be_word	24	static
../Core/Inc/jpeg.h:460:13:tjei_write	32	static
../Core/Inc/jpeg.h:484:13:tjei_write_DQT	32	static
../Core/Inc/jpeg.h:503:13:tjei_write_DHT	40	static
../Core/Inc/jpeg.h:532:17:tjei_huff_get_code_lengths	32	static
../Core/Inc/jpeg.h:545:18:tjei_huff_get_codes	48	static
../Core/Inc/jpeg.h:565:13:tjei_huff_get_extended	40	static
../Core/Inc/jpeg.h:584:24:tjei_calculate_variable_length_int	24	static
../Core/Inc/jpeg.h:599:24:tjei_write_bits	32	static
../Core/Inc/jpeg.h:642:13:tjei_fdct	112	static
../Core/Inc/jpeg.h:772:13:tjei_encode_and_write_MCU	592	static
../Core/Inc/jpeg.h:893:13:tjei_huff_expand	3176	static
../Core/Inc/jpeg.h:934:12:tjei_encode_main	1552	static
../Core/Inc/jpeg.h:1174:13:tjei_memory_func	32	static
../Core/Inc/jpeg.h:1190:5:tje_encode_to_memory	64	static
../Core/Inc/jpeg.h:1217:5:tje_encode_with_func	4336	static
../Core/Src/photo.c:21:19:Camera_Init	8	static
../Core/Src/photo.c:29:19:CameraConfig	16	static
../Core/Src/photo.c:42:6:ActivateCameraA	8	static
../Core/Src/photo.c:49:6:ActivateCameraB	8	static
../Core/Src/photo.c:56:19:cam_write_reg16_uint16	32	static
../Core/Src/photo.c:70:19:cam_read_reg16_uint16	40	static
../Core/Src/photo.c:92:6:HAL_DCMI_XferCpltCallback	16	static
../Core/Src/photo.c:98:19:DCMICapture	16	static
../Core/Src/photo.c:110:6:ComputeBlackPercentage	40	static
../Core/Src/photo.c:134:19:CompressToJPEG	48	static
